05-12 08:30:57.370   949   991 V ShellDesktopMode: DesktopTasksController: skipping handleRequest reason=triggerTask's display doesn't support desktop mode
05-12 08:30:57.371   522   537 I libbinder.BpBinder: onLastStrongRef automatically unlinking death recipients for binder (0x798fea4618f0) with descriptor: '(not cached)'
05-12 08:30:57.377  1110  1110 D ViewRootImpl: Skipping stats log for color mode
05-12 08:30:57.377  1110  1110 D BaseActivity: Launcher flags updated: [state_started] +[state_started]
05-12 08:30:57.377  1110  1110 D BaseActivity: Launcher flags updated: [state_started|state_resumed|state_user_active] +[state_resumed|state_user_active]
05-12 08:30:57.377   683  1316 V WindowManager: Defer transition id=48 for TaskFragmentTransaction=android.os.Binder@fa05fe1
05-12 08:30:57.380  1110  1110 D BaseActivity: Launcher flags updated: [state_started|state_resumed|state_user_active] +[]
05-12 08:30:57.380  1110  1110 D BaseActivity: Launcher flags updated: [state_started|state_resumed|state_deferred_resumed|state_user_active] +[state_deferred_resumed]
05-12 08:30:57.380   949   991 D WindowManagerShell: setLauncherKeepClearAreaHeight: visible=true, height=662
05-12 08:30:57.380  1110  1110 D StatsLog: LAUNCHER_ONRESUME
05-12 08:30:57.381   683  1316 W ProcessStats: Tracking association SourceState{28afe6e system/1000 BFgs #4743} whose proc state 4 is better than process ProcessState{eab7b47 com.google.android.ext.services/10203 pkg=com.google.android.ext.services} proc state 14 (1 skipped)
05-12 08:30:57.384   949   991 V RecentTasksController: Notify recent tasks changed
05-12 08:30:57.388  1110  1110 D SmartspaceInteractor: notifySmartspaceEvent: SmartspaceTargetEvent{mSmartspaceTarget=null, mSmartspaceActionId='null', mEventType=6}
05-12 08:30:57.389   683  1477 D WindowManager: setClientSurface Surface(name=VRI-com.google.android.apps.nexuslauncher/com.google.android.apps.nexuslauncher.NexusLauncherActivity#424)/@0xd859106 for 3e91d9 com.google.android.apps.nexuslauncher/com.google.android.apps.nexuslauncher.NexusLauncherActivity
05-12 08:30:57.389  1110  1110 I Surface : Creating surface for consumer unnamed-1110-28 with slotExpansion=1 for 64 slots
05-12 08:30:57.391  1110  1110 I Surface : Creating surface for consumer VRI[NexusLauncherActivity]#18(BLAST Consumer)18 with slotExpansion=1 for 64 slots
05-12 08:30:57.391  1110  1169 D QuickstepModelDelegate: notifyAppTargetEvent action=1 launchLocation=workspace/0/[-1,-1]/[1,1]
05-12 08:30:57.392  1110  1110 D BaseDepthController: setSurface:
05-12 08:30:57.392  1110  1110 D BaseDepthController: 	mWaitingOnSurfaceValidity: false
05-12 08:30:57.392  1110  1110 D BaseDepthController: 	mBaseSurface: Surface(name=VRI-com.google.android.apps.nexuslauncher/com.google.android.apps.nexuslauncher.NexusLauncherActivity#424)/@0x5e63f31
05-12 08:30:57.392  1110  1110 V BaseDepthController: Applying blur: 0 to Surface(name=VRI-com.google.android.apps.nexuslauncher/com.google.android.apps.nexuslauncher.NexusLauncherActivity#424)/@0x5e63f31 applyImmediately: false
05-12 08:30:57.392  1110  1110 D BaseDepthController: shouldBlurWorkspace: false targetState: Normal currentStableState: Normal mCurrentBlur: 0 mLauncher.getDepthBlurTargets(): [com.android.launcher3.Workspace{b300616 V.ED..... .......D 0,0-1440,3120 #7f0a0486 app:id/workspace}, com.android.launcher3.Hotseat{517b97 V.ED..... .......D 0,2458-1440,3120 #7f0a01f6 app:id/hotseat}]
05-12 08:30:57.394   683   797 W InputDispatcher: channel '2b59155 com.techohns.moneymate/com.techohns.moneymate.MainActivity' ~ Consumer closed input channel or an error occurred.  events=0x9
05-12 08:30:57.395   683   797 E InputDispatcher: channel '2b59155 com.techohns.moneymate/com.techohns.moneymate.MainActivity' ~ Channel is unrecoverably broken and will be disposed!
05-12 08:30:57.395   534   534 I adbd    : Remote process closed the socket (on MSG_PEEK)
05-12 08:30:57.398   683  1084 I ImeTracker: com.techohns.moneymate:45450dd1: onRequestHide at ORIGIN_SERVER reason HIDE_REMOVE_CLIENT fromUser false userId 0 displayId 0
05-12 08:30:57.399   456   456 I Zygote  : Process 15597 exited due to signal 9 (Killed)
05-12 08:30:57.400   683   717 I libprocessgroup: Removed cgroup /sys/fs/cgroup/apps/uid_10229/pid_15597
05-12 08:30:57.401   683  1084 I ImeTracker: com.techohns.moneymate:45450dd1: onCancelled at PHASE_SERVER_SHOULD_HIDE
05-12 08:30:57.401   683   797 I WindowManager: WINDOW DIED Window{2b59155 u0 com.techohns.moneymate/com.techohns.moneymate.MainActivity}
05-12 08:30:57.402   949  1247 D WallpaperService: onVisibilityChanged(true): com.android.systemui.wallpapers.ImageWallpaper$CanvasEngine@2fae8a4
05-12 08:30:57.402   683  1737 I WindowManager: WIN DEATH: Window{2b59155 u0 com.techohns.moneymate/com.techohns.moneymate.MainActivity EXITING}
05-12 08:30:57.403  3106  3106 W InputChannel-JNI: Channel already disposed.
05-12 08:30:57.420  1110  1110 D RecentTasksList: invalidateLoadedTasks - previous requestLoadId: -1
05-12 08:30:57.432   683  1740 V ActivityManager: Got obituary of 15597:com.techohns.moneymate
05-12 08:30:57.432   683  1659 V WindowManager: Continue transition id=48 for TaskFragmentTransaction=android.os.Binder@fa05fe1
05-12 08:30:57.434   683   708 W ActivityManager: setHasOverlayUi called on unknown pid: 15597
05-12 08:30:57.439  1103  1103 D CarrierSvcBindHelper: onHandleForceStop: [com.techohns.moneymate]
05-12 08:30:57.441  1103  1103 D CarrierSvcBindHelper: No carrier app for: 0
05-12 08:30:57.445   949  2628 V WindowManagerShell: onTransitionReady(transaction=2933462666795)
05-12 08:30:57.445   949   991 V WindowManagerShell: onTransitionReady (#48) android.os.BinderProxy@d568f08: {id=48 t=CLOSE f=0x0 trk=0 r=[0@Point(0, 0)] c=[
05-12 08:30:57.445   949   991 V WindowManagerShell:         {m=TO_FRONT f=SHOW_WALLPAPER|MOVE_TO_TOP|FLAG_CHANGED_INTERACTIVE leash=Surface(name=Task=1#35)/@0x17790c6 sb=Rect(0, 0 - 1440, 3120) eb=Rect(0, 0 - 1440, 3120) epz=Point(1440, 3120) d=0 taskParent=-1 winMode=1 userId=0},
05-12 08:30:57.445   949   991 V WindowManagerShell:         {m=CLOSE f=FLAG_CHANGED_INTERACTIVE leash=Surface(name=Task=23#409)/@0xd292887 sb=Rect(0, 0 - 1440, 3120) eb=Rect(0, 0 - 1440, 3120) epz=Point(1440, 3120) d=0 taskParent=-1 winMode=1 userId=0},
05-12 08:30:57.445   949   991 V WindowManagerShell:         {m=TO_FRONT f=IS_WALLPAPER leash=Surface(name=WallpaperWindowToken{efea254}#54)/@0x44993b4 sb=Rect(0, 0 - 1440, 3120) eb=Rect(0, 0 - 1440, 3120) epz=Point(1440, 3120) d=0}
05-12 08:30:57.445   949   991 V WindowManagerShell:     ]}
05-12 08:30:57.447   949   991 V WindowManagerShell: Playing animation for (#48) android.os.BinderProxy@d568f08@0
05-12 08:30:57.448   949   991 D ShellSplitScreen: startAnimation: transition=48 isSplitActive=false
05-12 08:30:57.448   949   991 V ShellRecents: RecentsTransitionHandler.startAnimation: no controller found
05-12 08:30:57.449   949   991 V ShellDesktopMode: DesktopMixedTransitionHandler: No pending desktop transition
05-12 08:30:57.449   949   991 V WindowManagerShell: Transition doesn't have explicit remote, search filters for match for {id=48 t=CLOSE f=0x0 trk=0 r=[0@Point(0, 0)] c=[{m=TO_FRONT f=SHOW_WALLPAPER|MOVE_TO_TOP|FLAG_CHANGED_INTERACTIVE leash=Surface(name=Task=1#35)/@0x17790c6 sb=Rect(0, 0 - 1440, 3120) eb=Rect(0, 0 - 1440, 3120) epz=Point(1440, 3120) d=0 taskParent=-1 winMode=1 userId=0},{m=CLOSE f=FLAG_CHANGED_INTERACTIVE leash=Surface(name=Task=23#409)/@0xd292887 sb=Rect(0, 0 - 1440, 3120) eb=Rect(0, 0 - 1440, 3120) epz=Point(1440, 3120) d=0 taskParent=-1 winMode=1 userId=0},{m=TO_FRONT f=IS_WALLPAPER leash=Surface(name=WallpaperWindowToken{efea254}#54)/@0x44993b4 sb=Rect(0, 0 - 1440, 3120) eb=Rect(0, 0 - 1440, 3120) epz=Point(1440, 3120) d=0}]}
05-12 08:30:57.449   949   991 V WindowManagerShell:  Checking filter Pair{{types=[] flags=0x0 notFlags=0x0 checks=[{atype=undefined independent=true modes=[CLOSE,TO_BACK] flags=IN_TASK_WITH_EMBEDDED_ACTIVITY mustBeTask=false order=ANY topActivity=null launchCookie=null taskFragmentToken=android.os.BinderProxy@865d080 windowingMode=undefined isCrossDisplayMove=false}]} RemoteTransition { remoteTransition = android.window.IRemoteTransition$Stub$Proxy@be0f6b9, appThread = android.app.IApplicationThread$Stub$Proxy@60b9afe, debugName = overlayBackTransition, filter = {types=[] flags=0x0 notFlags=0x0 checks=[{atype=undefined independent=true modes=[CLOSE,TO_BACK] flags=IN_TASK_WITH_EMBEDDED_ACTIVITY mustBeTask=false order=ANY topActivity=null launchCookie=null taskFragmentToken=android.os.BinderProxy@865d080 windowingMode=undefined isCrossDisplayMove=false}]} }}
05-12 08:30:57.449   949   991 V WindowManagerShell:  Checking filter Pair{{types=[] flags=0x0 notFlags=0x0 checks=[{atype=dream independent=true modes=[OPEN,TO_FRONT] flags=NONE mustBeTask=false order=ANY topActivity=null launchCookie=null windowingMode=undefined isCrossDisplayMove=false},{atype=home independent=true modes=[CLOSE,TO_BACK] flags=NONE mustBeTask=false order=ANY topActivity=null launchCookie=null windowingMode=undefined isCrossDisplayMove=false}]} RemoteTransition { remoteTransition = android.window.IRemoteTransition$Stub$Proxy@a9e925f, appThread = android.app.IApplicationThread$Stub$Proxy@a9774ac, debugName = LauncherToDream, filter = {types=[] flags=0x0 notFlags=0x0 checks=[{atype=dream independent=true modes=[OPEN,TO_FRONT] flags=NONE mustBeTask=false order=ANY topActivity=null launchCookie=null windowingMode=undefined isCrossDisplayMove=false},{atype=home independent=true modes=[CLOSE,TO_BACK] flags=NONE mustBeTask=false order=ANY topActivity=null launchCookie=null windowingMode=undefined isCrossDisplayMove=false}]} }}
05-12 08:30:57.449   949   991 V WindowManagerShell:  Checking filter Pair{{types=[] flags=0x0 notFlags=0x0 checks=[{atype=standard independent=false modes=[CHANGE] flags=NONE mustBeTask=true order=ANY topActivity=null launchCookie=null windowingMode=undefined isCrossDisplayMove=true}]} RemoteTransition { remoteTransition = android.window.IRemoteTransition$Stub$Proxy@1114575, appThread = android.app.IApplicationThread$Stub$Proxy@502690a, debugName = QuickstepDisplayMove, filter = {types=[] flags=0x0 notFlags=0x0 checks=[{atype=standard independent=false modes=[CHANGE] flags=NONE mustBeTask=true order=ANY topActivity=null launchCookie=null windowingMode=undefined isCrossDisplayMove=true}]} }}
05-12 08:30:57.449   949   991 V WindowManagerShell:  Checking filter Pair{{types=[] flags=0x0 notFlags=0x100 checks=[{atype=home independent=true modes=[OPEN,TO_FRONT] flags=NONE mustBeTask=false order=ANY topActivity=ComponentInfo{com.google.android.apps.nexuslauncher/com.google.android.apps.nexuslauncher.NexusLauncherActivity} launchCookie=null windowingMode=undefined isCrossDisplayMove=false},{atype=standard independent=true modes=[CLOSE,TO_BACK] flags=NONE mustBeTask=false order=ANY topActivity=null launchCookie=null windowingMode=undefined isCrossDisplayMove=false},{NOT atype=undefined independent=true modes=[] flags=NONE mustBeTask=true order=ANY topActivity=null launchCookie=null customAnim=true windowingMode=undefined isCrossDisplayMove=false}]} RemoteTransition { remoteTransition = android.window.IRemoteTransition$Stub$Proxy@5c3f57b, appThread = android.app.IApplicationThread$Stub$Proxy@15d2f98, debugName = QuickstepLaunchHome, filter = {types=[] flags=0x0 notFlags=0x100 checks=[{atype=home independent=true modes=[OPEN,TO_FRONT] flags=NONE mustBeTask=false order=ANY topActivity=ComponentInfo{com.google.android.apps.nexuslauncher/com.google.android.apps.nexuslauncher.NexusLauncherActivity} launchCookie=null windowingMode=undefined isCrossDisplayMove=false},{atype=standard independent=true modes=[CLOSE,TO_BACK] flags=NONE mustBeTask=false order=ANY topActivity=null launchCookie=null windowingMode=undefined isCrossDisplayMove=false},{NOT atype=undefined independent=true modes=[] flags=NONE mustBeTask=true order=ANY topActivity=null launchCookie=null customAnim=true windowingMode=undefined isCrossDisplayMove=false}]} }}
05-12 08:30:57.449   949   991 D RemoteTransitionHandler: Found filterPair{{types=[] flags=0x0 notFlags=0x100 checks=[{atype=home independent=true modes=[OPEN,TO_FRONT] flags=NONE mustBeTask=false order=ANY topActivity=ComponentInfo{com.google.android.apps.nexuslauncher/com.google.android.apps.nexuslauncher.NexusLauncherActivity} launchCookie=null windowingMode=undefined isCrossDisplayMove=false},{atype=standard independent=true modes=[CLOSE,TO_BACK] flags=NONE mustBeTask=false order=ANY topActivity=null launchCookie=null windowingMode=undefined isCrossDisplayMove=false},{NOT atype=undefined independent=true modes=[] flags=NONE mustBeTask=true order=ANY topActivity=null launchCookie=null customAnim=true windowingMode=undefined isCrossDisplayMove=false}]} RemoteTransition { remoteTransition = android.window.IRemoteTransition$Stub$Proxy@5c3f57b, appThread = android.app.IApplicationThread$Stub$Proxy@15d2f98, debugName = QuickstepLaunchHome, filter = {types=[] flags=0x0 notFlags=0x100 checks=[{atype=home independent=true modes=[OPEN,TO_FRONT] flags=NONE mustBeTask=false order=ANY topActivity=ComponentInfo{com.google.android.apps.nexuslauncher/com.google.android.apps.nexuslauncher.NexusLauncherActivity} launchCookie=null windowingMode=undefined isCrossDisplayMove=false},{atype=standard independent=true modes=[CLOSE,TO_BACK] flags=NONE mustBeTask=false order=ANY topActivity=null launchCookie=null windowingMode=undefined isCrossDisplayMove=false},{NOT atype=undefined independent=true modes=[] flags=NONE mustBeTask=true order=ANY topActivity=null launchCookie=null customAnim=true windowingMode=undefined isCrossDisplayMove=false}]} }}
05-12 08:30:57.449   949   991 V WindowManagerShell:  Delegate animation for (#48) to RemoteTransition { remoteTransition = android.window.IRemoteTransition$Stub$Proxy@5c3f57b, appThread = android.app.IApplicationThread$Stub$Proxy@15d2f98, debugName = QuickstepLaunchHome, filter = {types=[] flags=0x0 notFlags=0x100 checks=[{atype=home independent=true modes=[OPEN,TO_FRONT] flags=NONE mustBeTask=false order=ANY topActivity=ComponentInfo{com.google.android.apps.nexuslauncher/com.google.android.apps.nexuslauncher.NexusLauncherActivity} launchCookie=null windowingMode=undefined isCrossDisplayMove=false},{atype=standard independent=true modes=[CLOSE,TO_BACK] flags=NONE mustBeTask=false order=ANY topActivity=null launchCookie=null windowingMode=undefined isCrossDisplayMove=false},{NOT atype=undefined independent=true modes=[] flags=NONE mustBeTask=true order=ANY topActivity=null launchCookie=null customAnim=true windowingMode=undefined isCrossDisplayMove=false}]} }
05-12 08:30:57.454   522   548 W skia    : AGTM parsing failed flags.readFromStream(s) at 159
05-12 08:30:57.465   683   705 V WindowManager: Sent Transition (#48) createdAt=05-12 08:30:57.369 via request=TransitionRequestInfo { type = CLOSE, triggerTask = TaskInfo{userId=0 taskId=23 effectiveUid=10229 displayId=0 isRunning=false baseIntent=Intent { flg=0x10000000 cmp=com.techohns.moneymate/.MainActivity } baseActivity=null topActivity=null origActivity=null realActivity=ComponentInfo{com.techohns.moneymate/com.techohns.moneymate.MainActivity} realActivityIsAppLockEnabled=false numActivities=0 lastActiveTime=17395852 supportsMultiWindow=true supportsMultiWindowWithoutConstraints=true resizeMode=1 isResizeable=true minWidth=-1 minHeight=-1 defaultMinSize=220 token=WCT{RemoteToken{bbd844 Task{70b7f7f #23 type=standard A=10229:com.techohns.moneymate}}} topActivityType=1 pictureInPictureParams=null shouldDockBigOverlays=false launchIntoPipHostTaskId=-1 lastParentTaskIdBeforePip=-1 displayCutoutSafeInsets=Rect(0, 0 - 0, 0) topActivityInfo=null launchCookies=[] positionInParent=Point(0, 0) parentTaskId=-1 isFocused=true isInteractive=true isVisible=true isVisibleRequested=true isTopActivityNoDisplay=false isSleeping=false locusId=null displayAreaFeatureId=1 isTopActivityTransparent=false isActivityStackTransparent=true lastNonFullscreenBounds=null leafTaskBoundsFromOptions= false capturedLink=null capturedLinkTimestamp=0 requestedVisibleTypes=503 topActivityRequestOpenInBrowserEducationTimestamp=0 appCompatTaskInfo=AppCompatTaskInfo { topActivityInSizeCompat=false isLeafTask= true eligibleForLetterboxEducation= false isLetterboxEducationEnabled= false isLetterboxDoubleTapEnabled= false eligibleForUserAspectRatioButton= false topActivityBoundsLetterboxed= false isFromLetterboxDoubleTap= false topActivityLetterboxVerticalPosition= -1 topActivityLetterboxHorizontalPosition= -1 topActivityLetterboxWidth=-1 topActivityLetterboxHeight=-1 topActivityAppBounds=Rect(0, 0 - 0, 0) isUserFullscreenOverrideEnabled=false isSystemFullscreenOverrideEnabled=false hasMinAspectRatioOverride=false topActivityLetterboxBounds=null topNonResizableActivityAspectRatio=-1.0} topActivityMainWindowFrame=null isAppBubble=false}, pipChange = null, remoteTransitionInfo = null, displayChanges = null, requestedLocation = null, userChange = null, windowingLayerChange = null, fullscreenRequestChange = null, flags = 0, debugId = 48 }
05-12 08:30:57.465   683  1740 W ActivityTaskManager: setRunningRemoteTransition: no process for null
05-12 08:30:57.465   683   705 V WindowManager:     startWCT=WindowContainerTransaction { changes= {} hops= [] flags= 0 errorCallbackToken=null taskFragmentOrganizer=null }
05-12 08:30:57.465   949   991 V WindowManagerShell:  animated by com.android.wm.shell.transition.RemoteTransitionHandler@9073a3b
05-12 08:30:57.465   683   705 V WindowManager:     info={id=48 t=CLOSE f=0x0 trk=0 r=[0@Point(0, 0)] c=[
05-12 08:30:57.465   683   705 V WindowManager:         {WCT{RemoteToken{46cac50 Task{88f1195 #1 type=home}}} m=TO_FRONT f=SHOW_WALLPAPER|MOVE_TO_TOP|FLAG_CHANGED_INTERACTIVE leash=Surface(name=Task=1#35)/@0xf088e11 sb=Rect(0, 0 - 1440, 3120) eb=Rect(0, 0 - 1440, 3120) epz=Point(1440, 3120) d=0 taskParent=-1 winMode=1 userId=0},
05-12 08:30:57.465   683   705 V WindowManager:         {WCT{RemoteToken{bbd844 Task{70b7f7f #23 type=standard A=10229:com.techohns.moneymate}}} m=CLOSE f=FLAG_CHANGED_INTERACTIVE leash=Surface(name=Task=23#409)/@0xcfb7ed6 sb=Rect(0, 0 - 1440, 3120) eb=Rect(0, 0 - 1440, 3120) epz=Point(1440, 3120) d=0 taskParent=-1 winMode=1 userId=0},
05-12 08:30:57.465   683   705 V WindowManager:         {m=TO_FRONT f=IS_WALLPAPER leash=Surface(name=WallpaperWindowToken{efea254}#54)/@0xc73e0a sb=Rect(0, 0 - 1440, 3120) eb=Rect(0, 0 - 1440, 3120) epz=Point(1440, 3120) d=0}
05-12 08:30:57.465   683   705 V WindowManager:     ]}
05-12 08:30:57.465   683   708 V WindowManager: Unknown focus tokens, dropping reportFocusChanged
05-12 08:30:57.466  1110  1110 D LauncherStateManager: StateManager.cancelAnimation: animation ongoing: false, partial trace:
05-12 08:30:57.466  1110  1110 D LauncherStateManager: 	at com.android.launcher3.statemanager.StateManager.setCurrentAnimation(go/retraceme 4b96215a9d9b4c1494121442fbf9d6e89857c91e1d76ddcc689701971259418a:59)
05-12 08:30:57.466  1110  1110 D LauncherStateManager: 	at com.android.launcher3.QuickstepTransitionManager.createWallpaperOpenAnimations(go/retraceme 4b96215a9d9b4c1494121442fbf9d6e89857c91e1d76ddcc689701971259418a:734)
05-12 08:30:57.466  1110  1110 D LauncherStateManager: 	at com.android.launcher3.QuickstepTransitionManager$WallpaperOpenLauncherAnimationRunner.onAnimationStart(go/retraceme 4b96215a9d9b4c1494121442fbf9d6e89857c91e1d76ddcc689701971259418a:135)
05-12 08:30:57.466  1110  1110 D LauncherStateManager: StateManager.createAtomicAnimation: fromState: Normal, toState: Normal, partial trace:
05-12 08:30:57.466  1110  1110 D LauncherStateManager: 	at com.android.quickstep.util.WorkspaceRevealAnim.prepareToAnimate(go/retraceme 4b96215a9d9b4c1494121442fbf9d6e89857c91e1d76ddcc689701971259418a:19)
05-12 08:30:57.466  1110  1110 D LauncherStateManager: 	at com.android.quickstep.util.WorkspaceRevealAnim.<init>(go/retraceme 4b96215a9d9b4c1494121442fbf9d6e89857c91e1d76ddcc689701971259418a:10)
05-12 08:30:57.466  1110  1110 D LauncherStateManager: 	at com.android.launcher3.QuickstepTransitionManager.createWallpaperOpenAnimations(go/retraceme 4b96215a9d9b4c1494121442fbf9d6e89857c91e1d76ddcc689701971259418a:775)
05-12 08:30:57.467  1110  1110 D AllAppsTransitionController: shouldProtectHeader: false skipScrim: true state: Normal stateManager.getState(): Normal
05-12 08:30:57.468  1110  1110 D KeyboardInsetsHandler: removePendingImeController: pendingImeController=null
05-12 08:30:57.468  1110  1110 D b/311077782: LauncherAnimationRunner.setAnimation
05-12 08:30:57.479  1110  1110 D BaseActivity: Launcher flags updated: [state_started|state_resumed|state_deferred_resumed|state_window_focused|state_user_active] +[state_window_focused]
05-12 08:30:57.482   683   806 I ImeTracker: com.google.android.apps.nexuslauncher:5fb85ae9: onRequestHide at ORIGIN_SERVER reason HIDE_UNSPECIFIED_WINDOW fromUser false userId 0 displayId 0
05-12 08:30:57.483  1110  1110 D InsetsController: hide(ime())
05-12 08:30:57.484  1110  1110 I ImeTracker: com.google.android.apps.nexuslauncher:5fb85ae9: onCancelled at PHASE_CLIENT_ALREADY_HIDDEN
05-12 08:30:57.486   683   806 W InputChannel-JNI: Channel already disposed.
05-12 08:30:57.487  3106  3106 I GoogleInputMethodService: GoogleInputMethodService.onFinishInput():2159 
05-12 08:30:57.489  3106  3106 I Module  : DeviceLockedStatusModuleProvider$Module.updateDeviceLockedStatus():103 repeatCheckTimes = 0, locked = false
05-12 08:30:57.490   683  1737 I ImeTracker: system_server:9bd83c49: onRequestHide at ORIGIN_SERVER reason IME_REQUESTED_CHANGED_LISTENER fromUser false displayId 0
05-12 08:30:57.491   683   708 I ImeTracker: system_server:9bd83c49: onCancelled at PHASE_SERVER_SHOULD_HIDE
05-12 08:30:57.493  3106  3106 I GoogleInputMethodService: GoogleInputMethodService.onStartInput():1434 onStartInput(EditorInfo{EditorInfo{packageName=com.google.android.apps.nexuslauncher, inputType=0, inputTypeString=NULL, enableLearning=false, autoCorrection=false, autoComplete=false, imeOptions=0, privateImeOptions=null, actionName=UNSPECIFIED, actionLabel=null, initialSelStart=-1, initialSelEnd=-1, initialCapsMode=0, label=null, fieldId=0, fieldName=null, extras=null, hintText=null, hintLocales=[]}}, false)
05-12 08:30:57.493  3106  3106 W AndroidIME: LatinIMEBase.updateInputViewCoverNavigation():317 Null input view, cannot update padding!
05-12 08:30:57.494  3106  3106 I Module  : DeviceLockedStatusModuleProvider$Module.updateDeviceLockedStatus():103 repeatCheckTimes = 1, locked = false
05-12 08:30:57.497   683  1737 W PackageConfigPersister: App-specific configuration not found for packageName: com.google.android.apps.nexuslauncher and userId: 0
05-12 08:30:57.505   489  1213 I RanchuHwc: logCompositionFallbackIfChanged: layer 88 CompositionType fallback from 2 to 1
05-12 08:30:57.505   489  1213 I RanchuHwc: logCompositionFallbackIfChanged: layer 89 CompositionType fallback from 2 to 1
05-12 08:30:57.505   522   548 W skia    : AGTM parsing failed flags.readFromStream(s) at 159
05-12 08:30:57.506   522   548 W skia    : AGTM parsing failed flags.readFromStream(s) at 159
05-12 08:30:57.506   522   548 W skia    : AGTM parsing failed flags.readFromStream(s) at 159
05-12 08:30:57.506   522   548 W skia    : AGTM parsing failed flags.readFromStream(s) at 159
05-12 08:30:57.506   522   548 W skia    : AGTM parsing failed flags.readFromStream(s) at 159
05-12 08:30:57.506   522   548 W skia    : AGTM parsing failed flags.readFromStream(s) at 159
05-12 08:30:57.506   522   548 W skia    : AGTM parsing failed flags.readFromStream(s) at 159
05-12 08:30:57.538   522   548 W skia    : AGTM parsing failed flags.readFromStream(s) at 159
05-12 08:30:57.538   522   548 W skia    : AGTM parsing failed flags.readFromStream(s) at 159
05-12 08:30:57.538   522   548 W skia    : AGTM parsing failed flags.readFromStream(s) at 159
05-12 08:30:57.538   522   548 W skia    : AGTM parsing failed flags.readFromStream(s) at 159
05-12 08:30:57.538   522   548 W skia    : AGTM parsing failed flags.readFromStream(s) at 159
05-12 08:30:57.538   522   548 W skia    : AGTM parsing failed flags.readFromStream(s) at 159
05-12 08:30:57.539   522   548 W skia    : AGTM parsing failed flags.readFromStream(s) at 159
05-12 08:30:57.541   522   548 W skia    : AGTM parsing failed flags.readFromStream(s) at 159
05-12 08:30:57.541   522   548 W skia    : AGTM parsing failed flags.readFromStream(s) at 159
05-12 08:30:57.541   522   548 W skia    : AGTM parsing failed flags.readFromStream(s) at 159
05-12 08:30:57.554   522   548 W skia    : AGTM parsing failed flags.readFromStream(s) at 159
05-12 08:30:57.554   522   548 W skia    : AGTM parsing failed flags.readFromStream(s) at 159
05-12 08:30:57.555   522   548 W skia    : AGTM parsing failed flags.readFromStream(s) at 159
05-12 08:30:57.555   522   548 W skia    : AGTM parsing failed flags.readFromStream(s) at 159
05-12 08:30:57.555   522   548 W skia    : AGTM parsing failed flags.readFromStream(s) at 159
05-12 08:30:57.555   522   548 W skia    : AGTM parsing failed flags.readFromStream(s) at 159
05-12 08:30:57.555   522   548 W skia    : AGTM parsing failed flags.readFromStream(s) at 159
05-12 08:30:57.571   522   548 W skia    : AGTM parsing failed flags.readFromStream(s) at 159
05-12 08:30:57.572   522   548 W skia    : AGTM parsing failed flags.readFromStream(s) at 159
05-12 08:30:57.572   522   548 W skia    : AGTM parsing failed flags.readFromStream(s) at 159
05-12 08:30:57.572   522   548 W skia    : AGTM parsing failed flags.readFromStream(s) at 159
05-12 08:30:57.572   522   548 W skia    : AGTM parsing failed flags.readFromStream(s) at 159
05-12 08:30:57.572   522   548 W skia    : AGTM parsing failed flags.readFromStream(s) at 159
05-12 08:30:57.572   522   548 W skia    : AGTM parsing failed flags.readFromStream(s) at 159
05-12 08:30:57.588   522   548 W skia    : AGTM parsing failed flags.readFromStream(s) at 159
05-12 08:30:57.588   522   548 W skia    : AGTM parsing failed flags.readFromStream(s) at 159
05-12 08:30:57.588   522   548 W skia    : AGTM parsing failed flags.readFromStream(s) at 159
05-12 08:30:57.588   522   548 W skia    : AGTM parsing failed flags.readFromStream(s) at 159
05-12 08:30:57.588   522   548 W skia    : AGTM parsing failed flags.readFromStream(s) at 159
05-12 08:30:57.588   522   548 W skia    : AGTM parsing failed flags.readFromStream(s) at 159
05-12 08:30:57.588   522   548 W skia    : AGTM parsing failed flags.readFromStream(s) at 159
05-12 08:30:57.605   522   548 W skia    : AGTM parsing failed flags.readFromStream(s) at 159
05-12 08:30:57.605   522   548 W skia    : AGTM parsing failed flags.readFromStream(s) at 159
05-12 08:30:57.605   522   548 W skia    : AGTM parsing failed flags.readFromStream(s) at 159
05-12 08:30:57.605   522   548 W skia    : AGTM parsing failed flags.readFromStream(s) at 159
05-12 08:30:57.605   522   548 W skia    : AGTM parsing failed flags.readFromStream(s) at 159
05-12 08:30:57.606   522   548 W skia    : AGTM parsing failed flags.readFromStream(s) at 159
05-12 08:30:57.606   522   548 W skia    : AGTM parsing failed flags.readFromStream(s) at 159
05-12 08:30:57.621   522   548 W skia    : AGTM parsing failed flags.readFromStream(s) at 159
05-12 08:30:57.621   522   548 W skia    : AGTM parsing failed flags.readFromStream(s) at 159
05-12 08:30:57.621   522   548 W skia    : AGTM parsing failed flags.readFromStream(s) at 159
05-12 08:30:57.621   522   548 W skia    : AGTM parsing failed flags.readFromStream(s) at 159
05-12 08:30:57.621   522   548 W skia    : AGTM parsing failed flags.readFromStream(s) at 159
05-12 08:30:57.621   522   548 W skia    : AGTM parsing failed flags.readFromStream(s) at 159
05-12 08:30:57.621   522   548 W skia    : AGTM parsing failed flags.readFromStream(s) at 159
05-12 08:30:57.638   522   548 W skia    : AGTM parsing failed flags.readFromStream(s) at 159
05-12 08:30:57.638   522   548 W skia    : AGTM parsing failed flags.readFromStream(s) at 159
05-12 08:30:57.638   522   548 W skia    : AGTM parsing failed flags.readFromStream(s) at 159
05-12 08:30:57.638   522   548 W skia    : AGTM parsing failed flags.readFromStream(s) at 159
05-12 08:30:57.638   522   548 W skia    : AGTM parsing failed flags.readFromStream(s) at 159
05-12 08:30:57.638   522   548 W skia    : AGTM parsing failed flags.readFromStream(s) at 159
05-12 08:30:57.638   522   548 W skia    : AGTM parsing failed flags.readFromStream(s) at 159
05-12 08:30:57.642   522   548 W skia    : AGTM parsing failed flags.readFromStream(s) at 159
05-12 08:30:57.642   522   548 W skia    : AGTM parsing failed flags.readFromStream(s) at 159
05-12 08:30:57.642   522   548 W skia    : AGTM parsing failed flags.readFromStream(s) at 159
05-12 08:30:57.744   522   548 W skia    : AGTM parsing failed flags.readFromStream(s) at 159
05-12 08:30:57.744   522   548 W skia    : AGTM parsing failed flags.readFromStream(s) at 159
05-12 08:30:57.821  1110  1110 D WorkspaceRevealAnim: onAnimationEnd: workspace alpha = 1.0
05-12 08:30:57.822   949  7393 V WindowManagerShell: Received remote transition finished callback for (#48)
05-12 08:30:57.822   949   991 V WindowManagerShell: Transition animation finished (aborted=false), notifying core (#48) android.os.BinderProxy@d568f08@0
05-12 08:30:57.824   683   705 V WindowManager: Finish Transition (#48): created at 05-12 08:30:57.369 collect-started=0.027ms request-sent=0.083ms started=9.292ms ready=63.8ms sent=70.554ms commit=37.772ms finished=454.413ms
05-12 08:30:57.826   683  1737 E libbinder.IPCThreadState: Binder transaction failure. id: 1891280, cmd: BR_DEAD_REPLY (29189), error: -22 (Invalid argument)
05-12 08:30:57.826   683  1737 W ActivityManager: pid 683 system sent binder code 7 with flags 1 and got error -32
05-12 08:30:57.830   683  1737 W WindowManager: Exception thrown during dispatchAppVisibility Window{2b59155 u0 com.techohns.moneymate/com.techohns.moneymate.MainActivity EXITING}
05-12 08:30:57.830   683  1737 W WindowManager: android.os.DeadObjectException
05-12 08:30:57.830   683  1737 W WindowManager: 	at android.os.BinderProxy.transactNative(Native Method)
05-12 08:30:57.830   683  1737 W WindowManager: 	at android.os.BinderProxy.transact(BinderProxy.java:626)
05-12 08:30:57.830   683  1737 W WindowManager: 	at android.view.IWindow$Stub$Proxy.dispatchAppVisibility(IWindow.java:602)
05-12 08:30:57.830   683  1737 W WindowManager: 	at com.android.server.wm.WindowState.sendAppVisibilityToClients(WindowState.java:3388)
05-12 08:30:57.830   683  1737 W WindowManager: 	at com.android.server.wm.WindowContainer.sendAppVisibilityToClients(WindowContainer.java:1245)
05-12 08:30:57.830   683  1737 W WindowManager: 	at com.android.server.wm.WindowToken.setClientVisible(WindowToken.java:392)
05-12 08:30:57.830   683  1737 W WindowManager: 	at com.android.server.wm.ActivityRecord.commitVisibility(ActivityRecord.java:5654)
05-12 08:30:57.830   683  1737 W WindowManager: 	at com.android.server.wm.Transition.finishTransition(Transition.java:1629)
05-12 08:30:57.830   683  1737 W WindowManager: 	at com.android.server.wm.TransitionController.finishTransition(TransitionController.java:1220)
05-12 08:30:57.830   683  1737 W WindowManager: 	at com.android.server.wm.WindowOrganizerController.finishTransition(WindowOrganizerController.java:533)
05-12 08:30:57.830   683  1737 W WindowManager: 	at android.window.IWindowOrganizerController$Stub.onTransact(IWindowOrganizerController.java:265)
05-12 08:30:57.830   683  1737 W WindowManager: 	at com.android.server.wm.WindowOrganizerController.onTransact(WindowOrganizerController.java:239)
05-12 08:30:57.830   683  1737 W WindowManager: 	at android.os.Binder.execTransactInternal(Binder.java:1364)
05-12 08:30:57.830   683  1737 W WindowManager: 	at android.os.Binder.execTransact(Binder.java:1323)
05-12 08:30:57.830   683  1737 W Process : Unable to open /proc/15597/status
05-12 08:30:57.836   949   991 V WindowManagerShell: Track 0 became idle
05-12 08:30:57.836   949   991 V WindowManagerShell: All active transition animations finished
05-12 08:30:57.838  1110  1110 D RecentsView: onTaskRemoved: 23, not handling task stack changes
05-12 08:30:57.838  1110  1110 D RecentsView: onTaskRemoved: 23, not handling task stack changes
05-12 08:30:57.841   949   991 V ShellTaskOrganizer: Task vanished taskId=23
05-12 08:30:57.842   683   924 I Surface : Creating surface for consumer unnamed-683-16 with slotExpansion=1 for 64 slots
05-12 08:30:57.842   683   924 I Surface : Creating surface for consumer ImageReader-1152x2496f1m1-683-14 with slotExpansion=1 for 64 slots
05-12 08:30:57.842   949   991 V ShellTaskOrganizer: Fullscreen Task Vanished: #23
05-12 08:30:57.842   949   991 V ShellDesktopMode: Task Vanished: #23 closed=true
05-12 08:30:57.842   683   924 W ImageReader_JNI: Unable to acquire a buffer item, very likely client tried to acquire more than maxImages buffers
05-12 08:30:57.842   949   991 V RecentTasksController: Notify recent tasks changed
05-12 08:30:57.842   949   991 D ShellDesktopMode: AppToWebRepository: Task 23 is vanishing. Removing task data from repository
05-12 08:30:57.843   949   991 V AppCompat: SingleSurfaceLetterboxController: []
05-12 08:30:57.843  1110  1110 D RecentTasksList: invalidateLoadedTasks - previous requestLoadId: -1
05-12 08:30:57.843   949   991 V AppCompat: MultiSurfaceLetterboxController: []
05-12 08:30:57.843   949   991 V AppCompat: LetterboxInputController: []
05-12 08:30:57.843   949   991 V AppCompat: RoundedCornersLetterboxController: {}
05-12 08:30:57.844   522   548 W skia    : AGTM parsing failed flags.readFromStream(s) at 159
05-12 08:30:57.844   522   548 W skia    : AGTM parsing failed flags.readFromStream(s) at 159
05-12 08:30:57.860   683   924 E ConsumerBase: [ImageReader-1152x2496f1m1-683-14] abandonLocked: ConsumerBase is abandoned!
05-12 08:30:57.870   522   522 E BpTransactionCompletedListener: Failed to transact (-32)
05-12 08:30:57.946   522   548 W skia    : AGTM parsing failed flags.readFromStream(s) at 159
05-12 08:30:57.947   522   548 W skia    : AGTM parsing failed flags.readFromStream(s) at 159
05-12 08:30:57.988   534   534 I adbd    : adbd service requested 'shell,v2,raw:dumpsys package com.google.android.gms'
05-12 08:30:58.165  2024  2040 I artd    : GetBestInfo: odex next to the dex file (/data/app/~~plpyiufaiVAQyIpxIr0Cuw==/com.google.android.gms-wbGblO8WslDG31t9qeYnNw==/oat/x86_64/base.odex) is kOatUpToDate with filter 'speed-profile' executable 'false'
05-12 08:30:58.167  2024  2040 I artd    : GetBestInfo: dm (/data/app/~~plpyiufaiVAQyIpxIr0Cuw==/com.google.android.gms-wbGblO8WslDG31t9qeYnNw==/split_AdsDynamite_installtime.dm) is kOatUpToDate with filter 'verify' executable 'false'
05-12 08:30:58.169  2024  2040 I artd    : GetBestInfo: odex next to the dex file (/data/app/~~plpyiufaiVAQyIpxIr0Cuw==/com.google.android.gms-wbGblO8WslDG31t9qeYnNw==/oat/x86_64/split_CronetDynamite_installtime.odex) is kOatUpToDate with filter 'speed-profile' executable 'false'
05-12 08:30:58.170  2024  2040 I artd    : GetBestInfo: dm (/data/app/~~plpyiufaiVAQyIpxIr0Cuw==/com.google.android.gms-wbGblO8WslDG31t9qeYnNw==/split_DynamiteLoader_installtime.dm) is kOatUpToDate with filter 'verify' executable 'false'
05-12 08:30:58.172  2024  2040 I artd    : GetBestInfo: dm (/data/app/~~plpyiufaiVAQyIpxIr0Cuw==/com.google.android.gms-wbGblO8WslDG31t9qeYnNw==/split_DynamiteModulesA_installtime.dm) is kOatUpToDate with filter 'verify' executable 'false'
05-12 08:30:58.173  2024  2040 I artd    : GetBestInfo: dm (/data/app/~~plpyiufaiVAQyIpxIr0Cuw==/com.google.android.gms-wbGblO8WslDG31t9qeYnNw==/split_DynamiteModulesC_installtime.dm) is kOatUpToDate with filter 'verify' executable 'false'
05-12 08:30:58.175  2024  2040 I artd    : GetBestInfo: dm (/data/app/~~plpyiufaiVAQyIpxIr0Cuw==/com.google.android.gms-wbGblO8WslDG31t9qeYnNw==/split_GoogleCertificates_installtime.dm) is kOatUpToDate with filter 'verify' executable 'false'
05-12 08:30:58.176  2024  2040 I artd    : GetBestInfo: dm (/data/app/~~plpyiufaiVAQyIpxIr0Cuw==/com.google.android.gms-wbGblO8WslDG31t9qeYnNw==/split_MapsDynamite_installtime.dm) is kOatUpToDate with filter 'verify' executable 'false'
05-12 08:30:58.178   683   841 I HalDevMgr: bestIfaceCreationProposal is null, requestIface=STA, existingIface=[name=wlan0 type=STA]
05-12 08:30:58.178  2024  2040 I artd    : GetBestInfo: dm (/data/app/~~plpyiufaiVAQyIpxIr0Cuw==/com.google.android.gms-wbGblO8WslDG31t9qeYnNw==/split_MeasurementDynamite_installtime.dm) is kOatUpToDate with filter 'verify' executable 'false'
05-12 08:30:58.179  2024  2040 I artd    : GetBestInfo: dm (/data/app/~~plpyiufaiVAQyIpxIr0Cuw==/com.google.android.gms-wbGblO8WslDG31t9qeYnNw==/split_all_locale_splits.dm) is kOatUpToDate with filter 'verify' executable 'false'
05-12 08:30:58.180  2024  2040 I artd    : GetBestInfo: /data/user_de/0/com.google.android.gms/app_chimera/m/00000011/dl-Appsearch.optional_261631100800.apk has no usable artifacts
05-12 08:30:58.181  2024  2040 I artd    : GetBestInfo: /data/user_de/0/com.google.android.gms/app_chimera/m/00000001/CronetDynamite.apk has no usable artifacts
05-12 08:30:58.182  2024  2040 I artd    : GetBestInfo: /data/user_de/0/com.google.android.gms/app_chimera/m/00000002/DynamiteLoader.apk has no usable artifacts
05-12 08:30:58.182  2024  2040 I artd    : GetBestInfo: /data/user_de/0/com.google.android.gms/app_chimera/m/00000005/GoogleCertificates.apk has no usable artifacts
05-12 08:30:58.183  2024  2040 I artd    : GetBestInfo: /data/user_de/0/com.google.android.gms/app_chimera/m/0000000c/dl-MlkitOcrCommon.optional_261631100800.apk has no usable artifacts
05-12 08:30:58.185  2024  2040 I artd    : GetBestInfo: /data/user_de/0/com.google.android.gms/app_chimera/m/0000000a/dl-MlkitOcrCommon.optional_261136100800.apk has no usable artifacts
05-12 08:30:58.187  2024  2040 I artd    : GetBestInfo: /data/user_de/0/com.google.android.gms/app_chimera/m/00000008/dl-VisionOcr.optional_261136100000.apk has no usable artifacts
05-12 08:30:58.189  2024  2040 I artd    : GetBestInfo: /data/user_de/0/com.google.android.gms/app_chimera/m/0000000e/dl-PlayCloudSearch.optional_261631100000.apk has no usable artifacts
05-12 08:30:58.190  2024  2040 I artd    : GetBestInfo: /data/user_de/0/com.google.android.gms/app_chimera/m/00000010/dl-VisionOcr.optional_261631100000.apk has no usable artifacts
05-12 08:30:58.191  2024  2040 I artd    : GetBestInfo: /data/user_de/0/com.google.android.gms/app_chimera/m/00000012/dl-IdentityCredentialsPlatform.optional_261631100800.apk has no usable artifacts
05-12 08:30:58.193  2024  2040 I artd    : GetBestInfo: /data/user_de/0/com.google.android.gms/app_chimera/m/00000009/dl-TfliteDynamiteDynamite.integ_260580502100800.apk has no usable artifacts
05-12 08:30:58.195  2024  2040 I artd    : GetBestInfo: vdex next to the dex file (/data/user/0/com.google.android.gms/app_dg_cache/BBB8ADBA11F43674FC873CF50B06D4CFE87E958C/oat/x86_64/the.vdex) is kOatUpToDate with filter 'verify' executable 'false'
05-12 08:30:58.196  2024  2040 I artd    : GetBestInfo: /data/user_de/0/com.google.android.gms/app_chimera/m/0000000f/dl-MlkitBarcodeUi.optional_261631100800.apk has no usable artifacts
05-12 08:30:58.197  2024  2040 I artd    : GetBestInfo: /data/user_de/0/com.google.android.gms/app_chimera/m/00000007/MeasurementDynamite.apk has no usable artifacts
05-12 08:30:58.199  2024  2040 I artd    : GetBestInfo: /data/user_de/0/com.google.android.gms/app_chimera/m/0000000b/dl-PlayCloudSearch.optional_261136100000.apk has no usable artifacts
05-12 08:31:00.041   522   548 W skia    : AGTM parsing failed flags.readFromStream(s) at 159
05-12 08:31:00.041   522   548 W skia    : AGTM parsing failed flags.readFromStream(s) at 159
05-12 08:31:00.615  1103  1223 D SatelliteController: isInCarrierRoamingNbIotNtn: satellite is disabled
05-12 08:31:00.615  1103  1223 D SatelliteController: getCarrierRoamingNtnConnectType: Checking connect type from PLMN config for subId: 1
05-12 08:31:00.615  1103  1223 D TelephonyConfigUpdateInstallReceiver: getConfigParser: domain=satellite
05-12 08:31:00.615  1103  1223 V SatelliteController: satelliteConfigParser is not ready
05-12 08:31:00.615  1103  1223 D SatelliteController: isSatelliteAttachSupportedViaConfigupdater: return null (satelliteConfig is null)
05-12 08:31:00.616  1103  1223 D SatelliteController: getSatellitePerPlmnConfiguration: invalid subId or not supported via carrier.
05-12 08:31:00.616  1103  1223 D SatelliteController: getCarrierRoamingNtnConnectType: config: null
05-12 08:31:00.616  1103  1223 D TelephonyConfigUpdateInstallReceiver: getConfigParser: domain=satellite
05-12 08:31:00.616  1103  1223 V SatelliteController: satelliteConfigParser is not ready
05-12 08:31:00.616  1103  1223 D SatelliteController: getCarrierRoamingNtnConnectTypeViaConfigUpdater: return null (satelliteConfig is null)
05-12 08:31:00.616  1103  1223 D SatelliteController: getCarrierRoamingNtnConnectType: Falling back to global carrier config connect type: 0
05-12 08:31:00.616  1103  1223 D TelephonyConfigUpdateInstallReceiver: getConfigParser: domain=satellite
05-12 08:31:00.616  1103  1223 V SatelliteController: satelliteConfigParser is not ready
05-12 08:31:00.616  1103  1223 D SatelliteController: isSatelliteAttachSupportedViaConfigupdater: return null (satelliteConfig is null)
05-12 08:31:00.616  1103  1223 D SatelliteController: getCarrierRoamingNtnConnectType: Checking connect type from PLMN config for subId: 1
05-12 08:31:00.617  1103  1223 D TelephonyConfigUpdateInstallReceiver: getConfigParser: domain=satellite
05-12 08:31:00.617  1103  1223 V SatelliteController: satelliteConfigParser is not ready
05-12 08:31:00.617  1103  1223 D SatelliteController: isSatelliteAttachSupportedViaConfigupdater: return null (satelliteConfig is null)
05-12 08:31:00.617  1103  1223 D SatelliteController: getSatellitePerPlmnConfiguration: invalid subId or not supported via carrier.
05-12 08:31:00.617  1103  1223 D SatelliteController: getCarrierRoamingNtnConnectType: config: null
05-12 08:31:00.617  1103  1223 D TelephonyConfigUpdateInstallReceiver: getConfigParser: domain=satellite
05-12 08:31:00.617  1103  1223 V SatelliteController: satelliteConfigParser is not ready
05-12 08:31:00.617  1103  1223 D SatelliteController: getCarrierRoamingNtnConnectTypeViaConfigUpdater: return null (satelliteConfig is null)
05-12 08:31:00.617  1103  1223 D SatelliteController: getCarrierRoamingNtnConnectType: Falling back to global carrier config connect type: 0
05-12 08:31:00.617  1103  1223 D TelephonyConfigUpdateInstallReceiver: getConfigParser: domain=satellite
05-12 08:31:00.617  1103  1223 V SatelliteController: satelliteConfigParser is not ready
05-12 08:31:00.617  1103  1223 D SatelliteController: isSatelliteAttachSupportedViaConfigupdater: return null (satelliteConfig is null)
05-12 08:31:00.840   683  1538 E TaskPersister: File error accessing recents directory (directory doesn't exist?).
05-12 08:31:01.184   683   871 I AdbWifiNetworkMonitor: Wi-Fi network available
05-12 08:31:01.184   683   871 I AdbWifiNetworkMonitor: Received the same Wi-Fi SSID. Ignoring.
05-12 08:31:01.186   683   847 W libbinder.IPCThreadState: Sending oneway calls to frozen process.
05-12 08:31:01.186   683   847 W libbinder.IPCThreadState: Sending oneway calls to frozen process.
05-12 08:31:01.186   683   847 W libbinder.IPCThreadState: Sending oneway calls to frozen process.
05-12 08:31:01.189   683   841 I HalDevMgr: bestIfaceCreationProposal is null, requestIface=STA, existingIface=[name=wlan0 type=STA]
05-12 08:31:01.194  1037  1182 D IpClient/wlan0: interfaceLinkStateChanged: ifindex 16 up
05-12 08:31:01.199  1037  1182 D IpClient/wlan0: interfaceLinkStateChanged: ifindex 16 up
05-12 08:31:03.891   932   932 I wpa_supplicant: wlan0: CTRL-EVENT-BEACON-LOSS 
05-12 08:31:04.168   949  1071 D ControlsListingControllerImpl: Subscribing callback, service count: 0
05-12 08:31:04.169   949  1071 D ControlsListingControllerImpl: Unsubscribing callback
05-12 08:31:04.193   683   871 I AdbWifiNetworkMonitor: Wi-Fi network available
05-12 08:31:04.193   683   871 I AdbWifiNetworkMonitor: Received the same Wi-Fi SSID. Ignoring.
05-12 08:31:04.196   683   841 I HalDevMgr: bestIfaceCreationProposal is null, requestIface=STA, existingIface=[name=wlan0 type=STA]
05-12 08:31:04.197   683   847 W libbinder.IPCThreadState: Sending oneway calls to frozen process.
05-12 08:31:04.197   683   847 W libbinder.IPCThreadState: Sending oneway calls to frozen process.
05-12 08:31:04.197   683   847 W libbinder.IPCThreadState: Sending oneway calls to frozen process.
05-12 08:31:05.598   949  1071 I QuickAccessWalletTile: QAW service is unavailable, recreating the wallet client.
05-12 08:31:05.896   534   534 I adbd    : adbd service requested 'shell,v2,raw:am start -n com.techohns.moneymate/com.techohns.moneymate.MainActivity'
05-12 08:31:05.931   683  1740 W ActivityTaskManager: callingPackage for (uid=2000, pid=15840) has no WPC
05-12 08:31:05.933   683  1740 V GrammaticalInflectionUtils: AttributionSource: android.content.AttributionSource@786fb1e1 does not have READ_SYSTEM_GRAMMATICAL_GENDER permission.
05-12 08:31:05.937  1110  1110 D RecentsView: onTaskDisplayChanged: 24, new displayId = 0
05-12 08:31:05.941   522   796 I libbinder.BpBinder: onLastStrongRef automatically unlinking death recipients for binder (0x798fea45d6f0) with descriptor: '(not cached)'
05-12 08:31:05.944   683  1737 D CompatChangeReporter: Compat change id reported: 377864165; UID 10229; state: ENABLED
05-12 08:31:05.945   683  1740 V ActivityTaskManager: TaskLaunchParamsModifier: phase=3 task=Task{fca7ff6 #24 type=standard A=10229:com.techohns.moneymate} activity=ActivityRecord{127464593 u0 com.techohns.moneymate/.MainActivity t-1} display-from-task=0 display-id=0 task-display-area-windowing-mode=1 suggested-display-area=DefaultTaskDisplayArea@174986774 inherit-from-task=fullscreen non-freeform-task-display-area display-area=DefaultTaskDisplayArea@174986774 skip-bounds-fullscreen
05-12 08:31:05.946   683  1740 I ActivityTaskManager: START u0 {flg=0x10000000 xflg=0x5 cmp=com.techohns.moneymate/.MainActivity} with LAUNCH_MULTIPLE from uid 2000 (com.android.shell) (BAL_ALLOW_PERMISSION) result code=0
05-12 08:31:05.946  1110  1110 D BaseActivity: Launcher flags updated: [state_started|state_resumed|state_deferred_resumed|state_window_focused|state_user_active] -[]
05-12 08:31:05.948   949   991 V WindowManagerShell: Transition requested (#49): android.os.BinderProxy@e253ed7 TransitionRequestInfo { type = OPEN, triggerTask = TaskInfo{userId=0 taskId=24 effectiveUid=10229 displayId=0 isRunning=true baseIntent=Intent { flg=0x10000000 cmp=com.techohns.moneymate/.MainActivity } baseActivity=ComponentInfo{com.techohns.moneymate/com.techohns.moneymate.MainActivity} topActivity=ComponentInfo{com.techohns.moneymate/com.techohns.moneymate.MainActivity} origActivity=null realActivity=ComponentInfo{com.techohns.moneymate/com.techohns.moneymate.MainActivity} realActivityIsAppLockEnabled=false numActivities=1 lastActiveTime=17514977 supportsMultiWindow=true supportsMultiWindowWithoutConstraints=true resizeMode=1 isResizeable=true minWidth=-1 minHeight=-1 defaultMinSize=220 token=WCT{android.os.BinderProxy@4b73c4} topActivityType=1 pictureInPictureParams=null shouldDockBigOverlays=false launchIntoPipHostTaskId=-1 lastParentTaskIdBeforePip=-1 displayCutoutSafeInsets=Rect(0, 144 - 0, 0) topActivityInfo=ActivityInfo{afe32ad com.techohns.moneymate.MainActivity} launchCookies=[] positionInParent=Point(0, 0) parentTaskId=-1 isFocused=false isInteractive=false isVisible=false isVisibleRequested=false isTopActivityNoDisplay=false isSleeping=false locusId=null displayAreaFeatureId=1 isTopActivityTransparent=false isActivityStackTransparent=false lastNonFullscreenBounds=null leafTaskBoundsFromOptions= false capturedLink=null capturedLinkTimestamp=0 requestedVisibleTypes=503 topActivityRequestOpenInBrowserEducationTimestamp=0 appCompatTaskInfo=AppCompatTaskInfo { topActivityInSizeCompat=false isLeafTask= true eligibleForLetterboxEducation= false isLetterboxEducationEnabled= true isLetterboxDoubleTapEnabled= false eligibleForUserAspectRatioButton= false topActivityBoundsLetterboxed= false isFromLetterboxDoubleTap= false topActivityLetterboxVerticalPosition= -1 topActivityLetterboxHorizontalPosition= -1 topActivityLetterboxWidth=-1 topActivityLetterboxHeight=-1 topActivityAppBounds=Rect(0, 0 - 1440, 3120) isUserFullscreenOverrideEnabled=false isSystemFullscreenOverrideEnabled=false hasMinAspectRatioOverride=false topActivityLetterboxBounds=null topNonResizableActivityAspectRatio=-1.0} topActivityMainWindowFrame=null isAppBubble=false}, pipChange = null, remoteTransitionInfo = null, displayChanges = null, requestedLocation = null, userChange = null, windowingLayerChange = null, fullscreenRequestChange = null, flags = 0, debugId = 49 }
05-12 08:31:05.948   949   991 W DisconnectHandler: No disconnect change found in the transition, not handling request.
05-12 08:31:05.949   949   991 V ShellDesktopMode: DesktopTasksController: skipping handleRequest reason=triggerTask's display doesn't support desktop mode
05-12 08:31:05.949   949   991 D ShellSplitScreen: logExit: no-op, mLoggerSessionId is null
05-12 08:31:05.949   683   708 V GrammaticalInflectionUtils: AttributionSource: android.content.AttributionSource@786fb1e1 does not have READ_SYSTEM_GRAMMATICAL_GENDER permission.
05-12 08:31:05.950  1110  1110 D BaseActivity: Launcher flags updated: [state_started|state_resumed|state_deferred_resumed|state_window_focused] -[state_user_active]
05-12 08:31:05.951  1110  1110 D BaseActivity: Launcher flags updated: [state_started|state_window_focused] -[state_resumed|state_deferred_resumed]
