05-12 08:32:10.526   522   548 W skia    : AGTM parsing failed flags.readFromStream(s) at 159
05-12 08:32:10.527   522   548 W skia    : AGTM parsing failed flags.readFromStream(s) at 159
05-12 08:32:10.529   522   548 W skia    : AGTM parsing failed flags.readFromStream(s) at 159
05-12 08:32:10.529   522   548 W skia    : AGTM parsing failed flags.readFromStream(s) at 159
05-12 08:32:10.529   522   548 W skia    : AGTM parsing failed flags.readFromStream(s) at 159
05-12 08:32:10.545   522   548 W skia    : AGTM parsing failed flags.readFromStream(s) at 159
05-12 08:32:10.546   522   548 W skia    : AGTM parsing failed flags.readFromStream(s) at 159
05-12 08:32:10.546   522   548 W skia    : AGTM parsing failed flags.readFromStream(s) at 159
05-12 08:32:10.546   522   548 W skia    : AGTM parsing failed flags.readFromStream(s) at 159
05-12 08:32:10.546   522   548 W skia    : AGTM parsing failed flags.readFromStream(s) at 159
05-12 08:32:10.549   522   548 W skia    : AGTM parsing failed flags.readFromStream(s) at 159
05-12 08:32:10.549   522   548 W skia    : AGTM parsing failed flags.readFromStream(s) at 159
05-12 08:32:10.562   522   548 W skia    : AGTM parsing failed flags.readFromStream(s) at 159
05-12 08:32:10.562   522   548 W skia    : AGTM parsing failed flags.readFromStream(s) at 159
05-12 08:32:10.563   522   548 W skia    : AGTM parsing failed flags.readFromStream(s) at 159
05-12 08:32:10.563   522   548 W skia    : AGTM parsing failed flags.readFromStream(s) at 159
05-12 08:32:10.563   522   548 W skia    : AGTM parsing failed flags.readFromStream(s) at 159
05-12 08:32:10.563   522   548 W skia    : AGTM parsing failed flags.readFromStream(s) at 159
05-12 08:32:10.564   522   548 W skia    : AGTM parsing failed flags.readFromStream(s) at 159
05-12 08:32:10.573   683  1725 D WindowManager: setClientSurface Surface(name=VRI-com.techohns.moneymate/com.techohns.moneymate.MainActivity#468)/@0xf06bb33 for de9ee84 com.techohns.moneymate/com.techohns.moneymate.MainActivity
05-12 08:32:10.578   522   548 W skia    : AGTM parsing failed flags.readFromStream(s) at 159
05-12 08:32:10.579   522   548 W skia    : AGTM parsing failed flags.readFromStream(s) at 159
05-12 08:32:10.579   522   548 W skia    : AGTM parsing failed flags.readFromStream(s) at 159
05-12 08:32:10.579   522   548 W skia    : AGTM parsing failed flags.readFromStream(s) at 159
05-12 08:32:10.579   522   548 W skia    : AGTM parsing failed flags.readFromStream(s) at 159
05-12 08:32:10.579   522   548 W skia    : AGTM parsing failed flags.readFromStream(s) at 159
05-12 08:32:10.579   522   548 W skia    : AGTM parsing failed flags.readFromStream(s) at 159
05-12 08:32:10.593   522   548 W skia    : AGTM parsing failed flags.readFromStream(s) at 159
05-12 08:32:10.593 15843 15843 I Surface : Creating surface for consumer unnamed-15843-1 with slotExpansion=1 for 64 slots
05-12 08:32:10.595   522   548 W skia    : AGTM parsing failed flags.readFromStream(s) at 159
05-12 08:32:10.595   522   548 W skia    : AGTM parsing failed flags.readFromStream(s) at 159
05-12 08:32:10.596   522   548 W skia    : AGTM parsing failed flags.readFromStream(s) at 159
05-12 08:32:10.596   522   548 W skia    : AGTM parsing failed flags.readFromStream(s) at 159
05-12 08:32:10.596   522   548 W skia    : AGTM parsing failed flags.readFromStream(s) at 159
05-12 08:32:10.596   522   548 W skia    : AGTM parsing failed flags.readFromStream(s) at 159
05-12 08:32:10.597 15843 15843 I Surface : Creating surface for consumer VRI[MainActivity]#1(BLAST Consumer)1 with slotExpansion=1 for 64 slots
05-12 08:32:10.606   522   548 W skia    : AGTM parsing failed flags.readFromStream(s) at 159
05-12 08:32:10.607   522   548 W skia    : AGTM parsing failed flags.readFromStream(s) at 159
05-12 08:32:10.608   522   548 W skia    : AGTM parsing failed flags.readFromStream(s) at 159
05-12 08:32:10.609   522   548 W skia    : AGTM parsing failed flags.readFromStream(s) at 159
05-12 08:32:10.609   522   548 W skia    : AGTM parsing failed flags.readFromStream(s) at 159
05-12 08:32:10.609   522   548 W skia    : AGTM parsing failed flags.readFromStream(s) at 159
05-12 08:32:10.609   522   548 W skia    : AGTM parsing failed flags.readFromStream(s) at 159
05-12 08:32:10.619   522   548 W skia    : AGTM parsing failed flags.readFromStream(s) at 159
05-12 08:32:10.620   522   548 W skia    : AGTM parsing failed flags.readFromStream(s) at 159
05-12 08:32:10.621   522   548 W skia    : AGTM parsing failed flags.readFromStream(s) at 159
05-12 08:32:10.621   683   871 I AdbWifiNetworkMonitor: Wi-Fi network available
05-12 08:32:10.621   683   871 I AdbWifiNetworkMonitor: Received the same Wi-Fi SSID. Ignoring.
05-12 08:32:10.625  1103  1223 D SatelliteController: isInCarrierRoamingNbIotNtn: satellite is disabled
05-12 08:32:10.625  1103  1223 D SatelliteController: getCarrierRoamingNtnConnectType: Checking connect type from PLMN config for subId: 1
05-12 08:32:10.626  1103  1223 D TelephonyConfigUpdateInstallReceiver: getConfigParser: domain=satellite
05-12 08:32:10.626  1103  1223 V SatelliteController: satelliteConfigParser is not ready
05-12 08:32:10.626  1103  1223 D SatelliteController: isSatelliteAttachSupportedViaConfigupdater: return null (satelliteConfig is null)
05-12 08:32:10.627  1103  1223 D SatelliteController: getSatellitePerPlmnConfiguration: invalid subId or not supported via carrier.
05-12 08:32:10.627  1103  1223 D SatelliteController: getCarrierRoamingNtnConnectType: config: null
05-12 08:32:10.627  1103  1223 D TelephonyConfigUpdateInstallReceiver: getConfigParser: domain=satellite
05-12 08:32:10.627  1103  1223 V SatelliteController: satelliteConfigParser is not ready
05-12 08:32:10.627  1103  1223 D SatelliteController: getCarrierRoamingNtnConnectTypeViaConfigUpdater: return null (satelliteConfig is null)
05-12 08:32:10.628  1103  1223 D SatelliteController: getCarrierRoamingNtnConnectType: Falling back to global carrier config connect type: 0
05-12 08:32:10.628  1103  1223 D TelephonyConfigUpdateInstallReceiver: getConfigParser: domain=satellite
05-12 08:32:10.628  1103  1223 V SatelliteController: satelliteConfigParser is not ready
05-12 08:32:10.628  1103  1223 D SatelliteController: isSatelliteAttachSupportedViaConfigupdater: return null (satelliteConfig is null)
05-12 08:32:10.629  1103  1223 D SatelliteController: getCarrierRoamingNtnConnectType: Checking connect type from PLMN config for subId: 1
05-12 08:32:10.639  1103  1223 D TelephonyConfigUpdateInstallReceiver: getConfigParser: domain=satellite
05-12 08:32:10.639  1103  1223 V SatelliteController: satelliteConfigParser is not ready
05-12 08:32:10.639  1103  1223 D SatelliteController: isSatelliteAttachSupportedViaConfigupdater: return null (satelliteConfig is null)
05-12 08:32:10.641  1103  1223 D SatelliteController: getSatellitePerPlmnConfiguration: invalid subId or not supported via carrier.
05-12 08:32:10.642  1103  1223 D SatelliteController: getCarrierRoamingNtnConnectType: config: null
05-12 08:32:10.642  1103  1223 D TelephonyConfigUpdateInstallReceiver: getConfigParser: domain=satellite
05-12 08:32:10.642  1103  1223 V SatelliteController: satelliteConfigParser is not ready
05-12 08:32:10.642  1103  1223 D SatelliteController: getCarrierRoamingNtnConnectTypeViaConfigUpdater: return null (satelliteConfig is null)
05-12 08:32:10.643  1103  1223 D SatelliteController: getCarrierRoamingNtnConnectType: Falling back to global carrier config connect type: 0
05-12 08:32:10.644  1103  1223 D TelephonyConfigUpdateInstallReceiver: getConfigParser: domain=satellite
05-12 08:32:10.644  1103  1223 V SatelliteController: satelliteConfigParser is not ready
05-12 08:32:10.644  1103  1223 D SatelliteController: isSatelliteAttachSupportedViaConfigupdater: return null (satelliteConfig is null)
05-12 08:32:10.657   522   548 W skia    : AGTM parsing failed flags.readFromStream(s) at 159
05-12 08:32:10.658   522   548 W skia    : AGTM parsing failed flags.readFromStream(s) at 159
05-12 08:32:10.658   522   548 W skia    : AGTM parsing failed flags.readFromStream(s) at 159
05-12 08:32:10.658   522   548 W skia    : AGTM parsing failed flags.readFromStream(s) at 159
05-12 08:32:10.658   522   548 W skia    : AGTM parsing failed flags.readFromStream(s) at 159
05-12 08:32:10.659   522   548 W skia    : AGTM parsing failed flags.readFromStream(s) at 159
05-12 08:32:10.659   522   548 W skia    : AGTM parsing failed flags.readFromStream(s) at 159
05-12 08:32:10.661   683   841 I HalDevMgr: bestIfaceCreationProposal is null, requestIface=STA, existingIface=[name=wlan0 type=STA]
05-12 08:32:10.663   683   847 W libbinder.IPCThreadState: Sending oneway calls to frozen process.
05-12 08:32:10.664   683   847 W libbinder.IPCThreadState: Sending oneway calls to frozen process.
05-12 08:32:10.664   683   847 W libbinder.IPCThreadState: Sending oneway calls to frozen process.
05-12 08:32:10.675   522   548 W skia    : AGTM parsing failed flags.readFromStream(s) at 159
05-12 08:32:10.676   522   548 W skia    : AGTM parsing failed flags.readFromStream(s) at 159
05-12 08:32:10.676   522   548 W skia    : AGTM parsing failed flags.readFromStream(s) at 159
05-12 08:32:10.676   522   548 W skia    : AGTM parsing failed flags.readFromStream(s) at 159
05-12 08:32:10.676   522   548 W skia    : AGTM parsing failed flags.readFromStream(s) at 159
05-12 08:32:10.676   522   548 W skia    : AGTM parsing failed flags.readFromStream(s) at 159
05-12 08:32:10.676   522   548 W skia    : AGTM parsing failed flags.readFromStream(s) at 159
05-12 08:32:10.691   522   548 W skia    : AGTM parsing failed flags.readFromStream(s) at 159
05-12 08:32:10.691   522   548 W skia    : AGTM parsing failed flags.readFromStream(s) at 159
05-12 08:32:10.692   522   548 W skia    : AGTM parsing failed flags.readFromStream(s) at 159
05-12 08:32:10.692   522   548 W skia    : AGTM parsing failed flags.readFromStream(s) at 159
05-12 08:32:10.693   522   548 W skia    : AGTM parsing failed flags.readFromStream(s) at 159
05-12 08:32:10.693   522   548 W skia    : AGTM parsing failed flags.readFromStream(s) at 159
05-12 08:32:10.693   522   548 W skia    : AGTM parsing failed flags.readFromStream(s) at 159
05-12 08:32:10.696   949  1499 V WindowManagerShell: Received remote transition finished callback for (#51)
05-12 08:32:10.697   949   991 V WindowManagerShell: Transition animation finished (aborted=false), notifying core (#51) android.os.BinderProxy@70fb077@0
05-12 08:32:10.705   683   705 V WindowManager: Finish Transition (#51): created at 05-12 08:32:09.974 collect-started=0.388ms request-sent=27.326ms started=52.619ms ready=115.698ms sent=129.764ms commit=36.532ms finished=728.712ms
05-12 08:32:10.737   949  1247 D WallpaperService: onVisibilityChanged(false): com.android.systemui.wallpapers.ImageWallpaper$CanvasEngine@2fae8a4
05-12 08:32:10.737   949   991 V WindowManagerShell: Track 0 became idle
05-12 08:32:10.737   949   991 V WindowManagerShell: All active transition animations finished
05-12 08:32:10.739  1110  1110 D VRI[NexusLauncherActivity]: visibilityChanged oldVisibility=true newVisibility=false
05-12 08:32:10.742  1110  1110 D SmartspaceInteractor: notifySmartspaceEvent: SmartspaceTargetEvent{mSmartspaceTarget=null, mSmartspaceActionId='null', mEventType=7}
05-12 08:32:10.767   522   548 W skia    : AGTM parsing failed flags.readFromStream(s) at 159
05-12 08:32:10.774   683   705 I ActivityTaskManager: Displayed com.techohns.moneymate/.MainActivity for user 0: +798ms
05-12 08:32:10.820 15843 15843 I Choreographer: Skipped 39 frames!  The application may be doing too much work on its main thread.
05-12 08:32:10.832  1110  1110 D BaseActivity: Launcher flags updated: [] -[state_started]
05-12 08:32:10.832  1110  1110 D BaseDepthController: setSurface:
05-12 08:32:10.832  1110  1110 D BaseDepthController: 	mWaitingOnSurfaceValidity: false
05-12 08:32:10.832  1110  1110 D BaseDepthController: 	mBaseSurface: null
05-12 08:32:10.833  1110  1110 D BaseDepthController: mSurface is null and mCurrentBlur is: 105
05-12 08:32:10.834  1110  1110 D KeyboardStateManager: hideKeyboard
05-12 08:32:10.835  1110  1110 D KeyboardStateManager: isImeShown: false
05-12 08:32:10.835  1110  1110 D StatsLog: LAUNCHER_ONSTOP
05-12 08:32:10.836  1110  1763 D GmsPlayProvider: Initiating graceful shutdown of binder channel.
05-12 08:32:10.842  1110  1110 D StatsLog: LAUNCHER_GOOGLE_SEARCH_RESTORE_LIST_SIZE_AFTER_ACTIVITY_RESTART
05-12 08:32:10.849  1110  1140 I libbinder.IPCThreadState: oneway function results for code 2 on binder at 0x7af9542c24a0 will be dropped but finished with status UNKNOWN_TRANSACTION
05-12 08:32:10.851   683   806 I ImeTracker: com.techohns.moneymate:d192d29e: onRequestHide at ORIGIN_SERVER reason HIDE_UNSPECIFIED_WINDOW fromUser false userId 0 displayId 0
05-12 08:32:10.853  2084  2084 I PlayCloudSearchChimeraS: Stopping the server
05-12 08:32:10.853  2084  2084 I PlayCloudSearchLifeCycl: Stopping the GRPC server
05-12 08:32:10.856   683   806 D InputMethodManagerService: Attach new input but force hide
05-12 08:32:10.857   683   806 I ImeTracker: com.techohns.moneymate:9d1dc13e: onRequestHide at ORIGIN_SERVER reason HIDE_SOFT_INPUT fromUser false userId 0 displayId 0
05-12 08:32:10.857   683   806 I ImeTracker: com.techohns.moneymate:9d1dc13e: onCancelled at PHASE_SERVER_SHOULD_HIDE
05-12 08:32:10.858  3106  3106 I GoogleInputMethodService: GoogleInputMethodService.onFinishInput():2159 
05-12 08:32:10.858   683   806 W InputChannel-JNI: Channel already disposed.
05-12 08:32:10.860  1110  1763 D GmsPlayProvider: Binder channel was terminated gracefully.
05-12 08:32:10.868   683  1659 I ImeTracker: system_server:a71a4db8: onRequestHide at ORIGIN_SERVER reason IME_REQUESTED_CHANGED_LISTENER fromUser false displayId 0
05-12 08:32:10.870  3106  3106 I Module  : DeviceLockedStatusModuleProvider$Module.updateDeviceLockedStatus():103 repeatCheckTimes = 0, locked = false
05-12 08:32:10.876  3106  3106 I GoogleInputMethodService: GoogleInputMethodService.onStartInput():1434 onStartInput(EditorInfo{EditorInfo{packageName=com.techohns.moneymate, inputType=0, inputTypeString=NULL, enableLearning=false, autoCorrection=false, autoComplete=false, imeOptions=0, privateImeOptions=null, actionName=UNSPECIFIED, actionLabel=null, initialSelStart=-1, initialSelEnd=-1, initialCapsMode=0, label=null, fieldId=0, fieldName=null, extras=null, hintText=null, hintLocales=[]}}, false)
05-12 08:32:10.877   683   708 I ImeTracker: system_server:a71a4db8: onCancelled at PHASE_SERVER_SHOULD_HIDE
05-12 08:32:10.878   522   548 W skia    : AGTM parsing failed flags.readFromStream(s) at 159
05-12 08:32:10.879   522   548 W skia    : AGTM parsing failed flags.readFromStream(s) at 159
05-12 08:32:10.882  3106  3106 W AndroidIME: LatinIMEBase.updateInputViewCoverNavigation():317 Null input view, cannot update padding!
05-12 08:32:10.886  3106  3106 I Module  : DeviceLockedStatusModuleProvider$Module.updateDeviceLockedStatus():103 repeatCheckTimes = 1, locked = false
05-12 08:32:10.892   683  1659 W PackageConfigPersister: App-specific configuration not found for packageName: com.techohns.moneymate and userId: 0
05-12 08:32:10.940 15843 15843 D InsetsController: hide(ime())
05-12 08:32:10.941 15843 15843 I ImeTracker: com.techohns.moneymate:d192d29e: onCancelled at PHASE_CLIENT_ALREADY_HIDDEN
05-12 08:32:10.981   522   548 W skia    : AGTM parsing failed flags.readFromStream(s) at 159
05-12 08:32:10.981   522   548 W skia    : AGTM parsing failed flags.readFromStream(s) at 159
05-12 08:32:11.080   522   548 W skia    : AGTM parsing failed flags.readFromStream(s) at 159
05-12 08:32:11.184   522   548 W skia    : AGTM parsing failed flags.readFromStream(s) at 159
05-12 08:32:13.018   472  3972 D android.hardware.audio@7.1-impl.ranchu: threadLoop: entering standby, frames: 1045568
05-12 08:32:13.018   472  3972 D android.hardware.audio@7.1-impl.ranchu: ~TinyalsaSink: joining consumeThread
05-12 08:32:13.019   472 15965 D android.hardware.audio@7.1-impl.ranchu: consumeThread: exiting
05-12 08:32:13.019   472  3972 D android.hardware.audio@7.1-impl.ranchu: ~TinyalsaSink: stopping PCM stream
05-12 08:32:13.507   683  1538 E TaskPersister: File error accessing recents directory (directory doesn't exist?).
05-12 08:32:13.677   683   841 I HalDevMgr: bestIfaceCreationProposal is null, requestIface=STA, existingIface=[name=wlan0 type=STA]
05-12 08:32:15.292  1037 15924 D NetworkMonitor/102: PROBE_FALLBACK http://www.google.com/gen_204 Probe failed with exception java.net.UnknownHostException: Unable to resolve host "www.google.com": No address associated with hostname
05-12 08:32:15.313  1037 15925 D NetworkMonitor/102: PROBE_HTTPS https://www.google.com/generate_204 Probe failed with exception java.net.UnknownHostException: Unable to resolve host "www.google.com": No address associated with hostname
05-12 08:32:15.356  1037 15926 D NetworkMonitor/102: PROBE_HTTP http://connectivitycheck.gstatic.com/generate_204 Probe failed with exception java.net.UnknownHostException: Unable to resolve host "connectivitycheck.gstatic.com": No address associated with hostname
05-12 08:32:15.357  1037 15924 D NetworkMonitor/102: isCaptivePortal: isSuccessful()=false isPortal()=false RedirectUrl=null isPartialConnectivity()=false Time=20101ms
05-12 08:32:15.360   683   847 D ConnectivityService: [102 CELLULAR] validation failed
05-12 08:32:15.829   932   932 I wpa_supplicant: wlan0: CTRL-EVENT-BEACON-LOSS 
05-12 08:32:16.684   683   871 I AdbWifiNetworkMonitor: Wi-Fi network available
05-12 08:32:16.685   683   871 I AdbWifiNetworkMonitor: Received the same Wi-Fi SSID. Ignoring.
05-12 08:32:16.696   683   841 I HalDevMgr: bestIfaceCreationProposal is null, requestIface=STA, existingIface=[name=wlan0 type=STA]
05-12 08:32:16.696   683   847 W libbinder.IPCThreadState: Sending oneway calls to frozen process.
05-12 08:32:16.697   683   847 W libbinder.IPCThreadState: Sending oneway calls to frozen process.
05-12 08:32:16.697   683   847 W libbinder.IPCThreadState: Sending oneway calls to frozen process.
05-12 08:32:18.057   534   534 I adbd    : adbd service requested 'shell,v2,raw:dumpsys package com.google.android.gms'
05-12 08:32:18.454  2024  2041 I artd    : GetBestInfo: odex next to the dex file (/data/app/~~plpyiufaiVAQyIpxIr0Cuw==/com.google.android.gms-wbGblO8WslDG31t9qeYnNw==/oat/x86_64/base.odex) is kOatUpToDate with filter 'speed-profile' executable 'false'
05-12 08:32:18.459  2024  2041 I artd    : GetBestInfo: dm (/data/app/~~plpyiufaiVAQyIpxIr0Cuw==/com.google.android.gms-wbGblO8WslDG31t9qeYnNw==/split_AdsDynamite_installtime.dm) is kOatUpToDate with filter 'verify' executable 'false'
05-12 08:32:18.462  2024  2041 I artd    : GetBestInfo: odex next to the dex file (/data/app/~~plpyiufaiVAQyIpxIr0Cuw==/com.google.android.gms-wbGblO8WslDG31t9qeYnNw==/oat/x86_64/split_CronetDynamite_installtime.odex) is kOatUpToDate with filter 'speed-profile' executable 'false'
05-12 08:32:18.466  2024  2041 I artd    : GetBestInfo: dm (/data/app/~~plpyiufaiVAQyIpxIr0Cuw==/com.google.android.gms-wbGblO8WslDG31t9qeYnNw==/split_DynamiteLoader_installtime.dm) is kOatUpToDate with filter 'verify' executable 'false'
05-12 08:32:18.470  2024  2041 I artd    : GetBestInfo: dm (/data/app/~~plpyiufaiVAQyIpxIr0Cuw==/com.google.android.gms-wbGblO8WslDG31t9qeYnNw==/split_DynamiteModulesA_installtime.dm) is kOatUpToDate with filter 'verify' executable 'false'
05-12 08:32:18.473  2024  2041 I artd    : GetBestInfo: dm (/data/app/~~plpyiufaiVAQyIpxIr0Cuw==/com.google.android.gms-wbGblO8WslDG31t9qeYnNw==/split_DynamiteModulesC_installtime.dm) is kOatUpToDate with filter 'verify' executable 'false'
05-12 08:32:18.476  2024  2041 I artd    : GetBestInfo: dm (/data/app/~~plpyiufaiVAQyIpxIr0Cuw==/com.google.android.gms-wbGblO8WslDG31t9qeYnNw==/split_GoogleCertificates_installtime.dm) is kOatUpToDate with filter 'verify' executable 'false'
05-12 08:32:18.480  2024  2041 I artd    : GetBestInfo: dm (/data/app/~~plpyiufaiVAQyIpxIr0Cuw==/com.google.android.gms-wbGblO8WslDG31t9qeYnNw==/split_MapsDynamite_installtime.dm) is kOatUpToDate with filter 'verify' executable 'false'
05-12 08:32:18.483  2024  2041 I artd    : GetBestInfo: dm (/data/app/~~plpyiufaiVAQyIpxIr0Cuw==/com.google.android.gms-wbGblO8WslDG31t9qeYnNw==/split_MeasurementDynamite_installtime.dm) is kOatUpToDate with filter 'verify' executable 'false'
05-12 08:32:18.486  2024  2041 I artd    : GetBestInfo: dm (/data/app/~~plpyiufaiVAQyIpxIr0Cuw==/com.google.android.gms-wbGblO8WslDG31t9qeYnNw==/split_all_locale_splits.dm) is kOatUpToDate with filter 'verify' executable 'false'
05-12 08:32:18.489  2024  2041 I artd    : GetBestInfo: /data/user_de/0/com.google.android.gms/app_chimera/m/00000011/dl-Appsearch.optional_261631100800.apk has no usable artifacts
05-12 08:32:18.490  2024  2041 I artd    : GetBestInfo: /data/user_de/0/com.google.android.gms/app_chimera/m/00000001/CronetDynamite.apk has no usable artifacts
05-12 08:32:18.492  2024  2041 I artd    : GetBestInfo: /data/user_de/0/com.google.android.gms/app_chimera/m/00000002/DynamiteLoader.apk has no usable artifacts
05-12 08:32:18.493  2024  2041 I artd    : GetBestInfo: /data/user_de/0/com.google.android.gms/app_chimera/m/00000005/GoogleCertificates.apk has no usable artifacts
05-12 08:32:18.496  2024  2041 I artd    : GetBestInfo: /data/user_de/0/com.google.android.gms/app_chimera/m/0000000c/dl-MlkitOcrCommon.optional_261631100800.apk has no usable artifacts
05-12 08:32:18.500  2024  2041 I artd    : GetBestInfo: /data/user_de/0/com.google.android.gms/app_chimera/m/0000000a/dl-MlkitOcrCommon.optional_261136100800.apk has no usable artifacts
05-12 08:32:18.504  2024  2041 I artd    : GetBestInfo: /data/user_de/0/com.google.android.gms/app_chimera/m/00000008/dl-VisionOcr.optional_261136100000.apk has no usable artifacts
05-12 08:32:18.507  2024  2041 I artd    : GetBestInfo: /data/user_de/0/com.google.android.gms/app_chimera/m/0000000e/dl-PlayCloudSearch.optional_261631100000.apk has no usable artifacts
05-12 08:32:18.510  2024  2041 I artd    : GetBestInfo: /data/user_de/0/com.google.android.gms/app_chimera/m/00000010/dl-VisionOcr.optional_261631100000.apk has no usable artifacts
05-12 08:32:18.513  2024  2041 I artd    : GetBestInfo: /data/user_de/0/com.google.android.gms/app_chimera/m/00000012/dl-IdentityCredentialsPlatform.optional_261631100800.apk has no usable artifacts
05-12 08:32:18.516  2024  2041 I artd    : GetBestInfo: /data/user_de/0/com.google.android.gms/app_chimera/m/00000009/dl-TfliteDynamiteDynamite.integ_260580502100800.apk has no usable artifacts
05-12 08:32:18.520  2024  2041 I artd    : GetBestInfo: vdex next to the dex file (/data/user/0/com.google.android.gms/app_dg_cache/BBB8ADBA11F43674FC873CF50B06D4CFE87E958C/oat/x86_64/the.vdex) is kOatUpToDate with filter 'verify' executable 'false'
05-12 08:32:18.522  2024  2041 I artd    : GetBestInfo: /data/user_de/0/com.google.android.gms/app_chimera/m/0000000f/dl-MlkitBarcodeUi.optional_261631100800.apk has no usable artifacts
05-12 08:32:18.526  2024  2041 I artd    : GetBestInfo: /data/user_de/0/com.google.android.gms/app_chimera/m/00000007/MeasurementDynamite.apk has no usable artifacts
05-12 08:32:18.529  2024  2041 I artd    : GetBestInfo: /data/user_de/0/com.google.android.gms/app_chimera/m/0000000b/dl-PlayCloudSearch.optional_261136100000.apk has no usable artifacts
05-12 08:32:19.707   683   841 I HalDevMgr: bestIfaceCreationProposal is null, requestIface=STA, existingIface=[name=wlan0 type=STA]
05-12 08:32:20.619  1103  1223 D SatelliteController: isInCarrierRoamingNbIotNtn: satellite is disabled
05-12 08:32:20.619  1103  1223 D SatelliteController: getCarrierRoamingNtnConnectType: Checking connect type from PLMN config for subId: 1
05-12 08:32:20.619  1103  1223 D TelephonyConfigUpdateInstallReceiver: getConfigParser: domain=satellite
05-12 08:32:20.619  1103  1223 V SatelliteController: satelliteConfigParser is not ready
05-12 08:32:20.620  1103  1223 D SatelliteController: isSatelliteAttachSupportedViaConfigupdater: return null (satelliteConfig is null)
05-12 08:32:20.620  1103  1223 D SatelliteController: getSatellitePerPlmnConfiguration: invalid subId or not supported via carrier.
05-12 08:32:20.621  1103  1223 D SatelliteController: getCarrierRoamingNtnConnectType: config: null
05-12 08:32:20.621  1103  1223 D TelephonyConfigUpdateInstallReceiver: getConfigParser: domain=satellite
05-12 08:32:20.621  1103  1223 V SatelliteController: satelliteConfigParser is not ready
05-12 08:32:20.621  1103  1223 D SatelliteController: getCarrierRoamingNtnConnectTypeViaConfigUpdater: return null (satelliteConfig is null)
05-12 08:32:20.621  1103  1223 D SatelliteController: getCarrierRoamingNtnConnectType: Falling back to global carrier config connect type: 0
05-12 08:32:20.623  1103  1223 D TelephonyConfigUpdateInstallReceiver: getConfigParser: domain=satellite
05-12 08:32:20.623  1103  1223 V SatelliteController: satelliteConfigParser is not ready
05-12 08:32:20.623  1103  1223 D SatelliteController: isSatelliteAttachSupportedViaConfigupdater: return null (satelliteConfig is null)
05-12 08:32:20.625  1103  1223 D SatelliteController: getCarrierRoamingNtnConnectType: Checking connect type from PLMN config for subId: 1
05-12 08:32:20.625  1103  1223 D TelephonyConfigUpdateInstallReceiver: getConfigParser: domain=satellite
05-12 08:32:20.625  1103  1223 V SatelliteController: satelliteConfigParser is not ready
05-12 08:32:20.625  1103  1223 D SatelliteController: isSatelliteAttachSupportedViaConfigupdater: return null (satelliteConfig is null)
05-12 08:32:20.626  1103  1223 D SatelliteController: getSatellitePerPlmnConfiguration: invalid subId or not supported via carrier.
05-12 08:32:20.626  1103  1223 D SatelliteController: getCarrierRoamingNtnConnectType: config: null
05-12 08:32:20.626  1103  1223 D TelephonyConfigUpdateInstallReceiver: getConfigParser: domain=satellite
05-12 08:32:20.626  1103  1223 V SatelliteController: satelliteConfigParser is not ready
05-12 08:32:20.626  1103  1223 D SatelliteController: getCarrierRoamingNtnConnectTypeViaConfigUpdater: return null (satelliteConfig is null)
05-12 08:32:20.626  1103  1223 D SatelliteController: getCarrierRoamingNtnConnectType: Falling back to global carrier config connect type: 0
05-12 08:32:20.626  1103  1223 D TelephonyConfigUpdateInstallReceiver: getConfigParser: domain=satellite
05-12 08:32:20.626  1103  1223 V SatelliteController: satelliteConfigParser is not ready
05-12 08:32:20.626  1103  1223 D SatelliteController: isSatelliteAttachSupportedViaConfigupdater: return null (satelliteConfig is null)
05-12 08:32:22.720   683   841 I HalDevMgr: bestIfaceCreationProposal is null, requestIface=STA, existingIface=[name=wlan0 type=STA]
05-12 08:32:24.024   932   932 I wpa_supplicant: wlan0: CTRL-EVENT-BEACON-LOSS 
05-12 08:32:25.734   683   841 I HalDevMgr: bestIfaceCreationProposal is null, requestIface=STA, existingIface=[name=wlan0 type=STA]
05-12 08:32:25.749  1037  1182 D IpClient/wlan0: interfaceLinkStateChanged: ifindex 16 up
05-12 08:32:25.761  1037  1182 D IpClient/wlan0: interfaceLinkStateChanged: ifindex 16 up
05-12 08:32:28.044   534   534 I adbd    : adbd service requested 'shell,v2,raw:dumpsys package com.google.android.gms'
05-12 08:32:28.454  2024  4798 I artd    : GetBestInfo: odex next to the dex file (/data/app/~~plpyiufaiVAQyIpxIr0Cuw==/com.google.android.gms-wbGblO8WslDG31t9qeYnNw==/oat/x86_64/base.odex) is kOatUpToDate with filter 'speed-profile' executable 'false'
05-12 08:32:28.459  2024  4798 I artd    : GetBestInfo: dm (/data/app/~~plpyiufaiVAQyIpxIr0Cuw==/com.google.android.gms-wbGblO8WslDG31t9qeYnNw==/split_AdsDynamite_installtime.dm) is kOatUpToDate with filter 'verify' executable 'false'
05-12 08:32:28.463  2024  4798 I artd    : GetBestInfo: odex next to the dex file (/data/app/~~plpyiufaiVAQyIpxIr0Cuw==/com.google.android.gms-wbGblO8WslDG31t9qeYnNw==/oat/x86_64/split_CronetDynamite_installtime.odex) is kOatUpToDate with filter 'speed-profile' executable 'false'
05-12 08:32:28.467  2024  4798 I artd    : GetBestInfo: dm (/data/app/~~plpyiufaiVAQyIpxIr0Cuw==/com.google.android.gms-wbGblO8WslDG31t9qeYnNw==/split_DynamiteLoader_installtime.dm) is kOatUpToDate with filter 'verify' executable 'false'
05-12 08:32:28.472  2024  4798 I artd    : GetBestInfo: dm (/data/app/~~plpyiufaiVAQyIpxIr0Cuw==/com.google.android.gms-wbGblO8WslDG31t9qeYnNw==/split_DynamiteModulesA_installtime.dm) is kOatUpToDate with filter 'verify' executable 'false'
05-12 08:32:28.478  2024  4798 I artd    : GetBestInfo: dm (/data/app/~~plpyiufaiVAQyIpxIr0Cuw==/com.google.android.gms-wbGblO8WslDG31t9qeYnNw==/split_DynamiteModulesC_installtime.dm) is kOatUpToDate with filter 'verify' executable 'false'
05-12 08:32:28.482  2024  4798 I artd    : GetBestInfo: dm (/data/app/~~plpyiufaiVAQyIpxIr0Cuw==/com.google.android.gms-wbGblO8WslDG31t9qeYnNw==/split_GoogleCertificates_installtime.dm) is kOatUpToDate with filter 'verify' executable 'false'
05-12 08:32:28.486  2024  4798 I artd    : GetBestInfo: dm (/data/app/~~plpyiufaiVAQyIpxIr0Cuw==/com.google.android.gms-wbGblO8WslDG31t9qeYnNw==/split_MapsDynamite_installtime.dm) is kOatUpToDate with filter 'verify' executable 'false'
05-12 08:32:28.490  2024  4798 I artd    : GetBestInfo: dm (/data/app/~~plpyiufaiVAQyIpxIr0Cuw==/com.google.android.gms-wbGblO8WslDG31t9qeYnNw==/split_MeasurementDynamite_installtime.dm) is kOatUpToDate with filter 'verify' executable 'false'
05-12 08:32:28.495  2024  4798 I artd    : GetBestInfo: dm (/data/app/~~plpyiufaiVAQyIpxIr0Cuw==/com.google.android.gms-wbGblO8WslDG31t9qeYnNw==/split_all_locale_splits.dm) is kOatUpToDate with filter 'verify' executable 'false'
05-12 08:32:28.498  2024  4798 I artd    : GetBestInfo: /data/user_de/0/com.google.android.gms/app_chimera/m/00000011/dl-Appsearch.optional_261631100800.apk has no usable artifacts
05-12 08:32:28.500  2024  4798 I artd    : GetBestInfo: /data/user_de/0/com.google.android.gms/app_chimera/m/00000001/CronetDynamite.apk has no usable artifacts
05-12 08:32:28.501  2024  4798 I artd    : GetBestInfo: /data/user_de/0/com.google.android.gms/app_chimera/m/00000002/DynamiteLoader.apk has no usable artifacts
05-12 08:32:28.501  2024  4798 I artd    : GetBestInfo: /data/user_de/0/com.google.android.gms/app_chimera/m/00000005/GoogleCertificates.apk has no usable artifacts
05-12 08:32:28.507  2024  4798 I artd    : GetBestInfo: /data/user_de/0/com.google.android.gms/app_chimera/m/0000000c/dl-MlkitOcrCommon.optional_261631100800.apk has no usable artifacts
05-12 08:32:28.513  2024  4798 I artd    : GetBestInfo: /data/user_de/0/com.google.android.gms/app_chimera/m/0000000a/dl-MlkitOcrCommon.optional_261136100800.apk has no usable artifacts
05-12 08:32:28.519  2024  2041 I artd    : GetBestInfo: /data/user_de/0/com.google.android.gms/app_chimera/m/00000008/dl-VisionOcr.optional_261136100000.apk has no usable artifacts
05-12 08:32:28.522  2024  2041 I artd    : GetBestInfo: /data/user_de/0/com.google.android.gms/app_chimera/m/0000000e/dl-PlayCloudSearch.optional_261631100000.apk has no usable artifacts
05-12 08:32:28.526  2024  2041 I artd    : GetBestInfo: /data/user_de/0/com.google.android.gms/app_chimera/m/00000010/dl-VisionOcr.optional_261631100000.apk has no usable artifacts
05-12 08:32:28.530  2024  2041 I artd    : GetBestInfo: /data/user_de/0/com.google.android.gms/app_chimera/m/00000012/dl-IdentityCredentialsPlatform.optional_261631100800.apk has no usable artifacts
05-12 08:32:28.536  2024  2041 I artd    : GetBestInfo: /data/user_de/0/com.google.android.gms/app_chimera/m/00000009/dl-TfliteDynamiteDynamite.integ_260580502100800.apk has no usable artifacts
05-12 08:32:28.542  2024  2041 I artd    : GetBestInfo: vdex next to the dex file (/data/user/0/com.google.android.gms/app_dg_cache/BBB8ADBA11F43674FC873CF50B06D4CFE87E958C/oat/x86_64/the.vdex) is kOatUpToDate with filter 'verify' executable 'false'
05-12 08:32:28.547  2024  2041 I artd    : GetBestInfo: /data/user_de/0/com.google.android.gms/app_chimera/m/0000000f/dl-MlkitBarcodeUi.optional_261631100800.apk has no usable artifacts
05-12 08:32:28.550  2024  2041 I artd    : GetBestInfo: /data/user_de/0/com.google.android.gms/app_chimera/m/00000007/MeasurementDynamite.apk has no usable artifacts
05-12 08:32:28.555  2024  2041 I artd    : GetBestInfo: /data/user_de/0/com.google.android.gms/app_chimera/m/0000000b/dl-PlayCloudSearch.optional_261136100000.apk has no usable artifacts
05-12 08:32:28.743   683   871 I AdbWifiNetworkMonitor: Wi-Fi network available
05-12 08:32:28.743   683   871 I AdbWifiNetworkMonitor: Received the same Wi-Fi SSID. Ignoring.
05-12 08:32:28.757   683   841 I HalDevMgr: bestIfaceCreationProposal is null, requestIface=STA, existingIface=[name=wlan0 type=STA]
05-12 08:32:28.759   683   847 W libbinder.IPCThreadState: Sending oneway calls to frozen process.
05-12 08:32:28.759   683   847 W libbinder.IPCThreadState: Sending oneway calls to frozen process.
05-12 08:32:28.760   683   847 W libbinder.IPCThreadState: Sending oneway calls to frozen process.
05-12 08:32:30.619  1103  1223 D SatelliteController: isInCarrierRoamingNbIotNtn: satellite is disabled
05-12 08:32:30.620  1103  1223 D SatelliteController: getCarrierRoamingNtnConnectType: Checking connect type from PLMN config for subId: 1
05-12 08:32:30.620  1103  1223 D TelephonyConfigUpdateInstallReceiver: getConfigParser: domain=satellite
05-12 08:32:30.620  1103  1223 V SatelliteController: satelliteConfigParser is not ready
05-12 08:32:30.620  1103  1223 D SatelliteController: isSatelliteAttachSupportedViaConfigupdater: return null (satelliteConfig is null)
05-12 08:32:30.621  1103  1223 D SatelliteController: getSatellitePerPlmnConfiguration: invalid subId or not supported via carrier.
05-12 08:32:30.621  1103  1223 D SatelliteController: getCarrierRoamingNtnConnectType: config: null
05-12 08:32:30.621  1103  1223 D TelephonyConfigUpdateInstallReceiver: getConfigParser: domain=satellite
05-12 08:32:30.622  1103  1223 V SatelliteController: satelliteConfigParser is not ready
05-12 08:32:30.622  1103  1223 D SatelliteController: getCarrierRoamingNtnConnectTypeViaConfigUpdater: return null (satelliteConfig is null)
05-12 08:32:30.623  1103  1223 D SatelliteController: getCarrierRoamingNtnConnectType: Falling back to global carrier config connect type: 0
05-12 08:32:30.624  1103  1223 D TelephonyConfigUpdateInstallReceiver: getConfigParser: domain=satellite
05-12 08:32:30.624  1103  1223 V SatelliteController: satelliteConfigParser is not ready
05-12 08:32:30.624  1103  1223 D SatelliteController: isSatelliteAttachSupportedViaConfigupdater: return null (satelliteConfig is null)
05-12 08:32:30.624  1103  1223 D SatelliteController: getCarrierRoamingNtnConnectType: Checking connect type from PLMN config for subId: 1
05-12 08:32:30.624  1103  1223 D TelephonyConfigUpdateInstallReceiver: getConfigParser: domain=satellite
05-12 08:32:30.625  1103  1223 V SatelliteController: satelliteConfigParser is not ready
05-12 08:32:30.625  1103  1223 D SatelliteController: isSatelliteAttachSupportedViaConfigupdater: return null (satelliteConfig is null)
05-12 08:32:30.625  1103  1223 D SatelliteController: getSatellitePerPlmnConfiguration: invalid subId or not supported via carrier.
05-12 08:32:30.625  1103  1223 D SatelliteController: getCarrierRoamingNtnConnectType: config: null
05-12 08:32:30.625  1103  1223 D TelephonyConfigUpdateInstallReceiver: getConfigParser: domain=satellite
05-12 08:32:30.625  1103  1223 V SatelliteController: satelliteConfigParser is not ready
05-12 08:32:30.625  1103  1223 D SatelliteController: getCarrierRoamingNtnConnectTypeViaConfigUpdater: return null (satelliteConfig is null)
05-12 08:32:30.626  1103  1223 D SatelliteController: getCarrierRoamingNtnConnectType: Falling back to global carrier config connect type: 0
05-12 08:32:30.626  1103  1223 D TelephonyConfigUpdateInstallReceiver: getConfigParser: domain=satellite
05-12 08:32:30.626  1103  1223 V SatelliteController: satelliteConfigParser is not ready
05-12 08:32:30.626  1103  1223 D SatelliteController: isSatelliteAttachSupportedViaConfigupdater: return null (satelliteConfig is null)
05-12 08:32:31.772   683   841 I HalDevMgr: bestIfaceCreationProposal is null, requestIface=STA, existingIface=[name=wlan0 type=STA]
05-12 08:32:31.786  1037  1182 D IpClient/wlan0: interfaceLinkStateChanged: ifindex 16 up
05-12 08:32:31.797  1037  1182 D IpClient/wlan0: interfaceLinkStateChanged: ifindex 16 up
05-12 08:32:31.956   932   932 I wpa_supplicant: wlan0: CTRL-EVENT-BEACON-LOSS 
05-12 08:32:33.628  1037  1037 W DnsResolver: resNetworkResult:android.system.ErrnoException: resNetworkResult failed: ETIMEDOUT (Connection timed out)
05-12 08:32:33.628  1037  1037 W DnsResolver: resNetworkResult:android.system.ErrnoException: resNetworkResult failed: ETIMEDOUT (Connection timed out)
05-12 08:32:33.629  1037  1037 W DnsResolver: resNetworkResult:android.system.ErrnoException: resNetworkResult failed: ETIMEDOUT (Connection timed out)
05-12 08:32:33.632  1037 15974 D NetworkMonitor/101: PROBE_DNS www.google.com 10024ms FAIL in type ADDRCONFIG android.net.DnsResolver$DnsException: android.system.ErrnoException: resNetworkResult failed: ETIMEDOUT (Connection timed out)
05-12 08:32:33.634  1037  1037 W DnsResolver: resNetworkResult:android.system.ErrnoException: resNetworkResult failed: ETIMEDOUT (Connection timed out)
05-12 08:32:33.637  1037 15975 D NetworkMonitor/101: PROBE_DNS connectivitycheck.gstatic.com 10031ms FAIL in type ADDRCONFIG android.net.DnsResolver$DnsException: android.system.ErrnoException: resNetworkResult failed: ETIMEDOUT (Connection timed out)
05-12 08:32:34.781   683   871 I AdbWifiNetworkMonitor: Wi-Fi network available
05-12 08:32:34.781   683   871 I AdbWifiNetworkMonitor: Received the same Wi-Fi SSID. Ignoring.
05-12 08:32:34.790   683   841 I HalDevMgr: bestIfaceCreationProposal is null, requestIface=STA, existingIface=[name=wlan0 type=STA]
05-12 08:32:34.794   683   847 W libbinder.IPCThreadState: Sending oneway calls to frozen process.
05-12 08:32:34.794   683   847 W libbinder.IPCThreadState: Sending oneway calls to frozen process.
05-12 08:32:34.794   683   847 W libbinder.IPCThreadState: Sending oneway calls to frozen process.
05-12 08:32:37.805   683   841 I HalDevMgr: bestIfaceCreationProposal is null, requestIface=STA, existingIface=[name=wlan0 type=STA]
05-12 08:32:38.074   534   534 I adbd    : adbd service requested 'shell,v2,raw:dumpsys package com.google.android.gms'
05-12 08:32:38.726  2024  2041 I artd    : GetBestInfo: odex next to the dex file (/data/app/~~plpyiufaiVAQyIpxIr0Cuw==/com.google.android.gms-wbGblO8WslDG31t9qeYnNw==/oat/x86_64/base.odex) is kOatUpToDate with filter 'speed-profile' executable 'false'
05-12 08:32:38.731  2024  2041 I artd    : GetBestInfo: dm (/data/app/~~plpyiufaiVAQyIpxIr0Cuw==/com.google.android.gms-wbGblO8WslDG31t9qeYnNw==/split_AdsDynamite_installtime.dm) is kOatUpToDate with filter 'verify' executable 'false'
05-12 08:32:38.736  2024  2041 I artd    : GetBestInfo: odex next to the dex file (/data/app/~~plpyiufaiVAQyIpxIr0Cuw==/com.google.android.gms-wbGblO8WslDG31t9qeYnNw==/oat/x86_64/split_CronetDynamite_installtime.odex) is kOatUpToDate with filter 'speed-profile' executable 'false'
05-12 08:32:38.741  2024  2041 I artd    : GetBestInfo: dm (/data/app/~~plpyiufaiVAQyIpxIr0Cuw==/com.google.android.gms-wbGblO8WslDG31t9qeYnNw==/split_DynamiteLoader_installtime.dm) is kOatUpToDate with filter 'verify' executable 'false'
05-12 08:32:38.745  2024  2041 I artd    : GetBestInfo: dm (/data/app/~~plpyiufaiVAQyIpxIr0Cuw==/com.google.android.gms-wbGblO8WslDG31t9qeYnNw==/split_DynamiteModulesA_installtime.dm) is kOatUpToDate with filter 'verify' executable 'false'
05-12 08:32:38.749  2024  2041 I artd    : GetBestInfo: dm (/data/app/~~plpyiufaiVAQyIpxIr0Cuw==/com.google.android.gms-wbGblO8WslDG31t9qeYnNw==/split_DynamiteModulesC_installtime.dm) is kOatUpToDate with filter 'verify' executable 'false'
05-12 08:32:38.753  2024  2041 I artd    : GetBestInfo: dm (/data/app/~~plpyiufaiVAQyIpxIr0Cuw==/com.google.android.gms-wbGblO8WslDG31t9qeYnNw==/split_GoogleCertificates_installtime.dm) is kOatUpToDate with filter 'verify' executable 'false'
05-12 08:32:38.757  2024  2041 I artd    : GetBestInfo: dm (/data/app/~~plpyiufaiVAQyIpxIr0Cuw==/com.google.android.gms-wbGblO8WslDG31t9qeYnNw==/split_MapsDynamite_installtime.dm) is kOatUpToDate with filter 'verify' executable 'false'
05-12 08:32:38.763  2024  2041 I artd    : GetBestInfo: dm (/data/app/~~plpyiufaiVAQyIpxIr0Cuw==/com.google.android.gms-wbGblO8WslDG31t9qeYnNw==/split_MeasurementDynamite_installtime.dm) is kOatUpToDate with filter 'verify' executable 'false'
05-12 08:32:38.767  2024  2041 I artd    : GetBestInfo: dm (/data/app/~~plpyiufaiVAQyIpxIr0Cuw==/com.google.android.gms-wbGblO8WslDG31t9qeYnNw==/split_all_locale_splits.dm) is kOatUpToDate with filter 'verify' executable 'false'
05-12 08:32:38.770  2024  2041 I artd    : GetBestInfo: /data/user_de/0/com.google.android.gms/app_chimera/m/00000011/dl-Appsearch.optional_261631100800.apk has no usable artifacts
05-12 08:32:38.772  2024  2041 I artd    : GetBestInfo: /data/user_de/0/com.google.android.gms/app_chimera/m/00000001/CronetDynamite.apk has no usable artifacts
05-12 08:32:38.773  2024  2041 I artd    : GetBestInfo: /data/user_de/0/com.google.android.gms/app_chimera/m/00000002/DynamiteLoader.apk has no usable artifacts
05-12 08:32:38.773  2024  2041 I artd    : GetBestInfo: /data/user_de/0/com.google.android.gms/app_chimera/m/00000005/GoogleCertificates.apk has no usable artifacts
05-12 08:32:38.776  2024  2041 I artd    : GetBestInfo: /data/user_de/0/com.google.android.gms/app_chimera/m/0000000c/dl-MlkitOcrCommon.optional_261631100800.apk has no usable artifacts
05-12 08:32:38.780  2024  2041 I artd    : GetBestInfo: /data/user_de/0/com.google.android.gms/app_chimera/m/0000000a/dl-MlkitOcrCommon.optional_261136100800.apk has no usable artifacts
05-12 08:32:38.785  2024  2041 I artd    : GetBestInfo: /data/user_de/0/com.google.android.gms/app_chimera/m/00000008/dl-VisionOcr.optional_261136100000.apk has no usable artifacts
05-12 08:32:38.789  2024  2041 I artd    : GetBestInfo: /data/user_de/0/com.google.android.gms/app_chimera/m/0000000e/dl-PlayCloudSearch.optional_261631100000.apk has no usable artifacts
05-12 08:32:38.793  2024  2041 I artd    : GetBestInfo: /data/user_de/0/com.google.android.gms/app_chimera/m/00000010/dl-VisionOcr.optional_261631100000.apk has no usable artifacts
05-12 08:32:38.797  2024  2041 I artd    : GetBestInfo: /data/user_de/0/com.google.android.gms/app_chimera/m/00000012/dl-IdentityCredentialsPlatform.optional_261631100800.apk has no usable artifacts
05-12 08:32:38.800  2024  2041 I artd    : GetBestInfo: /data/user_de/0/com.google.android.gms/app_chimera/m/00000009/dl-TfliteDynamiteDynamite.integ_260580502100800.apk has no usable artifacts
05-12 08:32:38.805  2024  2041 I artd    : GetBestInfo: vdex next to the dex file (/data/user/0/com.google.android.gms/app_dg_cache/BBB8ADBA11F43674FC873CF50B06D4CFE87E958C/oat/x86_64/the.vdex) is kOatUpToDate with filter 'verify' executable 'false'
05-12 08:32:38.808  2024  2041 I artd    : GetBestInfo: /data/user_de/0/com.google.android.gms/app_chimera/m/0000000f/dl-MlkitBarcodeUi.optional_261631100800.apk has no usable artifacts
05-12 08:32:38.812  2024  2041 I artd    : GetBestInfo: /data/user_de/0/com.google.android.gms/app_chimera/m/00000007/MeasurementDynamite.apk has no usable artifacts
05-12 08:32:38.817  2024  2041 I artd    : GetBestInfo: /data/user_de/0/com.google.android.gms/app_chimera/m/0000000b/dl-PlayCloudSearch.optional_261136100000.apk has no usable artifacts
05-12 08:32:39.894   932   932 I wpa_supplicant: wlan0: CTRL-EVENT-BEACON-LOSS 
05-12 08:32:40.620  1103  1223 D SatelliteController: isInCarrierRoamingNbIotNtn: satellite is disabled
05-12 08:32:40.620  1103  1223 D SatelliteController: getCarrierRoamingNtnConnectType: Checking connect type from PLMN config for subId: 1
05-12 08:32:40.620  1103  1223 D TelephonyConfigUpdateInstallReceiver: getConfigParser: domain=satellite
05-12 08:32:40.620  1103  1223 V SatelliteController: satelliteConfigParser is not ready
05-12 08:32:40.620  1103  1223 D SatelliteController: isSatelliteAttachSupportedViaConfigupdater: return null (satelliteConfig is null)
05-12 08:32:40.621  1103  1223 D SatelliteController: getSatellitePerPlmnConfiguration: invalid subId or not supported via carrier.
05-12 08:32:40.621  1103  1223 D SatelliteController: getCarrierRoamingNtnConnectType: config: null
05-12 08:32:40.622  1103  1223 D TelephonyConfigUpdateInstallReceiver: getConfigParser: domain=satellite
05-12 08:32:40.622  1103  1223 V SatelliteController: satelliteConfigParser is not ready
05-12 08:32:40.622  1103  1223 D SatelliteController: getCarrierRoamingNtnConnectTypeViaConfigUpdater: return null (satelliteConfig is null)
05-12 08:32:40.625  1103  1223 D SatelliteController: getCarrierRoamingNtnConnectType: Falling back to global carrier config connect type: 0
05-12 08:32:40.626  1103  1223 D TelephonyConfigUpdateInstallReceiver: getConfigParser: domain=satellite
05-12 08:32:40.627  1103  1223 V SatelliteController: satelliteConfigParser is not ready
05-12 08:32:40.627  1103  1223 D SatelliteController: isSatelliteAttachSupportedViaConfigupdater: return null (satelliteConfig is null)
05-12 08:32:40.628  1103  1223 D SatelliteController: getCarrierRoamingNtnConnectType: Checking connect type from PLMN config for subId: 1
05-12 08:32:40.629  1103  1223 D TelephonyConfigUpdateInstallReceiver: getConfigParser: domain=satellite
05-12 08:32:40.629  1103  1223 V SatelliteController: satelliteConfigParser is not ready
05-12 08:32:40.629  1103  1223 D SatelliteController: isSatelliteAttachSupportedViaConfigupdater: return null (satelliteConfig is null)
05-12 08:32:40.630  1103  1223 D SatelliteController: getSatellitePerPlmnConfiguration: invalid subId or not supported via carrier.
05-12 08:32:40.630  1103  1223 D SatelliteController: getCarrierRoamingNtnConnectType: config: null
05-12 08:32:40.630  1103  1223 D TelephonyConfigUpdateInstallReceiver: getConfigParser: domain=satellite
05-12 08:32:40.630  1103  1223 V SatelliteController: satelliteConfigParser is not ready
05-12 08:32:40.630  1103  1223 D SatelliteController: getCarrierRoamingNtnConnectTypeViaConfigUpdater: return null (satelliteConfig is null)
05-12 08:32:40.631  1103  1223 D SatelliteController: getCarrierRoamingNtnConnectType: Falling back to global carrier config connect type: 0
05-12 08:32:40.632  1103  1223 D TelephonyConfigUpdateInstallReceiver: getConfigParser: domain=satellite
05-12 08:32:40.632  1103  1223 V SatelliteController: satelliteConfigParser is not ready
05-12 08:32:40.632  1103  1223 D SatelliteController: isSatelliteAttachSupportedViaConfigupdater: return null (satelliteConfig is null)
05-12 08:32:40.665   522   548 W skia    : AGTM parsing failed flags.readFromStream(s) at 159
05-12 08:32:40.813   683   871 I AdbWifiNetworkMonitor: Wi-Fi network available
05-12 08:32:40.813   683   871 I AdbWifiNetworkMonitor: Received the same Wi-Fi SSID. Ignoring.
05-12 08:32:40.828   683   847 W libbinder.IPCThreadState: Sending oneway calls to frozen process.
05-12 08:32:40.829   683   847 W libbinder.IPCThreadState: Sending oneway calls to frozen process.
05-12 08:32:40.833   683   847 W libbinder.IPCThreadState: Sending oneway calls to frozen process.
05-12 08:32:40.837   683   841 I HalDevMgr: bestIfaceCreationProposal is null, requestIface=STA, existingIface=[name=wlan0 type=STA]
05-12 08:32:40.855  1037  1182 D IpClient/wlan0: interfaceLinkStateChanged: ifindex 16 up
05-12 08:32:40.862  1037  1182 D IpClient/wlan0: interfaceLinkStateChanged: ifindex 16 up
05-12 08:32:43.660  1037 15973 D NetworkMonitor/101: PROBE_FALLBACK http://www.google.com/gen_204 Probe failed with exception java.net.UnknownHostException: Unable to resolve host "www.google.com": No address associated with hostname
05-12 08:32:43.665  1037 15975 D NetworkMonitor/101: PROBE_HTTP http://connectivitycheck.gstatic.com/generate_204 Probe failed with exception java.net.UnknownHostException: Unable to resolve host "connectivitycheck.gstatic.com": No address associated with hostname
05-12 08:32:43.668  1037 15974 D NetworkMonitor/101: PROBE_HTTPS https://www.google.com/generate_204 Probe failed with exception java.net.UnknownHostException: Unable to resolve host "www.google.com": No address associated with hostname
05-12 08:32:43.669  1037 15973 D NetworkMonitor/101: isCaptivePortal: isSuccessful()=false isPortal()=false RedirectUrl=null isPartialConnectivity()=false Time=20066ms
05-12 08:32:43.673   683   847 D ConnectivityService: [101 WIFI] validation failed
05-12 08:32:43.674   683   841 I WifiClientModeImpl: WifiConnectivityDiagnosticsCallback onConnectivityReportAvailable
05-12 08:32:43.844   683   871 I AdbWifiNetworkMonitor: Wi-Fi network available
05-12 08:32:43.844   683   871 I AdbWifiNetworkMonitor: Received the same Wi-Fi SSID. Ignoring.
05-12 08:32:43.853   683   841 I HalDevMgr: bestIfaceCreationProposal is null, requestIface=STA, existingIface=[name=wlan0 type=STA]
05-12 08:32:43.857   683   847 W libbinder.IPCThreadState: Sending oneway calls to frozen process.
05-12 08:32:43.858   683   847 W libbinder.IPCThreadState: Sending oneway calls to frozen process.
05-12 08:32:43.858   683   847 W libbinder.IPCThreadState: Sending oneway calls to frozen process.
05-12 08:32:46.868   683   841 I HalDevMgr: bestIfaceCreationProposal is null, requestIface=STA, existingIface=[name=wlan0 type=STA]
05-12 08:32:46.962   683   696 I system_server: Background young concurrent mark compact GC freed 21MB AllocSpace bytes, 4(128KB) LOS objects, 38% free, 35MB/58MB, paused 3.875ms,66.160ms total 100.863ms
