05-12 08:32:47.827   932   932 I wpa_supplicant: wlan0: CTRL-EVENT-BEACON-LOSS 
05-12 08:32:48.055   534   534 I adbd    : adbd service requested 'shell,v2,raw:dumpsys package com.google.android.gms'
05-12 08:32:48.526  2024  4798 I artd    : GetBestInfo: odex next to the dex file (/data/app/~~plpyiufaiVAQyIpxIr0Cuw==/com.google.android.gms-wbGblO8WslDG31t9qeYnNw==/oat/x86_64/base.odex) is kOatUpToDate with filter 'speed-profile' executable 'false'
05-12 08:32:48.532  2024  4798 I artd    : GetBestInfo: dm (/data/app/~~plpyiufaiVAQyIpxIr0Cuw==/com.google.android.gms-wbGblO8WslDG31t9qeYnNw==/split_AdsDynamite_installtime.dm) is kOatUpToDate with filter 'verify' executable 'false'
05-12 08:32:48.538  2024  4798 I artd    : GetBestInfo: odex next to the dex file (/data/app/~~plpyiufaiVAQyIpxIr0Cuw==/com.google.android.gms-wbGblO8WslDG31t9qeYnNw==/oat/x86_64/split_CronetDynamite_installtime.odex) is kOatUpToDate with filter 'speed-profile' executable 'false'
05-12 08:32:48.543  2024  4798 I artd    : GetBestInfo: dm (/data/app/~~plpyiufaiVAQyIpxIr0Cuw==/com.google.android.gms-wbGblO8WslDG31t9qeYnNw==/split_DynamiteLoader_installtime.dm) is kOatUpToDate with filter 'verify' executable 'false'
05-12 08:32:48.548  2024  4798 I artd    : GetBestInfo: dm (/data/app/~~plpyiufaiVAQyIpxIr0Cuw==/com.google.android.gms-wbGblO8WslDG31t9qeYnNw==/split_DynamiteModulesA_installtime.dm) is kOatUpToDate with filter 'verify' executable 'false'
05-12 08:32:48.552  2024  4798 I artd    : GetBestInfo: dm (/data/app/~~plpyiufaiVAQyIpxIr0Cuw==/com.google.android.gms-wbGblO8WslDG31t9qeYnNw==/split_DynamiteModulesC_installtime.dm) is kOatUpToDate with filter 'verify' executable 'false'
05-12 08:32:48.557  2024  4798 I artd    : GetBestInfo: dm (/data/app/~~plpyiufaiVAQyIpxIr0Cuw==/com.google.android.gms-wbGblO8WslDG31t9qeYnNw==/split_GoogleCertificates_installtime.dm) is kOatUpToDate with filter 'verify' executable 'false'
05-12 08:32:48.561  2024  4798 I artd    : GetBestInfo: dm (/data/app/~~plpyiufaiVAQyIpxIr0Cuw==/com.google.android.gms-wbGblO8WslDG31t9qeYnNw==/split_MapsDynamite_installtime.dm) is kOatUpToDate with filter 'verify' executable 'false'
05-12 08:32:48.565  2024  4798 I artd    : GetBestInfo: dm (/data/app/~~plpyiufaiVAQyIpxIr0Cuw==/com.google.android.gms-wbGblO8WslDG31t9qeYnNw==/split_MeasurementDynamite_installtime.dm) is kOatUpToDate with filter 'verify' executable 'false'
05-12 08:32:48.570  2024  4798 I artd    : GetBestInfo: dm (/data/app/~~plpyiufaiVAQyIpxIr0Cuw==/com.google.android.gms-wbGblO8WslDG31t9qeYnNw==/split_all_locale_splits.dm) is kOatUpToDate with filter 'verify' executable 'false'
05-12 08:32:48.574  2024  4798 I artd    : GetBestInfo: /data/user_de/0/com.google.android.gms/app_chimera/m/00000011/dl-Appsearch.optional_261631100800.apk has no usable artifacts
05-12 08:32:48.577  2024  4798 I artd    : GetBestInfo: /data/user_de/0/com.google.android.gms/app_chimera/m/00000001/CronetDynamite.apk has no usable artifacts
05-12 08:32:48.578  2024  4798 I artd    : GetBestInfo: /data/user_de/0/com.google.android.gms/app_chimera/m/00000002/DynamiteLoader.apk has no usable artifacts
05-12 08:32:48.579  2024  4798 I artd    : GetBestInfo: /data/user_de/0/com.google.android.gms/app_chimera/m/00000005/GoogleCertificates.apk has no usable artifacts
05-12 08:32:48.584  2024  4798 I artd    : GetBestInfo: /data/user_de/0/com.google.android.gms/app_chimera/m/0000000c/dl-MlkitOcrCommon.optional_261631100800.apk has no usable artifacts
05-12 08:32:48.588  2024  4798 I artd    : GetBestInfo: /data/user_de/0/com.google.android.gms/app_chimera/m/0000000a/dl-MlkitOcrCommon.optional_261136100800.apk has no usable artifacts
05-12 08:32:48.593  2024  4798 I artd    : GetBestInfo: /data/user_de/0/com.google.android.gms/app_chimera/m/00000008/dl-VisionOcr.optional_261136100000.apk has no usable artifacts
05-12 08:32:48.597  2024  4798 I artd    : GetBestInfo: /data/user_de/0/com.google.android.gms/app_chimera/m/0000000e/dl-PlayCloudSearch.optional_261631100000.apk has no usable artifacts
05-12 08:32:48.600  2024  4798 I artd    : GetBestInfo: /data/user_de/0/com.google.android.gms/app_chimera/m/00000010/dl-VisionOcr.optional_261631100000.apk has no usable artifacts
05-12 08:32:48.604  2024  4798 I artd    : GetBestInfo: /data/user_de/0/com.google.android.gms/app_chimera/m/00000012/dl-IdentityCredentialsPlatform.optional_261631100800.apk has no usable artifacts
05-12 08:32:48.608  2024  4798 I artd    : GetBestInfo: /data/user_de/0/com.google.android.gms/app_chimera/m/00000009/dl-TfliteDynamiteDynamite.integ_260580502100800.apk has no usable artifacts
05-12 08:32:48.612  2024  4798 I artd    : GetBestInfo: vdex next to the dex file (/data/user/0/com.google.android.gms/app_dg_cache/BBB8ADBA11F43674FC873CF50B06D4CFE87E958C/oat/x86_64/the.vdex) is kOatUpToDate with filter 'verify' executable 'false'
05-12 08:32:48.617  2024  4798 I artd    : GetBestInfo: /data/user_de/0/com.google.android.gms/app_chimera/m/0000000f/dl-MlkitBarcodeUi.optional_261631100800.apk has no usable artifacts
05-12 08:32:48.620  2024  4798 I artd    : GetBestInfo: /data/user_de/0/com.google.android.gms/app_chimera/m/00000007/MeasurementDynamite.apk has no usable artifacts
05-12 08:32:48.625  2024  4798 I artd    : GetBestInfo: /data/user_de/0/com.google.android.gms/app_chimera/m/0000000b/dl-PlayCloudSearch.optional_261136100000.apk has no usable artifacts
05-12 08:32:49.877   683   871 I AdbWifiNetworkMonitor: Wi-Fi network available
05-12 08:32:49.877   683   871 I AdbWifiNetworkMonitor: Received the same Wi-Fi SSID. Ignoring.
05-12 08:32:49.889   683   847 W libbinder.IPCThreadState: Sending oneway calls to frozen process.
05-12 08:32:49.890   683   847 W libbinder.IPCThreadState: Sending oneway calls to frozen process.
05-12 08:32:49.890   683   847 W libbinder.IPCThreadState: Sending oneway calls to frozen process.
05-12 08:32:49.891   683   841 I HalDevMgr: bestIfaceCreationProposal is null, requestIface=STA, existingIface=[name=wlan0 type=STA]
05-12 08:32:49.911  1037  1182 D IpClient/wlan0: interfaceLinkStateChanged: ifindex 16 up
05-12 08:32:49.916  1037  1182 D IpClient/wlan0: interfaceLinkStateChanged: ifindex 16 up
05-12 08:32:50.619  1103  1223 D SatelliteController: isInCarrierRoamingNbIotNtn: satellite is disabled
05-12 08:32:50.619  1103  1223 D SatelliteController: getCarrierRoamingNtnConnectType: Checking connect type from PLMN config for subId: 1
05-12 08:32:50.619  1103  1223 D TelephonyConfigUpdateInstallReceiver: getConfigParser: domain=satellite
05-12 08:32:50.619  1103  1223 V SatelliteController: satelliteConfigParser is not ready
05-12 08:32:50.619  1103  1223 D SatelliteController: isSatelliteAttachSupportedViaConfigupdater: return null (satelliteConfig is null)
05-12 08:32:50.620  1103  1223 D SatelliteController: getSatellitePerPlmnConfiguration: invalid subId or not supported via carrier.
05-12 08:32:50.620  1103  1223 D SatelliteController: getCarrierRoamingNtnConnectType: config: null
05-12 08:32:50.620  1103  1223 D TelephonyConfigUpdateInstallReceiver: getConfigParser: domain=satellite
05-12 08:32:50.620  1103  1223 V SatelliteController: satelliteConfigParser is not ready
05-12 08:32:50.621  1103  1223 D SatelliteController: getCarrierRoamingNtnConnectTypeViaConfigUpdater: return null (satelliteConfig is null)
05-12 08:32:50.622  1103  1223 D SatelliteController: getCarrierRoamingNtnConnectType: Falling back to global carrier config connect type: 0
05-12 08:32:50.623  1103  1223 D TelephonyConfigUpdateInstallReceiver: getConfigParser: domain=satellite
05-12 08:32:50.624  1103  1223 V SatelliteController: satelliteConfigParser is not ready
05-12 08:32:50.624  1103  1223 D SatelliteController: isSatelliteAttachSupportedViaConfigupdater: return null (satelliteConfig is null)
05-12 08:32:50.626  1103  1223 D SatelliteController: getCarrierRoamingNtnConnectType: Checking connect type from PLMN config for subId: 1
05-12 08:32:50.626  1103  1223 D TelephonyConfigUpdateInstallReceiver: getConfigParser: domain=satellite
05-12 08:32:50.626  1103  1223 V SatelliteController: satelliteConfigParser is not ready
05-12 08:32:50.626  1103  1223 D SatelliteController: isSatelliteAttachSupportedViaConfigupdater: return null (satelliteConfig is null)
05-12 08:32:50.626  1103  1223 D SatelliteController: getSatellitePerPlmnConfiguration: invalid subId or not supported via carrier.
05-12 08:32:50.626  1103  1223 D SatelliteController: getCarrierRoamingNtnConnectType: config: null
05-12 08:32:50.626  1103  1223 D TelephonyConfigUpdateInstallReceiver: getConfigParser: domain=satellite
05-12 08:32:50.626  1103  1223 V SatelliteController: satelliteConfigParser is not ready
05-12 08:32:50.627  1103  1223 D SatelliteController: getCarrierRoamingNtnConnectTypeViaConfigUpdater: return null (satelliteConfig is null)
05-12 08:32:50.628  1103  1223 D SatelliteController: getCarrierRoamingNtnConnectType: Falling back to global carrier config connect type: 0
05-12 08:32:50.628  1103  1223 D TelephonyConfigUpdateInstallReceiver: getConfigParser: domain=satellite
05-12 08:32:50.628  1103  1223 V SatelliteController: satelliteConfigParser is not ready
05-12 08:32:50.628  1103  1223 D SatelliteController: isSatelliteAttachSupportedViaConfigupdater: return null (satelliteConfig is null)
05-12 08:32:52.904   683   871 I AdbWifiNetworkMonitor: Wi-Fi network available
05-12 08:32:52.904   683   871 I AdbWifiNetworkMonitor: Received the same Wi-Fi SSID. Ignoring.
05-12 08:32:52.911   683   841 I HalDevMgr: bestIfaceCreationProposal is null, requestIface=STA, existingIface=[name=wlan0 type=STA]
05-12 08:32:52.918   683   847 W libbinder.IPCThreadState: Sending oneway calls to frozen process.
05-12 08:32:52.918   683   847 W libbinder.IPCThreadState: Sending oneway calls to frozen process.
05-12 08:32:52.918   683   847 W libbinder.IPCThreadState: Sending oneway calls to frozen process.
05-12 08:32:55.923   683   841 I HalDevMgr: bestIfaceCreationProposal is null, requestIface=STA, existingIface=[name=wlan0 type=STA]
05-12 08:32:56.023   932   932 I wpa_supplicant: wlan0: CTRL-EVENT-BEACON-LOSS 
05-12 08:32:58.075   534   534 I adbd    : adbd service requested 'shell,v2,raw:dumpsys package com.google.android.gms'
05-12 08:32:58.506  2024  4798 I artd    : GetBestInfo: odex next to the dex file (/data/app/~~plpyiufaiVAQyIpxIr0Cuw==/com.google.android.gms-wbGblO8WslDG31t9qeYnNw==/oat/x86_64/base.odex) is kOatUpToDate with filter 'speed-profile' executable 'false'
05-12 08:32:58.510  2024  4798 I artd    : GetBestInfo: dm (/data/app/~~plpyiufaiVAQyIpxIr0Cuw==/com.google.android.gms-wbGblO8WslDG31t9qeYnNw==/split_AdsDynamite_installtime.dm) is kOatUpToDate with filter 'verify' executable 'false'
05-12 08:32:58.516  2024  4798 I artd    : GetBestInfo: odex next to the dex file (/data/app/~~plpyiufaiVAQyIpxIr0Cuw==/com.google.android.gms-wbGblO8WslDG31t9qeYnNw==/oat/x86_64/split_CronetDynamite_installtime.odex) is kOatUpToDate with filter 'speed-profile' executable 'false'
05-12 08:32:58.520  2024  4798 I artd    : GetBestInfo: dm (/data/app/~~plpyiufaiVAQyIpxIr0Cuw==/com.google.android.gms-wbGblO8WslDG31t9qeYnNw==/split_DynamiteLoader_installtime.dm) is kOatUpToDate with filter 'verify' executable 'false'
05-12 08:32:58.524  2024  4798 I artd    : GetBestInfo: dm (/data/app/~~plpyiufaiVAQyIpxIr0Cuw==/com.google.android.gms-wbGblO8WslDG31t9qeYnNw==/split_DynamiteModulesA_installtime.dm) is kOatUpToDate with filter 'verify' executable 'false'
05-12 08:32:58.530  2024  4798 I artd    : GetBestInfo: dm (/data/app/~~plpyiufaiVAQyIpxIr0Cuw==/com.google.android.gms-wbGblO8WslDG31t9qeYnNw==/split_DynamiteModulesC_installtime.dm) is kOatUpToDate with filter 'verify' executable 'false'
05-12 08:32:58.534  2024  4798 I artd    : GetBestInfo: dm (/data/app/~~plpyiufaiVAQyIpxIr0Cuw==/com.google.android.gms-wbGblO8WslDG31t9qeYnNw==/split_GoogleCertificates_installtime.dm) is kOatUpToDate with filter 'verify' executable 'false'
05-12 08:32:58.538  2024  4798 I artd    : GetBestInfo: dm (/data/app/~~plpyiufaiVAQyIpxIr0Cuw==/com.google.android.gms-wbGblO8WslDG31t9qeYnNw==/split_MapsDynamite_installtime.dm) is kOatUpToDate with filter 'verify' executable 'false'
05-12 08:32:58.542  2024  2041 I artd    : GetBestInfo: dm (/data/app/~~plpyiufaiVAQyIpxIr0Cuw==/com.google.android.gms-wbGblO8WslDG31t9qeYnNw==/split_MeasurementDynamite_installtime.dm) is kOatUpToDate with filter 'verify' executable 'false'
05-12 08:32:58.546  2024  2041 I artd    : GetBestInfo: dm (/data/app/~~plpyiufaiVAQyIpxIr0Cuw==/com.google.android.gms-wbGblO8WslDG31t9qeYnNw==/split_all_locale_splits.dm) is kOatUpToDate with filter 'verify' executable 'false'
05-12 08:32:58.549  2024  2041 I artd    : GetBestInfo: /data/user_de/0/com.google.android.gms/app_chimera/m/00000011/dl-Appsearch.optional_261631100800.apk has no usable artifacts
05-12 08:32:58.550  2024  2041 I artd    : GetBestInfo: /data/user_de/0/com.google.android.gms/app_chimera/m/00000001/CronetDynamite.apk has no usable artifacts
05-12 08:32:58.551  2024  2041 I artd    : GetBestInfo: /data/user_de/0/com.google.android.gms/app_chimera/m/00000002/DynamiteLoader.apk has no usable artifacts
05-12 08:32:58.552  2024  2041 I artd    : GetBestInfo: /data/user_de/0/com.google.android.gms/app_chimera/m/00000005/GoogleCertificates.apk has no usable artifacts
05-12 08:32:58.556  2024  2041 I artd    : GetBestInfo: /data/user_de/0/com.google.android.gms/app_chimera/m/0000000c/dl-MlkitOcrCommon.optional_261631100800.apk has no usable artifacts
05-12 08:32:58.560  2024  2041 I artd    : GetBestInfo: /data/user_de/0/com.google.android.gms/app_chimera/m/0000000a/dl-MlkitOcrCommon.optional_261136100800.apk has no usable artifacts
05-12 08:32:58.566  2024  2041 I artd    : GetBestInfo: /data/user_de/0/com.google.android.gms/app_chimera/m/00000008/dl-VisionOcr.optional_261136100000.apk has no usable artifacts
05-12 08:32:58.569  2024  2041 I artd    : GetBestInfo: /data/user_de/0/com.google.android.gms/app_chimera/m/0000000e/dl-PlayCloudSearch.optional_261631100000.apk has no usable artifacts
05-12 08:32:58.572  2024  2041 I artd    : GetBestInfo: /data/user_de/0/com.google.android.gms/app_chimera/m/00000010/dl-VisionOcr.optional_261631100000.apk has no usable artifacts
05-12 08:32:58.577  2024  2041 I artd    : GetBestInfo: /data/user_de/0/com.google.android.gms/app_chimera/m/00000012/dl-IdentityCredentialsPlatform.optional_261631100800.apk has no usable artifacts
05-12 08:32:58.582  2024  2041 I artd    : GetBestInfo: /data/user_de/0/com.google.android.gms/app_chimera/m/00000009/dl-TfliteDynamiteDynamite.integ_260580502100800.apk has no usable artifacts
05-12 08:32:58.587  2024  2041 I artd    : GetBestInfo: vdex next to the dex file (/data/user/0/com.google.android.gms/app_dg_cache/BBB8ADBA11F43674FC873CF50B06D4CFE87E958C/oat/x86_64/the.vdex) is kOatUpToDate with filter 'verify' executable 'false'
05-12 08:32:58.592  2024  2041 I artd    : GetBestInfo: /data/user_de/0/com.google.android.gms/app_chimera/m/0000000f/dl-MlkitBarcodeUi.optional_261631100800.apk has no usable artifacts
05-12 08:32:58.596  2024  2041 I artd    : GetBestInfo: /data/user_de/0/com.google.android.gms/app_chimera/m/00000007/MeasurementDynamite.apk has no usable artifacts
05-12 08:32:58.602  2024  2041 I artd    : GetBestInfo: /data/user_de/0/com.google.android.gms/app_chimera/m/0000000b/dl-PlayCloudSearch.optional_261136100000.apk has no usable artifacts
05-12 08:32:58.934   683   871 I AdbWifiNetworkMonitor: Wi-Fi network available
05-12 08:32:58.934   683   871 I AdbWifiNetworkMonitor: Received the same Wi-Fi SSID. Ignoring.
05-12 08:32:58.945   683   841 I HalDevMgr: bestIfaceCreationProposal is null, requestIface=STA, existingIface=[name=wlan0 type=STA]
05-12 08:32:58.948   683   847 W libbinder.IPCThreadState: Sending oneway calls to frozen process.
05-12 08:32:58.948   683   847 W libbinder.IPCThreadState: Sending oneway calls to frozen process.
05-12 08:32:58.949   683   847 W libbinder.IPCThreadState: Sending oneway calls to frozen process.
05-12 08:33:00.067   522   548 W skia    : AGTM parsing failed flags.readFromStream(s) at 159
05-12 08:33:00.620  1103  1223 D SatelliteController: isInCarrierRoamingNbIotNtn: satellite is disabled
05-12 08:33:00.621  1103  1223 D SatelliteController: getCarrierRoamingNtnConnectType: Checking connect type from PLMN config for subId: 1
05-12 08:33:00.621  1103  1223 D TelephonyConfigUpdateInstallReceiver: getConfigParser: domain=satellite
05-12 08:33:00.621  1103  1223 V SatelliteController: satelliteConfigParser is not ready
05-12 08:33:00.621  1103  1223 D SatelliteController: isSatelliteAttachSupportedViaConfigupdater: return null (satelliteConfig is null)
05-12 08:33:00.622  1103  1223 D SatelliteController: getSatellitePerPlmnConfiguration: invalid subId or not supported via carrier.
05-12 08:33:00.622  1103  1223 D SatelliteController: getCarrierRoamingNtnConnectType: config: null
05-12 08:33:00.622  1103  1223 D TelephonyConfigUpdateInstallReceiver: getConfigParser: domain=satellite
05-12 08:33:00.622  1103  1223 V SatelliteController: satelliteConfigParser is not ready
05-12 08:33:00.622  1103  1223 D SatelliteController: getCarrierRoamingNtnConnectTypeViaConfigUpdater: return null (satelliteConfig is null)
05-12 08:33:00.624  1103  1223 D SatelliteController: getCarrierRoamingNtnConnectType: Falling back to global carrier config connect type: 0
05-12 08:33:00.624  1103  1223 D TelephonyConfigUpdateInstallReceiver: getConfigParser: domain=satellite
05-12 08:33:00.624  1103  1223 V SatelliteController: satelliteConfigParser is not ready
05-12 08:33:00.624  1103  1223 D SatelliteController: isSatelliteAttachSupportedViaConfigupdater: return null (satelliteConfig is null)
05-12 08:33:00.625  1103  1223 D SatelliteController: getCarrierRoamingNtnConnectType: Checking connect type from PLMN config for subId: 1
05-12 08:33:00.625  1103  1223 D TelephonyConfigUpdateInstallReceiver: getConfigParser: domain=satellite
05-12 08:33:00.625  1103  1223 V SatelliteController: satelliteConfigParser is not ready
05-12 08:33:00.625  1103  1223 D SatelliteController: isSatelliteAttachSupportedViaConfigupdater: return null (satelliteConfig is null)
05-12 08:33:00.626  1103  1223 D SatelliteController: getSatellitePerPlmnConfiguration: invalid subId or not supported via carrier.
05-12 08:33:00.626  1103  1223 D SatelliteController: getCarrierRoamingNtnConnectType: config: null
05-12 08:33:00.626  1103  1223 D TelephonyConfigUpdateInstallReceiver: getConfigParser: domain=satellite
05-12 08:33:00.626  1103  1223 V SatelliteController: satelliteConfigParser is not ready
05-12 08:33:00.626  1103  1223 D SatelliteController: getCarrierRoamingNtnConnectTypeViaConfigUpdater: return null (satelliteConfig is null)
05-12 08:33:00.627  1103  1223 D SatelliteController: getCarrierRoamingNtnConnectType: Falling back to global carrier config connect type: 0
05-12 08:33:00.627  1103  1223 D TelephonyConfigUpdateInstallReceiver: getConfigParser: domain=satellite
05-12 08:33:00.627  1103  1223 V SatelliteController: satelliteConfigParser is not ready
05-12 08:33:00.627  1103  1223 D SatelliteController: isSatelliteAttachSupportedViaConfigupdater: return null (satelliteConfig is null)
05-12 08:33:01.969   683   841 I HalDevMgr: bestIfaceCreationProposal is null, requestIface=STA, existingIface=[name=wlan0 type=STA]
05-12 08:33:03.957   932   932 I wpa_supplicant: wlan0: CTRL-EVENT-BEACON-LOSS 
05-12 08:33:04.981   683   871 I AdbWifiNetworkMonitor: Wi-Fi network available
05-12 08:33:04.982   683   871 I AdbWifiNetworkMonitor: Received the same Wi-Fi SSID. Ignoring.
05-12 08:33:05.005   683   847 W libbinder.IPCThreadState: Sending oneway calls to frozen process.
05-12 08:33:05.006   683   847 W libbinder.IPCThreadState: Sending oneway calls to frozen process.
05-12 08:33:05.006   683   847 W libbinder.IPCThreadState: Sending oneway calls to frozen process.
05-12 08:33:05.012   683   841 I HalDevMgr: bestIfaceCreationProposal is null, requestIface=STA, existingIface=[name=wlan0 type=STA]
05-12 08:33:08.031   683   841 I HalDevMgr: bestIfaceCreationProposal is null, requestIface=STA, existingIface=[name=wlan0 type=STA]
05-12 08:33:08.099   534   534 I adbd    : adbd service requested 'shell,v2,raw:dumpsys package com.google.android.gms'
05-12 08:33:08.638  2024  2041 I artd    : GetBestInfo: odex next to the dex file (/data/app/~~plpyiufaiVAQyIpxIr0Cuw==/com.google.android.gms-wbGblO8WslDG31t9qeYnNw==/oat/x86_64/base.odex) is kOatUpToDate with filter 'speed-profile' executable 'false'
05-12 08:33:08.642  2024  2041 I artd    : GetBestInfo: dm (/data/app/~~plpyiufaiVAQyIpxIr0Cuw==/com.google.android.gms-wbGblO8WslDG31t9qeYnNw==/split_AdsDynamite_installtime.dm) is kOatUpToDate with filter 'verify' executable 'false'
05-12 08:33:08.648  2024  2041 I artd    : GetBestInfo: odex next to the dex file (/data/app/~~plpyiufaiVAQyIpxIr0Cuw==/com.google.android.gms-wbGblO8WslDG31t9qeYnNw==/oat/x86_64/split_CronetDynamite_installtime.odex) is kOatUpToDate with filter 'speed-profile' executable 'false'
05-12 08:33:08.653  2024  2041 I artd    : GetBestInfo: dm (/data/app/~~plpyiufaiVAQyIpxIr0Cuw==/com.google.android.gms-wbGblO8WslDG31t9qeYnNw==/split_DynamiteLoader_installtime.dm) is kOatUpToDate with filter 'verify' executable 'false'
05-12 08:33:08.657  2024  2041 I artd    : GetBestInfo: dm (/data/app/~~plpyiufaiVAQyIpxIr0Cuw==/com.google.android.gms-wbGblO8WslDG31t9qeYnNw==/split_DynamiteModulesA_installtime.dm) is kOatUpToDate with filter 'verify' executable 'false'
05-12 08:33:08.662  2024  2041 I artd    : GetBestInfo: dm (/data/app/~~plpyiufaiVAQyIpxIr0Cuw==/com.google.android.gms-wbGblO8WslDG31t9qeYnNw==/split_DynamiteModulesC_installtime.dm) is kOatUpToDate with filter 'verify' executable 'false'
05-12 08:33:08.668  2024  2041 I artd    : GetBestInfo: dm (/data/app/~~plpyiufaiVAQyIpxIr0Cuw==/com.google.android.gms-wbGblO8WslDG31t9qeYnNw==/split_GoogleCertificates_installtime.dm) is kOatUpToDate with filter 'verify' executable 'false'
05-12 08:33:08.673  2024  2041 I artd    : GetBestInfo: dm (/data/app/~~plpyiufaiVAQyIpxIr0Cuw==/com.google.android.gms-wbGblO8WslDG31t9qeYnNw==/split_MapsDynamite_installtime.dm) is kOatUpToDate with filter 'verify' executable 'false'
05-12 08:33:08.677  2024  2041 I artd    : GetBestInfo: dm (/data/app/~~plpyiufaiVAQyIpxIr0Cuw==/com.google.android.gms-wbGblO8WslDG31t9qeYnNw==/split_MeasurementDynamite_installtime.dm) is kOatUpToDate with filter 'verify' executable 'false'
05-12 08:33:08.683  2024  2041 I artd    : GetBestInfo: dm (/data/app/~~plpyiufaiVAQyIpxIr0Cuw==/com.google.android.gms-wbGblO8WslDG31t9qeYnNw==/split_all_locale_splits.dm) is kOatUpToDate with filter 'verify' executable 'false'
05-12 08:33:08.686  2024  2041 I artd    : GetBestInfo: /data/user_de/0/com.google.android.gms/app_chimera/m/00000011/dl-Appsearch.optional_261631100800.apk has no usable artifacts
05-12 08:33:08.689  2024  2041 I artd    : GetBestInfo: /data/user_de/0/com.google.android.gms/app_chimera/m/00000001/CronetDynamite.apk has no usable artifacts
05-12 08:33:08.691  2024  2041 I artd    : GetBestInfo: /data/user_de/0/com.google.android.gms/app_chimera/m/00000002/DynamiteLoader.apk has no usable artifacts
05-12 08:33:08.692  2024  2041 I artd    : GetBestInfo: /data/user_de/0/com.google.android.gms/app_chimera/m/00000005/GoogleCertificates.apk has no usable artifacts
05-12 08:33:08.696  2024  2041 I artd    : GetBestInfo: /data/user_de/0/com.google.android.gms/app_chimera/m/0000000c/dl-MlkitOcrCommon.optional_261631100800.apk has no usable artifacts
05-12 08:33:08.702  2024  2041 I artd    : GetBestInfo: /data/user_de/0/com.google.android.gms/app_chimera/m/0000000a/dl-MlkitOcrCommon.optional_261136100800.apk has no usable artifacts
05-12 08:33:08.709  2024  2041 I artd    : GetBestInfo: /data/user_de/0/com.google.android.gms/app_chimera/m/00000008/dl-VisionOcr.optional_261136100000.apk has no usable artifacts
05-12 08:33:08.713  2024  2041 I artd    : GetBestInfo: /data/user_de/0/com.google.android.gms/app_chimera/m/0000000e/dl-PlayCloudSearch.optional_261631100000.apk has no usable artifacts
05-12 08:33:08.717  2024  2041 I artd    : GetBestInfo: /data/user_de/0/com.google.android.gms/app_chimera/m/00000010/dl-VisionOcr.optional_261631100000.apk has no usable artifacts
05-12 08:33:08.720  2024  2041 I artd    : GetBestInfo: /data/user_de/0/com.google.android.gms/app_chimera/m/00000012/dl-IdentityCredentialsPlatform.optional_261631100800.apk has no usable artifacts
05-12 08:33:08.724  2024  2041 I artd    : GetBestInfo: /data/user_de/0/com.google.android.gms/app_chimera/m/00000009/dl-TfliteDynamiteDynamite.integ_260580502100800.apk has no usable artifacts
05-12 08:33:08.729  2024  2041 I artd    : GetBestInfo: vdex next to the dex file (/data/user/0/com.google.android.gms/app_dg_cache/BBB8ADBA11F43674FC873CF50B06D4CFE87E958C/oat/x86_64/the.vdex) is kOatUpToDate with filter 'verify' executable 'false'
05-12 08:33:08.733  2024  2041 I artd    : GetBestInfo: /data/user_de/0/com.google.android.gms/app_chimera/m/0000000f/dl-MlkitBarcodeUi.optional_261631100800.apk has no usable artifacts
05-12 08:33:08.737  2024  2041 I artd    : GetBestInfo: /data/user_de/0/com.google.android.gms/app_chimera/m/00000007/MeasurementDynamite.apk has no usable artifacts
05-12 08:33:08.742  2024  2041 I artd    : GetBestInfo: /data/user_de/0/com.google.android.gms/app_chimera/m/0000000b/dl-PlayCloudSearch.optional_261136100000.apk has no usable artifacts
05-12 08:33:10.621  1103  1223 D SatelliteController: isInCarrierRoamingNbIotNtn: satellite is disabled
05-12 08:33:10.621  1103  1223 D SatelliteController: getCarrierRoamingNtnConnectType: Checking connect type from PLMN config for subId: 1
05-12 08:33:10.621  1103  1223 D TelephonyConfigUpdateInstallReceiver: getConfigParser: domain=satellite
05-12 08:33:10.621  1103  1223 V SatelliteController: satelliteConfigParser is not ready
05-12 08:33:10.621  1103  1223 D SatelliteController: isSatelliteAttachSupportedViaConfigupdater: return null (satelliteConfig is null)
05-12 08:33:10.622  1103  1223 D SatelliteController: getSatellitePerPlmnConfiguration: invalid subId or not supported via carrier.
05-12 08:33:10.622  1103  1223 D SatelliteController: getCarrierRoamingNtnConnectType: config: null
05-12 08:33:10.622  1103  1223 D TelephonyConfigUpdateInstallReceiver: getConfigParser: domain=satellite
05-12 08:33:10.622  1103  1223 V SatelliteController: satelliteConfigParser is not ready
05-12 08:33:10.622  1103  1223 D SatelliteController: getCarrierRoamingNtnConnectTypeViaConfigUpdater: return null (satelliteConfig is null)
05-12 08:33:10.622  1103  1223 D SatelliteController: getCarrierRoamingNtnConnectType: Falling back to global carrier config connect type: 0
05-12 08:33:10.622  1103  1223 D TelephonyConfigUpdateInstallReceiver: getConfigParser: domain=satellite
05-12 08:33:10.622  1103  1223 V SatelliteController: satelliteConfigParser is not ready
05-12 08:33:10.622  1103  1223 D SatelliteController: isSatelliteAttachSupportedViaConfigupdater: return null (satelliteConfig is null)
05-12 08:33:10.624  1103  1223 D SatelliteController: getCarrierRoamingNtnConnectType: Checking connect type from PLMN config for subId: 1
05-12 08:33:10.624  1103  1223 D TelephonyConfigUpdateInstallReceiver: getConfigParser: domain=satellite
05-12 08:33:10.624  1103  1223 V SatelliteController: satelliteConfigParser is not ready
05-12 08:33:10.624  1103  1223 D SatelliteController: isSatelliteAttachSupportedViaConfigupdater: return null (satelliteConfig is null)
05-12 08:33:10.625  1103  1223 D SatelliteController: getSatellitePerPlmnConfiguration: invalid subId or not supported via carrier.
05-12 08:33:10.625  1103  1223 D SatelliteController: getCarrierRoamingNtnConnectType: config: null
05-12 08:33:10.625  1103  1223 D TelephonyConfigUpdateInstallReceiver: getConfigParser: domain=satellite
05-12 08:33:10.625  1103  1223 V SatelliteController: satelliteConfigParser is not ready
05-12 08:33:10.625  1103  1223 D SatelliteController: getCarrierRoamingNtnConnectTypeViaConfigUpdater: return null (satelliteConfig is null)
05-12 08:33:10.625  1103  1223 D SatelliteController: getCarrierRoamingNtnConnectType: Falling back to global carrier config connect type: 0
05-12 08:33:10.625  1103  1223 D TelephonyConfigUpdateInstallReceiver: getConfigParser: domain=satellite
05-12 08:33:10.625  1103  1223 V SatelliteController: satelliteConfigParser is not ready
05-12 08:33:10.625  1103  1223 D SatelliteController: isSatelliteAttachSupportedViaConfigupdater: return null (satelliteConfig is null)
05-12 08:33:11.045   683   841 I HalDevMgr: bestIfaceCreationProposal is null, requestIface=STA, existingIface=[name=wlan0 type=STA]
05-12 08:33:11.892   932   932 I wpa_supplicant: wlan0: CTRL-EVENT-BEACON-LOSS 
05-12 08:33:14.058   683   841 I HalDevMgr: bestIfaceCreationProposal is null, requestIface=STA, existingIface=[name=wlan0 type=STA]
05-12 08:33:17.072   683   841 I HalDevMgr: bestIfaceCreationProposal is null, requestIface=STA, existingIface=[name=wlan0 type=STA]
05-12 08:33:18.048   534   534 I adbd    : adbd service requested 'shell,v2,raw:dumpsys package com.google.android.gms'
05-12 08:33:18.578  2024  2041 I artd    : GetBestInfo: odex next to the dex file (/data/app/~~plpyiufaiVAQyIpxIr0Cuw==/com.google.android.gms-wbGblO8WslDG31t9qeYnNw==/oat/x86_64/base.odex) is kOatUpToDate with filter 'speed-profile' executable 'false'
05-12 08:33:18.584  2024  2041 I artd    : GetBestInfo: dm (/data/app/~~plpyiufaiVAQyIpxIr0Cuw==/com.google.android.gms-wbGblO8WslDG31t9qeYnNw==/split_AdsDynamite_installtime.dm) is kOatUpToDate with filter 'verify' executable 'false'
05-12 08:33:18.589  2024  2041 I artd    : GetBestInfo: odex next to the dex file (/data/app/~~plpyiufaiVAQyIpxIr0Cuw==/com.google.android.gms-wbGblO8WslDG31t9qeYnNw==/oat/x86_64/split_CronetDynamite_installtime.odex) is kOatUpToDate with filter 'speed-profile' executable 'false'
05-12 08:33:18.593  2024  2041 I artd    : GetBestInfo: dm (/data/app/~~plpyiufaiVAQyIpxIr0Cuw==/com.google.android.gms-wbGblO8WslDG31t9qeYnNw==/split_DynamiteLoader_installtime.dm) is kOatUpToDate with filter 'verify' executable 'false'
05-12 08:33:18.597  2024  2041 I artd    : GetBestInfo: dm (/data/app/~~plpyiufaiVAQyIpxIr0Cuw==/com.google.android.gms-wbGblO8WslDG31t9qeYnNw==/split_DynamiteModulesA_installtime.dm) is kOatUpToDate with filter 'verify' executable 'false'
05-12 08:33:18.601  2024  2041 I artd    : GetBestInfo: dm (/data/app/~~plpyiufaiVAQyIpxIr0Cuw==/com.google.android.gms-wbGblO8WslDG31t9qeYnNw==/split_DynamiteModulesC_installtime.dm) is kOatUpToDate with filter 'verify' executable 'false'
05-12 08:33:18.604  2024  2041 I artd    : GetBestInfo: dm (/data/app/~~plpyiufaiVAQyIpxIr0Cuw==/com.google.android.gms-wbGblO8WslDG31t9qeYnNw==/split_GoogleCertificates_installtime.dm) is kOatUpToDate with filter 'verify' executable 'false'
05-12 08:33:18.608  2024  2041 I artd    : GetBestInfo: dm (/data/app/~~plpyiufaiVAQyIpxIr0Cuw==/com.google.android.gms-wbGblO8WslDG31t9qeYnNw==/split_MapsDynamite_installtime.dm) is kOatUpToDate with filter 'verify' executable 'false'
05-12 08:33:18.612  2024  2041 I artd    : GetBestInfo: dm (/data/app/~~plpyiufaiVAQyIpxIr0Cuw==/com.google.android.gms-wbGblO8WslDG31t9qeYnNw==/split_MeasurementDynamite_installtime.dm) is kOatUpToDate with filter 'verify' executable 'false'
05-12 08:33:18.616  2024  2041 I artd    : GetBestInfo: dm (/data/app/~~plpyiufaiVAQyIpxIr0Cuw==/com.google.android.gms-wbGblO8WslDG31t9qeYnNw==/split_all_locale_splits.dm) is kOatUpToDate with filter 'verify' executable 'false'
05-12 08:33:18.619  2024  2041 I artd    : GetBestInfo: /data/user_de/0/com.google.android.gms/app_chimera/m/00000011/dl-Appsearch.optional_261631100800.apk has no usable artifacts
05-12 08:33:18.621  2024  2041 I artd    : GetBestInfo: /data/user_de/0/com.google.android.gms/app_chimera/m/00000001/CronetDynamite.apk has no usable artifacts
05-12 08:33:18.623  2024  2041 I artd    : GetBestInfo: /data/user_de/0/com.google.android.gms/app_chimera/m/00000002/DynamiteLoader.apk has no usable artifacts
05-12 08:33:18.624  2024  2041 I artd    : GetBestInfo: /data/user_de/0/com.google.android.gms/app_chimera/m/00000005/GoogleCertificates.apk has no usable artifacts
05-12 08:33:18.628  2024  2041 I artd    : GetBestInfo: /data/user_de/0/com.google.android.gms/app_chimera/m/0000000c/dl-MlkitOcrCommon.optional_261631100800.apk has no usable artifacts
05-12 08:33:18.633  2024  2041 I artd    : GetBestInfo: /data/user_de/0/com.google.android.gms/app_chimera/m/0000000a/dl-MlkitOcrCommon.optional_261136100800.apk has no usable artifacts
05-12 08:33:18.637  2024  2041 I artd    : GetBestInfo: /data/user_de/0/com.google.android.gms/app_chimera/m/00000008/dl-VisionOcr.optional_261136100000.apk has no usable artifacts
05-12 08:33:18.641  2024  2041 I artd    : GetBestInfo: /data/user_de/0/com.google.android.gms/app_chimera/m/0000000e/dl-PlayCloudSearch.optional_261631100000.apk has no usable artifacts
05-12 08:33:18.644  2024  2041 I artd    : GetBestInfo: /data/user_de/0/com.google.android.gms/app_chimera/m/00000010/dl-VisionOcr.optional_261631100000.apk has no usable artifacts
05-12 08:33:18.647  2024  2041 I artd    : GetBestInfo: /data/user_de/0/com.google.android.gms/app_chimera/m/00000012/dl-IdentityCredentialsPlatform.optional_261631100800.apk has no usable artifacts
05-12 08:33:18.650  2024  2041 I artd    : GetBestInfo: /data/user_de/0/com.google.android.gms/app_chimera/m/00000009/dl-TfliteDynamiteDynamite.integ_260580502100800.apk has no usable artifacts
05-12 08:33:18.653  2024  2041 I artd    : GetBestInfo: vdex next to the dex file (/data/user/0/com.google.android.gms/app_dg_cache/BBB8ADBA11F43674FC873CF50B06D4CFE87E958C/oat/x86_64/the.vdex) is kOatUpToDate with filter 'verify' executable 'false'
05-12 08:33:18.656  2024  2041 I artd    : GetBestInfo: /data/user_de/0/com.google.android.gms/app_chimera/m/0000000f/dl-MlkitBarcodeUi.optional_261631100800.apk has no usable artifacts
05-12 08:33:18.658  2024  2041 I artd    : GetBestInfo: /data/user_de/0/com.google.android.gms/app_chimera/m/00000007/MeasurementDynamite.apk has no usable artifacts
05-12 08:33:18.663  2024  2041 I artd    : GetBestInfo: /data/user_de/0/com.google.android.gms/app_chimera/m/0000000b/dl-PlayCloudSearch.optional_261136100000.apk has no usable artifacts
05-12 08:33:19.828   932   932 I wpa_supplicant: wlan0: CTRL-EVENT-BEACON-LOSS 
05-12 08:33:20.082   683   841 I HalDevMgr: bestIfaceCreationProposal is null, requestIface=STA, existingIface=[name=wlan0 type=STA]
05-12 08:33:20.620  1103  1223 D SatelliteController: isInCarrierRoamingNbIotNtn: satellite is disabled
05-12 08:33:20.620  1103  1223 D SatelliteController: getCarrierRoamingNtnConnectType: Checking connect type from PLMN config for subId: 1
05-12 08:33:20.620  1103  1223 D TelephonyConfigUpdateInstallReceiver: getConfigParser: domain=satellite
05-12 08:33:20.620  1103  1223 V SatelliteController: satelliteConfigParser is not ready
05-12 08:33:20.620  1103  1223 D SatelliteController: isSatelliteAttachSupportedViaConfigupdater: return null (satelliteConfig is null)
05-12 08:33:20.621  1103  1223 D SatelliteController: getSatellitePerPlmnConfiguration: invalid subId or not supported via carrier.
05-12 08:33:20.621  1103  1223 D SatelliteController: getCarrierRoamingNtnConnectType: config: null
05-12 08:33:20.621  1103  1223 D TelephonyConfigUpdateInstallReceiver: getConfigParser: domain=satellite
05-12 08:33:20.622  1103  1223 V SatelliteController: satelliteConfigParser is not ready
05-12 08:33:20.622  1103  1223 D SatelliteController: getCarrierRoamingNtnConnectTypeViaConfigUpdater: return null (satelliteConfig is null)
05-12 08:33:20.622  1103  1223 D SatelliteController: getCarrierRoamingNtnConnectType: Falling back to global carrier config connect type: 0
05-12 08:33:20.622  1103  1223 D TelephonyConfigUpdateInstallReceiver: getConfigParser: domain=satellite
05-12 08:33:20.622  1103  1223 V SatelliteController: satelliteConfigParser is not ready
05-12 08:33:20.622  1103  1223 D SatelliteController: isSatelliteAttachSupportedViaConfigupdater: return null (satelliteConfig is null)
05-12 08:33:20.623  1103  1223 D SatelliteController: getCarrierRoamingNtnConnectType: Checking connect type from PLMN config for subId: 1
05-12 08:33:20.623  1103  1223 D TelephonyConfigUpdateInstallReceiver: getConfigParser: domain=satellite
05-12 08:33:20.623  1103  1223 V SatelliteController: satelliteConfigParser is not ready
05-12 08:33:20.623  1103  1223 D SatelliteController: isSatelliteAttachSupportedViaConfigupdater: return null (satelliteConfig is null)
05-12 08:33:20.623  1103  1223 D SatelliteController: getSatellitePerPlmnConfiguration: invalid subId or not supported via carrier.
05-12 08:33:20.623  1103  1223 D SatelliteController: getCarrierRoamingNtnConnectType: config: null
05-12 08:33:20.623  1103  1223 D TelephonyConfigUpdateInstallReceiver: getConfigParser: domain=satellite
05-12 08:33:20.625  1103  1223 V SatelliteController: satelliteConfigParser is not ready
05-12 08:33:20.625  1103  1223 D SatelliteController: getCarrierRoamingNtnConnectTypeViaConfigUpdater: return null (satelliteConfig is null)
05-12 08:33:20.626  1103  1223 D SatelliteController: getCarrierRoamingNtnConnectType: Falling back to global carrier config connect type: 0
05-12 08:33:20.626  1103  1223 D TelephonyConfigUpdateInstallReceiver: getConfigParser: domain=satellite
05-12 08:33:20.626  1103  1223 V SatelliteController: satelliteConfigParser is not ready
05-12 08:33:20.626  1103  1223 D SatelliteController: isSatelliteAttachSupportedViaConfigupdater: return null (satelliteConfig is null)
05-12 08:33:20.664   522   548 W skia    : AGTM parsing failed flags.readFromStream(s) at 159
05-12 08:33:23.095   683   841 I HalDevMgr: bestIfaceCreationProposal is null, requestIface=STA, existingIface=[name=wlan0 type=STA]
05-12 08:33:26.112   683   841 I HalDevMgr: bestIfaceCreationProposal is null, requestIface=STA, existingIface=[name=wlan0 type=STA]
05-12 08:33:28.021   932   932 I wpa_supplicant: wlan0: CTRL-EVENT-BEACON-LOSS 
05-12 08:33:28.057   534   534 I adbd    : adbd service requested 'shell,v2,raw:dumpsys package com.google.android.gms'
05-12 08:33:28.459   683  1659 W AppOps  : Noting op not finished: uid 10204 pkg com.google.android.gms code 113 startTime of in progress event=1778567141070
05-12 08:33:28.497   683  1725 W AppOps  : Noting op not finished: uid 10204 pkg com.google.android.gms code 79 startTime of in progress event=1778567141070
05-12 08:33:28.550  2084  2547 I ActivityScheduler: nextTriggerTime: 17895683, in 238100ms, detectorType: 39, FULL_TYPE alarmWindowMillis: 80000
05-12 08:33:28.555  2024  2041 I artd    : GetBestInfo: odex next to the dex file (/data/app/~~plpyiufaiVAQyIpxIr0Cuw==/com.google.android.gms-wbGblO8WslDG31t9qeYnNw==/oat/x86_64/base.odex) is kOatUpToDate with filter 'speed-profile' executable 'false'
05-12 08:33:28.559  2024  2041 I artd    : GetBestInfo: dm (/data/app/~~plpyiufaiVAQyIpxIr0Cuw==/com.google.android.gms-wbGblO8WslDG31t9qeYnNw==/split_AdsDynamite_installtime.dm) is kOatUpToDate with filter 'verify' executable 'false'
05-12 08:33:28.563  2024  2041 I artd    : GetBestInfo: odex next to the dex file (/data/app/~~plpyiufaiVAQyIpxIr0Cuw==/com.google.android.gms-wbGblO8WslDG31t9qeYnNw==/oat/x86_64/split_CronetDynamite_installtime.odex) is kOatUpToDate with filter 'speed-profile' executable 'false'
05-12 08:33:28.567  2024  2041 I artd    : GetBestInfo: dm (/data/app/~~plpyiufaiVAQyIpxIr0Cuw==/com.google.android.gms-wbGblO8WslDG31t9qeYnNw==/split_DynamiteLoader_installtime.dm) is kOatUpToDate with filter 'verify' executable 'false'
05-12 08:33:28.570  2024  2041 I artd    : GetBestInfo: dm (/data/app/~~plpyiufaiVAQyIpxIr0Cuw==/com.google.android.gms-wbGblO8WslDG31t9qeYnNw==/split_DynamiteModulesA_installtime.dm) is kOatUpToDate with filter 'verify' executable 'false'
05-12 08:33:28.575  2024  2041 I artd    : GetBestInfo: dm (/data/app/~~plpyiufaiVAQyIpxIr0Cuw==/com.google.android.gms-wbGblO8WslDG31t9qeYnNw==/split_DynamiteModulesC_installtime.dm) is kOatUpToDate with filter 'verify' executable 'false'
05-12 08:33:28.579  2024  2041 I artd    : GetBestInfo: dm (/data/app/~~plpyiufaiVAQyIpxIr0Cuw==/com.google.android.gms-wbGblO8WslDG31t9qeYnNw==/split_GoogleCertificates_installtime.dm) is kOatUpToDate with filter 'verify' executable 'false'
05-12 08:33:28.584  2024  2040 I artd    : GetBestInfo: dm (/data/app/~~plpyiufaiVAQyIpxIr0Cuw==/com.google.android.gms-wbGblO8WslDG31t9qeYnNw==/split_MapsDynamite_installtime.dm) is kOatUpToDate with filter 'verify' executable 'false'
05-12 08:33:28.588  2024  2040 I artd    : GetBestInfo: dm (/data/app/~~plpyiufaiVAQyIpxIr0Cuw==/com.google.android.gms-wbGblO8WslDG31t9qeYnNw==/split_MeasurementDynamite_installtime.dm) is kOatUpToDate with filter 'verify' executable 'false'
05-12 08:33:28.592  2024  2040 I artd    : GetBestInfo: dm (/data/app/~~plpyiufaiVAQyIpxIr0Cuw==/com.google.android.gms-wbGblO8WslDG31t9qeYnNw==/split_all_locale_splits.dm) is kOatUpToDate with filter 'verify' executable 'false'
05-12 08:33:28.595  2024  2040 I artd    : GetBestInfo: /data/user_de/0/com.google.android.gms/app_chimera/m/00000011/dl-Appsearch.optional_261631100800.apk has no usable artifacts
05-12 08:33:28.598  2024  2040 I artd    : GetBestInfo: /data/user_de/0/com.google.android.gms/app_chimera/m/00000001/CronetDynamite.apk has no usable artifacts
05-12 08:33:28.599  2024  2040 I artd    : GetBestInfo: /data/user_de/0/com.google.android.gms/app_chimera/m/00000002/DynamiteLoader.apk has no usable artifacts
05-12 08:33:28.600  2024  2040 I artd    : GetBestInfo: /data/user_de/0/com.google.android.gms/app_chimera/m/00000005/GoogleCertificates.apk has no usable artifacts
05-12 08:33:28.603  2024  2040 I artd    : GetBestInfo: /data/user_de/0/com.google.android.gms/app_chimera/m/0000000c/dl-MlkitOcrCommon.optional_261631100800.apk has no usable artifacts
05-12 08:33:28.607  2024  2040 I artd    : GetBestInfo: /data/user_de/0/com.google.android.gms/app_chimera/m/0000000a/dl-MlkitOcrCommon.optional_261136100800.apk has no usable artifacts
05-12 08:33:28.612  2024  2040 I artd    : GetBestInfo: /data/user_de/0/com.google.android.gms/app_chimera/m/00000008/dl-VisionOcr.optional_261136100000.apk has no usable artifacts
05-12 08:33:28.615  2024  2040 I artd    : GetBestInfo: /data/user_de/0/com.google.android.gms/app_chimera/m/0000000e/dl-PlayCloudSearch.optional_261631100000.apk has no usable artifacts
05-12 08:33:28.618  2024  2040 I artd    : GetBestInfo: /data/user_de/0/com.google.android.gms/app_chimera/m/00000010/dl-VisionOcr.optional_261631100000.apk has no usable artifacts
05-12 08:33:28.622  2024  2040 I artd    : GetBestInfo: /data/user_de/0/com.google.android.gms/app_chimera/m/00000012/dl-IdentityCredentialsPlatform.optional_261631100800.apk has no usable artifacts
05-12 08:33:28.626  2024  2040 I artd    : GetBestInfo: /data/user_de/0/com.google.android.gms/app_chimera/m/00000009/dl-TfliteDynamiteDynamite.integ_260580502100800.apk has no usable artifacts
05-12 08:33:28.629  2024  2040 I artd    : GetBestInfo: vdex next to the dex file (/data/user/0/com.google.android.gms/app_dg_cache/BBB8ADBA11F43674FC873CF50B06D4CFE87E958C/oat/x86_64/the.vdex) is kOatUpToDate with filter 'verify' executable 'false'
05-12 08:33:28.633  2024  2040 I artd    : GetBestInfo: /data/user_de/0/com.google.android.gms/app_chimera/m/0000000f/dl-MlkitBarcodeUi.optional_261631100800.apk has no usable artifacts
05-12 08:33:28.636  2024  2041 I artd    : GetBestInfo: /data/user_de/0/com.google.android.gms/app_chimera/m/00000007/MeasurementDynamite.apk has no usable artifacts
05-12 08:33:28.640  2024  2041 I artd    : GetBestInfo: /data/user_de/0/com.google.android.gms/app_chimera/m/0000000b/dl-PlayCloudSearch.optional_261136100000.apk has no usable artifacts
05-12 08:33:29.123   683   841 I HalDevMgr: bestIfaceCreationProposal is null, requestIface=STA, existingIface=[name=wlan0 type=STA]
05-12 08:33:29.451  1037  1037 W DnsResolver: resNetworkResult:android.system.ErrnoException: resNetworkResult failed: ETIMEDOUT (Connection timed out)
05-12 08:33:29.451  1037  1037 W DnsResolver: resNetworkResult:android.system.ErrnoException: resNetworkResult failed: ETIMEDOUT (Connection timed out)
05-12 08:33:29.453  1037  1037 W DnsResolver: resNetworkResult:android.system.ErrnoException: resNetworkResult failed: ETIMEDOUT (Connection timed out)
05-12 08:33:29.453  1037  1037 W DnsResolver: resNetworkResult:android.system.ErrnoException: resNetworkResult failed: ETIMEDOUT (Connection timed out)
05-12 08:33:29.455  1037 16022 D NetworkMonitor/102: PROBE_DNS connectivitycheck.gstatic.com 10035ms FAIL in type ADDRCONFIG android.net.DnsResolver$DnsException: android.system.ErrnoException: resNetworkResult failed: ETIMEDOUT (Connection timed out)
05-12 08:33:29.456  1037 16021 D NetworkMonitor/102: PROBE_DNS www.google.com 10036ms FAIL in type ADDRCONFIG android.net.DnsResolver$DnsException: android.system.ErrnoException: resNetworkResult failed: ETIMEDOUT (Connection timed out)
05-12 08:33:29.458   683  1740 W AppOps  : Noting op not finished: uid 10204 pkg com.google.android.gms code 113 startTime of in progress event=1778567141070
05-12 08:33:30.621  1103  1223 D SatelliteController: isInCarrierRoamingNbIotNtn: satellite is disabled
05-12 08:33:30.621  1103  1223 D SatelliteController: getCarrierRoamingNtnConnectType: Checking connect type from PLMN config for subId: 1
05-12 08:33:30.621  1103  1223 D TelephonyConfigUpdateInstallReceiver: getConfigParser: domain=satellite
05-12 08:33:30.621  1103  1223 V SatelliteController: satelliteConfigParser is not ready
05-12 08:33:30.621  1103  1223 D SatelliteController: isSatelliteAttachSupportedViaConfigupdater: return null (satelliteConfig is null)
05-12 08:33:30.622  1103  1223 D SatelliteController: getSatellitePerPlmnConfiguration: invalid subId or not supported via carrier.
05-12 08:33:30.623  1103  1223 D SatelliteController: getCarrierRoamingNtnConnectType: config: null
05-12 08:33:30.623  1103  1223 D TelephonyConfigUpdateInstallReceiver: getConfigParser: domain=satellite
05-12 08:33:30.623  1103  1223 V SatelliteController: satelliteConfigParser is not ready
05-12 08:33:30.623  1103  1223 D SatelliteController: getCarrierRoamingNtnConnectTypeViaConfigUpdater: return null (satelliteConfig is null)
05-12 08:33:30.624  1103  1223 D SatelliteController: getCarrierRoamingNtnConnectType: Falling back to global carrier config connect type: 0
05-12 08:33:30.624  1103  1223 D TelephonyConfigUpdateInstallReceiver: getConfigParser: domain=satellite
05-12 08:33:30.624  1103  1223 V SatelliteController: satelliteConfigParser is not ready
05-12 08:33:30.624  1103  1223 D SatelliteController: isSatelliteAttachSupportedViaConfigupdater: return null (satelliteConfig is null)
05-12 08:33:30.624  1103  1223 D SatelliteController: getCarrierRoamingNtnConnectType: Checking connect type from PLMN config for subId: 1
05-12 08:33:30.624  1103  1223 D TelephonyConfigUpdateInstallReceiver: getConfigParser: domain=satellite
05-12 08:33:30.624  1103  1223 V SatelliteController: satelliteConfigParser is not ready
05-12 08:33:30.625  1103  1223 D SatelliteController: isSatelliteAttachSupportedViaConfigupdater: return null (satelliteConfig is null)
05-12 08:33:30.627  1103  1223 D SatelliteController: getSatellitePerPlmnConfiguration: invalid subId or not supported via carrier.
05-12 08:33:30.627  1103  1223 D SatelliteController: getCarrierRoamingNtnConnectType: config: null
05-12 08:33:30.627  1103  1223 D TelephonyConfigUpdateInstallReceiver: getConfigParser: domain=satellite
05-12 08:33:30.627  1103  1223 V SatelliteController: satelliteConfigParser is not ready
05-12 08:33:30.627  1103  1223 D SatelliteController: getCarrierRoamingNtnConnectTypeViaConfigUpdater: return null (satelliteConfig is null)
05-12 08:33:30.627  1103  1223 D SatelliteController: getCarrierRoamingNtnConnectType: Falling back to global carrier config connect type: 0
05-12 08:33:30.627  1103  1223 D TelephonyConfigUpdateInstallReceiver: getConfigParser: domain=satellite
05-12 08:33:30.627  1103  1223 V SatelliteController: satelliteConfigParser is not ready
05-12 08:33:30.627  1103  1223 D SatelliteController: isSatelliteAttachSupportedViaConfigupdater: return null (satelliteConfig is null)
05-12 08:33:32.137   683   841 I HalDevMgr: bestIfaceCreationProposal is null, requestIface=STA, existingIface=[name=wlan0 type=STA]
05-12 08:33:32.447  1037 16020 D NetworkMonitor/102: PROBE_FALLBACK http://play.googleapis.com/generate_204 Probe failed with exception java.net.UnknownHostException: Unable to resolve host "play.googleapis.com": No address associated with hostname
05-12 08:33:35.151   683   841 I HalDevMgr: bestIfaceCreationProposal is null, requestIface=STA, existingIface=[name=wlan0 type=STA]
05-12 08:33:35.955   932   932 I wpa_supplicant: wlan0: CTRL-EVENT-BEACON-LOSS 
05-12 08:33:36.897   522   548 W skia    : AGTM parsing failed flags.readFromStream(s) at 159
05-12 08:33:37.001   522   548 W skia    : AGTM parsing failed flags.readFromStream(s) at 159
05-12 08:33:37.091 15843 15843 D WindowOnBackDispatcher: setTopOnBackInvokedCallback (unwrapped): androidx.navigationevent.OnBackInvokedInput$createOnBackAnimationCallback$1@42cf87a
05-12 08:33:37.097   683  1740 D CoreBackPreview: Window{de9ee84 u0 com.techohns.moneymate/com.techohns.moneymate.MainActivity}: Setting back callback OnBackInvokedCallbackInfo{mCallback=android.window.IOnBackInvokedCallback$Stub$Proxy@7f57258, mPriority=0, mIsAnimationCallback=true, mOverrideBehavior=0}
05-12 08:33:37.116   522   548 W skia    : AGTM parsing failed flags.readFromStream(s) at 159
