--------- beginning of main
05-12 08:30:16.020   932   932 I wpa_supplicant: wlan0: CTRL-EVENT-BEACON-LOSS 
05-12 08:30:16.054   683   841 I HalDevMgr: bestIfaceCreationProposal is null, requestIface=STA, existingIface=[name=wlan0 type=STA]
05-12 08:30:16.057  1037  1182 D IpClient/wlan0: interfaceLinkStateChanged: ifindex 16 up
05-12 08:30:16.062  1037  1182 D IpClient/wlan0: interfaceLinkStateChanged: ifindex 16 up
05-12 08:30:17.494  1037  1037 W DnsResolver: resNetworkResult:android.system.ErrnoException: resNetworkResult failed: ETIMEDOUT (Connection timed out)
05-12 08:30:17.500  1037  1037 W DnsResolver: resNetworkResult:android.system.ErrnoException: resNetworkResult failed: ETIMEDOUT (Connection timed out)
05-12 08:30:17.500  1037  1037 W DnsResolver: resNetworkResult:android.system.ErrnoException: resNetworkResult failed: ETIMEDOUT (Connection timed out)
05-12 08:30:17.500  1037  1037 W DnsResolver: resNetworkResult:android.system.ErrnoException: resNetworkResult failed: ETIMEDOUT (Connection timed out)
05-12 08:30:17.500  1037 15740 D NetworkMonitor/101: PROBE_DNS connectivitycheck.gstatic.com 10019ms FAIL in type ADDRCONFIG android.net.DnsResolver$DnsException: android.system.ErrnoException: resNetworkResult failed: ETIMEDOUT (Connection timed out)
05-12 08:30:17.500  1037 15739 D NetworkMonitor/101: PROBE_DNS www.google.com 10019ms FAIL in type ADDRCONFIG android.net.DnsResolver$DnsException: android.system.ErrnoException: resNetworkResult failed: ETIMEDOUT (Connection timed out)
05-12 08:30:17.980   534   534 I adbd    : adbd service requested 'shell,v2,raw:dumpsys package com.google.android.gms'
05-12 08:30:18.133   683   696 I system_server: Background young concurrent mark compact GC freed 23MB AllocSpace bytes, 5(160KB) LOS objects, 38% free, 35MB/58MB, paused 5.922ms,44.352ms total 82.143ms
05-12 08:30:18.188  2024  2040 I artd    : GetBestInfo: odex next to the dex file (/data/app/~~plpyiufaiVAQyIpxIr0Cuw==/com.google.android.gms-wbGblO8WslDG31t9qeYnNw==/oat/x86_64/base.odex) is kOatUpToDate with filter 'speed-profile' executable 'false'
05-12 08:30:18.190  2024  2040 I artd    : GetBestInfo: dm (/data/app/~~plpyiufaiVAQyIpxIr0Cuw==/com.google.android.gms-wbGblO8WslDG31t9qeYnNw==/split_AdsDynamite_installtime.dm) is kOatUpToDate with filter 'verify' executable 'false'
05-12 08:30:18.193  2024  2040 I artd    : GetBestInfo: odex next to the dex file (/data/app/~~plpyiufaiVAQyIpxIr0Cuw==/com.google.android.gms-wbGblO8WslDG31t9qeYnNw==/oat/x86_64/split_CronetDynamite_installtime.odex) is kOatUpToDate with filter 'speed-profile' executable 'false'
05-12 08:30:18.195  2024  2040 I artd    : GetBestInfo: dm (/data/app/~~plpyiufaiVAQyIpxIr0Cuw==/com.google.android.gms-wbGblO8WslDG31t9qeYnNw==/split_DynamiteLoader_installtime.dm) is kOatUpToDate with filter 'verify' executable 'false'
05-12 08:30:18.197  2024  2040 I artd    : GetBestInfo: dm (/data/app/~~plpyiufaiVAQyIpxIr0Cuw==/com.google.android.gms-wbGblO8WslDG31t9qeYnNw==/split_DynamiteModulesA_installtime.dm) is kOatUpToDate with filter 'verify' executable 'false'
05-12 08:30:18.199  2024  2040 I artd    : GetBestInfo: dm (/data/app/~~plpyiufaiVAQyIpxIr0Cuw==/com.google.android.gms-wbGblO8WslDG31t9qeYnNw==/split_DynamiteModulesC_installtime.dm) is kOatUpToDate with filter 'verify' executable 'false'
05-12 08:30:18.200  2024  2040 I artd    : GetBestInfo: dm (/data/app/~~plpyiufaiVAQyIpxIr0Cuw==/com.google.android.gms-wbGblO8WslDG31t9qeYnNw==/split_GoogleCertificates_installtime.dm) is kOatUpToDate with filter 'verify' executable 'false'
05-12 08:30:18.201  2024  2040 I artd    : GetBestInfo: dm (/data/app/~~plpyiufaiVAQyIpxIr0Cuw==/com.google.android.gms-wbGblO8WslDG31t9qeYnNw==/split_MapsDynamite_installtime.dm) is kOatUpToDate with filter 'verify' executable 'false'
05-12 08:30:18.203  2024  2040 I artd    : GetBestInfo: dm (/data/app/~~plpyiufaiVAQyIpxIr0Cuw==/com.google.android.gms-wbGblO8WslDG31t9qeYnNw==/split_MeasurementDynamite_installtime.dm) is kOatUpToDate with filter 'verify' executable 'false'
05-12 08:30:18.205  2024  2040 I artd    : GetBestInfo: dm (/data/app/~~plpyiufaiVAQyIpxIr0Cuw==/com.google.android.gms-wbGblO8WslDG31t9qeYnNw==/split_all_locale_splits.dm) is kOatUpToDate with filter 'verify' executable 'false'
05-12 08:30:18.206  2024  2040 I artd    : GetBestInfo: /data/user_de/0/com.google.android.gms/app_chimera/m/00000011/dl-Appsearch.optional_261631100800.apk has no usable artifacts
05-12 08:30:18.206  2024  2040 I artd    : GetBestInfo: /data/user_de/0/com.google.android.gms/app_chimera/m/00000001/CronetDynamite.apk has no usable artifacts
05-12 08:30:18.207  2024  2040 I artd    : GetBestInfo: /data/user_de/0/com.google.android.gms/app_chimera/m/00000002/DynamiteLoader.apk has no usable artifacts
05-12 08:30:18.208  2024  2040 I artd    : GetBestInfo: /data/user_de/0/com.google.android.gms/app_chimera/m/00000005/GoogleCertificates.apk has no usable artifacts
05-12 08:30:18.209  2024  2040 I artd    : GetBestInfo: /data/user_de/0/com.google.android.gms/app_chimera/m/0000000c/dl-MlkitOcrCommon.optional_261631100800.apk has no usable artifacts
05-12 08:30:18.211  2024  2040 I artd    : GetBestInfo: /data/user_de/0/com.google.android.gms/app_chimera/m/0000000a/dl-MlkitOcrCommon.optional_261136100800.apk has no usable artifacts
05-12 08:30:18.212  2024  2040 I artd    : GetBestInfo: /data/user_de/0/com.google.android.gms/app_chimera/m/00000008/dl-VisionOcr.optional_261136100000.apk has no usable artifacts
05-12 08:30:18.214  2024  2040 I artd    : GetBestInfo: /data/user_de/0/com.google.android.gms/app_chimera/m/0000000e/dl-PlayCloudSearch.optional_261631100000.apk has no usable artifacts
05-12 08:30:18.215  2024  2040 I artd    : GetBestInfo: /data/user_de/0/com.google.android.gms/app_chimera/m/00000010/dl-VisionOcr.optional_261631100000.apk has no usable artifacts
05-12 08:30:18.216  2024  2040 I artd    : GetBestInfo: /data/user_de/0/com.google.android.gms/app_chimera/m/00000012/dl-IdentityCredentialsPlatform.optional_261631100800.apk has no usable artifacts
05-12 08:30:18.218  2024  2040 I artd    : GetBestInfo: /data/user_de/0/com.google.android.gms/app_chimera/m/00000009/dl-TfliteDynamiteDynamite.integ_260580502100800.apk has no usable artifacts
05-12 08:30:18.220  2024  2040 I artd    : GetBestInfo: vdex next to the dex file (/data/user/0/com.google.android.gms/app_dg_cache/BBB8ADBA11F43674FC873CF50B06D4CFE87E958C/oat/x86_64/the.vdex) is kOatUpToDate with filter 'verify' executable 'false'
05-12 08:30:18.221  2024  2040 I artd    : GetBestInfo: /data/user_de/0/com.google.android.gms/app_chimera/m/0000000f/dl-MlkitBarcodeUi.optional_261631100800.apk has no usable artifacts
05-12 08:30:18.222  2024  2040 I artd    : GetBestInfo: /data/user_de/0/com.google.android.gms/app_chimera/m/00000007/MeasurementDynamite.apk has no usable artifacts
05-12 08:30:18.224  2024  2040 I artd    : GetBestInfo: /data/user_de/0/com.google.android.gms/app_chimera/m/0000000b/dl-PlayCloudSearch.optional_261136100000.apk has no usable artifacts
05-12 08:30:19.063   683   841 I HalDevMgr: bestIfaceCreationProposal is null, requestIface=STA, existingIface=[name=wlan0 type=STA]
05-12 08:30:19.092  1037 15725 D NetworkMonitor/102: PROBE_FALLBACK http://www.google.com/gen_204 Probe failed with exception java.net.UnknownHostException: Unable to resolve host "www.google.com": No address associated with hostname
05-12 08:30:19.092  1037 15726 D NetworkMonitor/102: PROBE_HTTPS https://www.google.com/generate_204 Probe failed with exception java.net.UnknownHostException: Unable to resolve host "www.google.com": No address associated with hostname
05-12 08:30:19.099  1037 15727 D NetworkMonitor/102: PROBE_HTTP http://connectivitycheck.gstatic.com/generate_204 Probe failed with exception java.net.UnknownHostException: Unable to resolve host "connectivitycheck.gstatic.com": No address associated with hostname
05-12 08:30:19.100  1037 15725 D NetworkMonitor/102: isCaptivePortal: isSuccessful()=false isPortal()=false RedirectUrl=null isPartialConnectivity()=false Time=20043ms
05-12 08:30:19.101   683   847 D ConnectivityService: [102 CELLULAR] validation failed
--------- beginning of system
05-12 08:30:19.102   683  1969 I Telecom : : isInEmergencyCall: false: TSI.iIEC@ANY
05-12 08:30:20.282   534   534 I adbd    : adbd service requested 'shell,v2,raw:am start -n com.techohns.moneymate/com.techohns.moneymate.MainActivity'
05-12 08:30:20.305   683  1969 W ActivityTaskManager: callingPackage for (uid=2000, pid=15774) has no WPC
05-12 08:30:20.306   683  1969 V GrammaticalInflectionUtils: AttributionSource: android.content.AttributionSource@786fb1e1 does not have READ_SYSTEM_GRAMMATICAL_GENDER permission.
05-12 08:30:20.308   683  1969 V WindowManager: Aborting Transition: 47
05-12 08:30:20.309   522  1211 I libbinder.BpBinder: onLastStrongRef automatically unlinking death recipients for binder (0x798fea4618f0) with descriptor: '(not cached)'
05-12 08:30:20.310   683  1969 V ActivityTaskManager: TaskLaunchParamsModifier: phase=3 task=Task{70b7f7f #23 type=standard A=10229:com.techohns.moneymate} activity=ActivityRecord{36099859 u0 com.techohns.moneymate/.MainActivity t-1} display-from-task=0 display-id=0 task-display-area-windowing-mode=1 suggested-display-area=DefaultTaskDisplayArea@174986774 inherit-from-task=fullscreen non-freeform-task-display-area display-area=DefaultTaskDisplayArea@174986774 skip-bounds-fullscreen
05-12 08:30:20.310   683  1969 I ActivityTaskManager: START u0 {flg=0x10000000 xflg=0x5 cmp=com.techohns.moneymate/.MainActivity} with LAUNCH_MULTIPLE from uid 2000 (com.android.shell) (BAL_ALLOW_PERMISSION) result code=3
05-12 08:30:20.311   949  2874 D KeyguardService: setOccluded(false)
05-12 08:30:20.311   949   991 D WindowManagerShell: onActivityRestartAttempt: topActivity=ComponentInfo{com.techohns.moneymate/com.techohns.moneymate.MainActivity}, wasVisible=true, displayId=0, pipDisplayLayoutState#displayId=0
05-12 08:30:20.312   949  2874 D KeyguardViewMediator: setOccluded(false)
05-12 08:30:20.312   949   949 D KeyguardViewMediator: handleSetOccluded(false)
05-12 08:30:20.313   949   949 D KeyguardViewMediator: KeyguardViewMediator queue processing message: SET_OCCLUDED
05-12 08:30:20.503  1037 15738 D NetworkMonitor/101: PROBE_FALLBACK http://play.googleapis.com/generate_204 Probe failed with exception java.net.UnknownHostException: Unable to resolve host "play.googleapis.com": No address associated with hostname
05-12 08:30:20.615  1103  1223 D SatelliteController: isInCarrierRoamingNbIotNtn: satellite is disabled
05-12 08:30:20.615  1103  1223 D SatelliteController: getCarrierRoamingNtnConnectType: Checking connect type from PLMN config for subId: 1
05-12 08:30:20.615  1103  1223 D TelephonyConfigUpdateInstallReceiver: getConfigParser: domain=satellite
05-12 08:30:20.615  1103  1223 V SatelliteController: satelliteConfigParser is not ready
05-12 08:30:20.615  1103  1223 D SatelliteController: isSatelliteAttachSupportedViaConfigupdater: return null (satelliteConfig is null)
05-12 08:30:20.616  1103  1223 D SatelliteController: getSatellitePerPlmnConfiguration: invalid subId or not supported via carrier.
05-12 08:30:20.616  1103  1223 D SatelliteController: getCarrierRoamingNtnConnectType: config: null
05-12 08:30:20.616  1103  1223 D TelephonyConfigUpdateInstallReceiver: getConfigParser: domain=satellite
05-12 08:30:20.616  1103  1223 V SatelliteController: satelliteConfigParser is not ready
05-12 08:30:20.616  1103  1223 D SatelliteController: getCarrierRoamingNtnConnectTypeViaConfigUpdater: return null (satelliteConfig is null)
05-12 08:30:20.616  1103  1223 D SatelliteController: getCarrierRoamingNtnConnectType: Falling back to global carrier config connect type: 0
05-12 08:30:20.616  1103  1223 D TelephonyConfigUpdateInstallReceiver: getConfigParser: domain=satellite
05-12 08:30:20.616  1103  1223 V SatelliteController: satelliteConfigParser is not ready
05-12 08:30:20.616  1103  1223 D SatelliteController: isSatelliteAttachSupportedViaConfigupdater: return null (satelliteConfig is null)
05-12 08:30:20.617  1103  1223 D SatelliteController: getCarrierRoamingNtnConnectType: Checking connect type from PLMN config for subId: 1
05-12 08:30:20.617  1103  1223 D TelephonyConfigUpdateInstallReceiver: getConfigParser: domain=satellite
05-12 08:30:20.617  1103  1223 V SatelliteController: satelliteConfigParser is not ready
05-12 08:30:20.617  1103  1223 D SatelliteController: isSatelliteAttachSupportedViaConfigupdater: return null (satelliteConfig is null)
05-12 08:30:20.617  1103  1223 D SatelliteController: getSatellitePerPlmnConfiguration: invalid subId or not supported via carrier.
05-12 08:30:20.617  1103  1223 D SatelliteController: getCarrierRoamingNtnConnectType: config: null
05-12 08:30:20.617  1103  1223 D TelephonyConfigUpdateInstallReceiver: getConfigParser: domain=satellite
05-12 08:30:20.617  1103  1223 V SatelliteController: satelliteConfigParser is not ready
05-12 08:30:20.617  1103  1223 D SatelliteController: getCarrierRoamingNtnConnectTypeViaConfigUpdater: return null (satelliteConfig is null)
05-12 08:30:20.617  1103  1223 D SatelliteController: getCarrierRoamingNtnConnectType: Falling back to global carrier config connect type: 0
05-12 08:30:20.617  1103  1223 D TelephonyConfigUpdateInstallReceiver: getConfigParser: domain=satellite
05-12 08:30:20.617  1103  1223 V SatelliteController: satelliteConfigParser is not ready
05-12 08:30:20.617  1103  1223 D SatelliteController: isSatelliteAttachSupportedViaConfigupdater: return null (satelliteConfig is null)
05-12 08:30:20.641   522   548 W skia    : AGTM parsing failed flags.readFromStream(s) at 159
05-12 08:30:22.072   683   841 I HalDevMgr: bestIfaceCreationProposal is null, requestIface=STA, existingIface=[name=wlan0 type=STA]
05-12 08:30:22.074  1037  1182 D IpClient/wlan0: interfaceLinkStateChanged: ifindex 16 up
05-12 08:30:22.078  1037  1182 D IpClient/wlan0: interfaceLinkStateChanged: ifindex 16 up
05-12 08:30:23.954   932   932 I wpa_supplicant: wlan0: CTRL-EVENT-BEACON-LOSS 
05-12 08:30:25.077   683   871 I AdbWifiNetworkMonitor: Wi-Fi network available
05-12 08:30:25.077   683   871 I AdbWifiNetworkMonitor: Received the same Wi-Fi SSID. Ignoring.
05-12 08:30:25.081   683   847 W libbinder.IPCThreadState: Sending oneway calls to frozen process.
05-12 08:30:25.081   683   847 W libbinder.IPCThreadState: Sending oneway calls to frozen process.
05-12 08:30:25.081   683   847 W libbinder.IPCThreadState: Sending oneway calls to frozen process.
05-12 08:30:25.081   683   841 I HalDevMgr: bestIfaceCreationProposal is null, requestIface=STA, existingIface=[name=wlan0 type=STA]
05-12 08:30:27.516  1037 15739 D NetworkMonitor/101: PROBE_HTTPS https://www.google.com/generate_204 Probe failed with exception java.net.UnknownHostException: Unable to resolve host "www.google.com": No address associated with hostname
05-12 08:30:27.516  1037 15740 D NetworkMonitor/101: PROBE_HTTP http://connectivitycheck.gstatic.com/generate_204 Probe failed with exception java.net.UnknownHostException: Unable to resolve host "connectivitycheck.gstatic.com": No address associated with hostname
05-12 08:30:27.517  1037 15738 D NetworkMonitor/101: isCaptivePortal: isSuccessful()=false isPortal()=false RedirectUrl=null isPartialConnectivity()=false Time=20036ms
05-12 08:30:27.518   683   847 D ConnectivityService: [101 WIFI] validation failed
05-12 08:30:27.518   683   841 I WifiClientModeImpl: WifiConnectivityDiagnosticsCallback onConnectivityReportAvailable
05-12 08:30:27.987   534   534 I adbd    : adbd service requested 'shell,v2,raw:dumpsys package com.google.android.gms'
05-12 08:30:28.100   683   841 I HalDevMgr: bestIfaceCreationProposal is null, requestIface=STA, existingIface=[name=wlan0 type=STA]
05-12 08:30:28.173  2024  2040 I artd    : GetBestInfo: odex next to the dex file (/data/app/~~plpyiufaiVAQyIpxIr0Cuw==/com.google.android.gms-wbGblO8WslDG31t9qeYnNw==/oat/x86_64/base.odex) is kOatUpToDate with filter 'speed-profile' executable 'false'
05-12 08:30:28.175  2024  2040 I artd    : GetBestInfo: dm (/data/app/~~plpyiufaiVAQyIpxIr0Cuw==/com.google.android.gms-wbGblO8WslDG31t9qeYnNw==/split_AdsDynamite_installtime.dm) is kOatUpToDate with filter 'verify' executable 'false'
05-12 08:30:28.177  2024  2040 I artd    : GetBestInfo: odex next to the dex file (/data/app/~~plpyiufaiVAQyIpxIr0Cuw==/com.google.android.gms-wbGblO8WslDG31t9qeYnNw==/oat/x86_64/split_CronetDynamite_installtime.odex) is kOatUpToDate with filter 'speed-profile' executable 'false'
05-12 08:30:28.178  2024  2040 I artd    : GetBestInfo: dm (/data/app/~~plpyiufaiVAQyIpxIr0Cuw==/com.google.android.gms-wbGblO8WslDG31t9qeYnNw==/split_DynamiteLoader_installtime.dm) is kOatUpToDate with filter 'verify' executable 'false'
05-12 08:30:28.180  2024  2040 I artd    : GetBestInfo: dm (/data/app/~~plpyiufaiVAQyIpxIr0Cuw==/com.google.android.gms-wbGblO8WslDG31t9qeYnNw==/split_DynamiteModulesA_installtime.dm) is kOatUpToDate with filter 'verify' executable 'false'
05-12 08:30:28.182  2024  2040 I artd    : GetBestInfo: dm (/data/app/~~plpyiufaiVAQyIpxIr0Cuw==/com.google.android.gms-wbGblO8WslDG31t9qeYnNw==/split_DynamiteModulesC_installtime.dm) is kOatUpToDate with filter 'verify' executable 'false'
05-12 08:30:28.183  2024  2040 I artd    : GetBestInfo: dm (/data/app/~~plpyiufaiVAQyIpxIr0Cuw==/com.google.android.gms-wbGblO8WslDG31t9qeYnNw==/split_GoogleCertificates_installtime.dm) is kOatUpToDate with filter 'verify' executable 'false'
05-12 08:30:28.185  2024  2040 I artd    : GetBestInfo: dm (/data/app/~~plpyiufaiVAQyIpxIr0Cuw==/com.google.android.gms-wbGblO8WslDG31t9qeYnNw==/split_MapsDynamite_installtime.dm) is kOatUpToDate with filter 'verify' executable 'false'
05-12 08:30:28.187  2024  2040 I artd    : GetBestInfo: dm (/data/app/~~plpyiufaiVAQyIpxIr0Cuw==/com.google.android.gms-wbGblO8WslDG31t9qeYnNw==/split_MeasurementDynamite_installtime.dm) is kOatUpToDate with filter 'verify' executable 'false'
05-12 08:30:28.188  2024  2040 I artd    : GetBestInfo: dm (/data/app/~~plpyiufaiVAQyIpxIr0Cuw==/com.google.android.gms-wbGblO8WslDG31t9qeYnNw==/split_all_locale_splits.dm) is kOatUpToDate with filter 'verify' executable 'false'
05-12 08:30:28.189  2024  2040 I artd    : GetBestInfo: /data/user_de/0/com.google.android.gms/app_chimera/m/00000011/dl-Appsearch.optional_261631100800.apk has no usable artifacts
05-12 08:30:28.190  2024  2040 I artd    : GetBestInfo: /data/user_de/0/com.google.android.gms/app_chimera/m/00000001/CronetDynamite.apk has no usable artifacts
05-12 08:30:28.191  2024  2040 I artd    : GetBestInfo: /data/user_de/0/com.google.android.gms/app_chimera/m/00000002/DynamiteLoader.apk has no usable artifacts
05-12 08:30:28.191  2024  2040 I artd    : GetBestInfo: /data/user_de/0/com.google.android.gms/app_chimera/m/00000005/GoogleCertificates.apk has no usable artifacts
05-12 08:30:28.192  2024  2040 I artd    : GetBestInfo: /data/user_de/0/com.google.android.gms/app_chimera/m/0000000c/dl-MlkitOcrCommon.optional_261631100800.apk has no usable artifacts
05-12 08:30:28.194  2024  2040 I artd    : GetBestInfo: /data/user_de/0/com.google.android.gms/app_chimera/m/0000000a/dl-MlkitOcrCommon.optional_261136100800.apk has no usable artifacts
05-12 08:30:28.196  2024  2040 I artd    : GetBestInfo: /data/user_de/0/com.google.android.gms/app_chimera/m/00000008/dl-VisionOcr.optional_261136100000.apk has no usable artifacts
05-12 08:30:28.197  2024  2040 I artd    : GetBestInfo: /data/user_de/0/com.google.android.gms/app_chimera/m/0000000e/dl-PlayCloudSearch.optional_261631100000.apk has no usable artifacts
05-12 08:30:28.199  2024  2040 I artd    : GetBestInfo: /data/user_de/0/com.google.android.gms/app_chimera/m/00000010/dl-VisionOcr.optional_261631100000.apk has no usable artifacts
05-12 08:30:28.200  2024  2040 I artd    : GetBestInfo: /data/user_de/0/com.google.android.gms/app_chimera/m/00000012/dl-IdentityCredentialsPlatform.optional_261631100800.apk has no usable artifacts
05-12 08:30:28.202  2024  2040 I artd    : GetBestInfo: /data/user_de/0/com.google.android.gms/app_chimera/m/00000009/dl-TfliteDynamiteDynamite.integ_260580502100800.apk has no usable artifacts
05-12 08:30:28.204  2024  2040 I artd    : GetBestInfo: vdex next to the dex file (/data/user/0/com.google.android.gms/app_dg_cache/BBB8ADBA11F43674FC873CF50B06D4CFE87E958C/oat/x86_64/the.vdex) is kOatUpToDate with filter 'verify' executable 'false'
05-12 08:30:28.205  2024  2040 I artd    : GetBestInfo: /data/user_de/0/com.google.android.gms/app_chimera/m/0000000f/dl-MlkitBarcodeUi.optional_261631100800.apk has no usable artifacts
05-12 08:30:28.206  2024  2040 I artd    : GetBestInfo: /data/user_de/0/com.google.android.gms/app_chimera/m/00000007/MeasurementDynamite.apk has no usable artifacts
05-12 08:30:28.208  2024  2040 I artd    : GetBestInfo: /data/user_de/0/com.google.android.gms/app_chimera/m/0000000b/dl-PlayCloudSearch.optional_261136100000.apk has no usable artifacts
05-12 08:30:30.615  1103  1223 D SatelliteController: isInCarrierRoamingNbIotNtn: satellite is disabled
05-12 08:30:30.615  1103  1223 D SatelliteController: getCarrierRoamingNtnConnectType: Checking connect type from PLMN config for subId: 1
05-12 08:30:30.615  1103  1223 D TelephonyConfigUpdateInstallReceiver: getConfigParser: domain=satellite
05-12 08:30:30.615  1103  1223 V SatelliteController: satelliteConfigParser is not ready
05-12 08:30:30.615  1103  1223 D SatelliteController: isSatelliteAttachSupportedViaConfigupdater: return null (satelliteConfig is null)
05-12 08:30:30.615  1103  1223 D SatelliteController: getSatellitePerPlmnConfiguration: invalid subId or not supported via carrier.
05-12 08:30:30.615  1103  1223 D SatelliteController: getCarrierRoamingNtnConnectType: config: null
05-12 08:30:30.615  1103  1223 D TelephonyConfigUpdateInstallReceiver: getConfigParser: domain=satellite
05-12 08:30:30.615  1103  1223 V SatelliteController: satelliteConfigParser is not ready
05-12 08:30:30.615  1103  1223 D SatelliteController: getCarrierRoamingNtnConnectTypeViaConfigUpdater: return null (satelliteConfig is null)
05-12 08:30:30.615  1103  1223 D SatelliteController: getCarrierRoamingNtnConnectType: Falling back to global carrier config connect type: 0
05-12 08:30:30.615  1103  1223 D TelephonyConfigUpdateInstallReceiver: getConfigParser: domain=satellite
05-12 08:30:30.615  1103  1223 V SatelliteController: satelliteConfigParser is not ready
05-12 08:30:30.615  1103  1223 D SatelliteController: isSatelliteAttachSupportedViaConfigupdater: return null (satelliteConfig is null)
05-12 08:30:30.616  1103  1223 D SatelliteController: getCarrierRoamingNtnConnectType: Checking connect type from PLMN config for subId: 1
05-12 08:30:30.616  1103  1223 D TelephonyConfigUpdateInstallReceiver: getConfigParser: domain=satellite
05-12 08:30:30.616  1103  1223 V SatelliteController: satelliteConfigParser is not ready
05-12 08:30:30.616  1103  1223 D SatelliteController: isSatelliteAttachSupportedViaConfigupdater: return null (satelliteConfig is null)
05-12 08:30:30.616  1103  1223 D SatelliteController: getSatellitePerPlmnConfiguration: invalid subId or not supported via carrier.
05-12 08:30:30.616  1103  1223 D SatelliteController: getCarrierRoamingNtnConnectType: config: null
05-12 08:30:30.616  1103  1223 D TelephonyConfigUpdateInstallReceiver: getConfigParser: domain=satellite
05-12 08:30:30.616  1103  1223 V SatelliteController: satelliteConfigParser is not ready
05-12 08:30:30.616  1103  1223 D SatelliteController: getCarrierRoamingNtnConnectTypeViaConfigUpdater: return null (satelliteConfig is null)
05-12 08:30:30.617  1103  1223 D SatelliteController: getCarrierRoamingNtnConnectType: Falling back to global carrier config connect type: 0
05-12 08:30:30.617  1103  1223 D TelephonyConfigUpdateInstallReceiver: getConfigParser: domain=satellite
05-12 08:30:30.617  1103  1223 V SatelliteController: satelliteConfigParser is not ready
05-12 08:30:30.617  1103  1223 D SatelliteController: isSatelliteAttachSupportedViaConfigupdater: return null (satelliteConfig is null)
05-12 08:30:31.110   683   841 I HalDevMgr: bestIfaceCreationProposal is null, requestIface=STA, existingIface=[name=wlan0 type=STA]
05-12 08:30:31.891   932   932 I wpa_supplicant: wlan0: CTRL-EVENT-BEACON-LOSS 
05-12 08:30:34.115   683   871 I AdbWifiNetworkMonitor: Wi-Fi network available
05-12 08:30:34.115   683   871 I AdbWifiNetworkMonitor: Received the same Wi-Fi SSID. Ignoring.
05-12 08:30:34.118   683   841 I HalDevMgr: bestIfaceCreationProposal is null, requestIface=STA, existingIface=[name=wlan0 type=STA]
05-12 08:30:34.120   683   847 W libbinder.IPCThreadState: Sending oneway calls to frozen process.
05-12 08:30:34.120   683   847 W libbinder.IPCThreadState: Sending oneway calls to frozen process.
05-12 08:30:34.120   683   847 W libbinder.IPCThreadState: Sending oneway calls to frozen process.
05-12 08:30:37.120  1037  1037 W DnsResolver: resNetworkResult:android.system.ErrnoException: resNetworkResult failed: ETIMEDOUT (Connection timed out)
05-12 08:30:37.120  1037  1037 W DnsResolver: resNetworkResult:android.system.ErrnoException: resNetworkResult failed: ETIMEDOUT (Connection timed out)
05-12 08:30:37.122  1037  1037 W DnsResolver: resNetworkResult:android.system.ErrnoException: resNetworkResult failed: ETIMEDOUT (Connection timed out)
05-12 08:30:37.122  1037  1037 W DnsResolver: resNetworkResult:android.system.ErrnoException: resNetworkResult failed: ETIMEDOUT (Connection timed out)
05-12 08:30:37.122  1037 15778 D NetworkMonitor/102: PROBE_DNS www.google.com 10018ms FAIL in type ADDRCONFIG android.net.DnsResolver$DnsException: android.system.ErrnoException: resNetworkResult failed: ETIMEDOUT (Connection timed out)
05-12 08:30:37.123  1037 15779 D NetworkMonitor/102: PROBE_DNS connectivitycheck.gstatic.com 10018ms FAIL in type ADDRCONFIG android.net.DnsResolver$DnsException: android.system.ErrnoException: resNetworkResult failed: ETIMEDOUT (Connection timed out)
05-12 08:30:37.126   683   841 I HalDevMgr: bestIfaceCreationProposal is null, requestIface=STA, existingIface=[name=wlan0 type=STA]
05-12 08:30:37.980   534   534 I adbd    : adbd service requested 'shell,v2,raw:dumpsys package com.google.android.gms'
05-12 08:30:38.194  2024  2041 I artd    : GetBestInfo: odex next to the dex file (/data/app/~~plpyiufaiVAQyIpxIr0Cuw==/com.google.android.gms-wbGblO8WslDG31t9qeYnNw==/oat/x86_64/base.odex) is kOatUpToDate with filter 'speed-profile' executable 'false'
05-12 08:30:38.196  2024  2041 I artd    : GetBestInfo: dm (/data/app/~~plpyiufaiVAQyIpxIr0Cuw==/com.google.android.gms-wbGblO8WslDG31t9qeYnNw==/split_AdsDynamite_installtime.dm) is kOatUpToDate with filter 'verify' executable 'false'
05-12 08:30:38.199  2024  2041 I artd    : GetBestInfo: odex next to the dex file (/data/app/~~plpyiufaiVAQyIpxIr0Cuw==/com.google.android.gms-wbGblO8WslDG31t9qeYnNw==/oat/x86_64/split_CronetDynamite_installtime.odex) is kOatUpToDate with filter 'speed-profile' executable 'false'
05-12 08:30:38.201  2024  2041 I artd    : GetBestInfo: dm (/data/app/~~plpyiufaiVAQyIpxIr0Cuw==/com.google.android.gms-wbGblO8WslDG31t9qeYnNw==/split_DynamiteLoader_installtime.dm) is kOatUpToDate with filter 'verify' executable 'false'
05-12 08:30:38.202  2024  2041 I artd    : GetBestInfo: dm (/data/app/~~plpyiufaiVAQyIpxIr0Cuw==/com.google.android.gms-wbGblO8WslDG31t9qeYnNw==/split_DynamiteModulesA_installtime.dm) is kOatUpToDate with filter 'verify' executable 'false'
05-12 08:30:38.204  2024  2041 I artd    : GetBestInfo: dm (/data/app/~~plpyiufaiVAQyIpxIr0Cuw==/com.google.android.gms-wbGblO8WslDG31t9qeYnNw==/split_DynamiteModulesC_installtime.dm) is kOatUpToDate with filter 'verify' executable 'false'
05-12 08:30:38.205  2024  2041 I artd    : GetBestInfo: dm (/data/app/~~plpyiufaiVAQyIpxIr0Cuw==/com.google.android.gms-wbGblO8WslDG31t9qeYnNw==/split_GoogleCertificates_installtime.dm) is kOatUpToDate with filter 'verify' executable 'false'
05-12 08:30:38.207  2024  2041 I artd    : GetBestInfo: dm (/data/app/~~plpyiufaiVAQyIpxIr0Cuw==/com.google.android.gms-wbGblO8WslDG31t9qeYnNw==/split_MapsDynamite_installtime.dm) is kOatUpToDate with filter 'verify' executable 'false'
05-12 08:30:38.208  2024  2041 I artd    : GetBestInfo: dm (/data/app/~~plpyiufaiVAQyIpxIr0Cuw==/com.google.android.gms-wbGblO8WslDG31t9qeYnNw==/split_MeasurementDynamite_installtime.dm) is kOatUpToDate with filter 'verify' executable 'false'
05-12 08:30:38.210  2024  2041 I artd    : GetBestInfo: dm (/data/app/~~plpyiufaiVAQyIpxIr0Cuw==/com.google.android.gms-wbGblO8WslDG31t9qeYnNw==/split_all_locale_splits.dm) is kOatUpToDate with filter 'verify' executable 'false'
05-12 08:30:38.211  2024  2041 I artd    : GetBestInfo: /data/user_de/0/com.google.android.gms/app_chimera/m/00000011/dl-Appsearch.optional_261631100800.apk has no usable artifacts
05-12 08:30:38.212  2024  2041 I artd    : GetBestInfo: /data/user_de/0/com.google.android.gms/app_chimera/m/00000001/CronetDynamite.apk has no usable artifacts
05-12 08:30:38.213  2024  2041 I artd    : GetBestInfo: /data/user_de/0/com.google.android.gms/app_chimera/m/00000002/DynamiteLoader.apk has no usable artifacts
05-12 08:30:38.213  2024  2041 I artd    : GetBestInfo: /data/user_de/0/com.google.android.gms/app_chimera/m/00000005/GoogleCertificates.apk has no usable artifacts
05-12 08:30:38.215  2024  2041 I artd    : GetBestInfo: /data/user_de/0/com.google.android.gms/app_chimera/m/0000000c/dl-MlkitOcrCommon.optional_261631100800.apk has no usable artifacts
05-12 08:30:38.217  2024  2041 I artd    : GetBestInfo: /data/user_de/0/com.google.android.gms/app_chimera/m/0000000a/dl-MlkitOcrCommon.optional_261136100800.apk has no usable artifacts
05-12 08:30:38.219  2024  2041 I artd    : GetBestInfo: /data/user_de/0/com.google.android.gms/app_chimera/m/00000008/dl-VisionOcr.optional_261136100000.apk has no usable artifacts
05-12 08:30:38.220  2024  2041 I artd    : GetBestInfo: /data/user_de/0/com.google.android.gms/app_chimera/m/0000000e/dl-PlayCloudSearch.optional_261631100000.apk has no usable artifacts
05-12 08:30:38.221  2024  2041 I artd    : GetBestInfo: /data/user_de/0/com.google.android.gms/app_chimera/m/00000010/dl-VisionOcr.optional_261631100000.apk has no usable artifacts
05-12 08:30:38.223  2024  2041 I artd    : GetBestInfo: /data/user_de/0/com.google.android.gms/app_chimera/m/00000012/dl-IdentityCredentialsPlatform.optional_261631100800.apk has no usable artifacts
05-12 08:30:38.224  2024  2041 I artd    : GetBestInfo: /data/user_de/0/com.google.android.gms/app_chimera/m/00000009/dl-TfliteDynamiteDynamite.integ_260580502100800.apk has no usable artifacts
05-12 08:30:38.226  2024  2041 I artd    : GetBestInfo: vdex next to the dex file (/data/user/0/com.google.android.gms/app_dg_cache/BBB8ADBA11F43674FC873CF50B06D4CFE87E958C/oat/x86_64/the.vdex) is kOatUpToDate with filter 'verify' executable 'false'
05-12 08:30:38.227  2024  2041 I artd    : GetBestInfo: /data/user_de/0/com.google.android.gms/app_chimera/m/0000000f/dl-MlkitBarcodeUi.optional_261631100800.apk has no usable artifacts
05-12 08:30:38.229  2024  2041 I artd    : GetBestInfo: /data/user_de/0/com.google.android.gms/app_chimera/m/00000007/MeasurementDynamite.apk has no usable artifacts
05-12 08:30:38.230  2024  2041 I artd    : GetBestInfo: /data/user_de/0/com.google.android.gms/app_chimera/m/0000000b/dl-PlayCloudSearch.optional_261136100000.apk has no usable artifacts
05-12 08:30:39.828   932   932 I wpa_supplicant: wlan0: CTRL-EVENT-BEACON-LOSS 
05-12 08:30:40.130   683   871 I AdbWifiNetworkMonitor: Wi-Fi network available
05-12 08:30:40.130   683   871 I AdbWifiNetworkMonitor: Received the same Wi-Fi SSID. Ignoring.
05-12 08:30:40.132   683   841 I HalDevMgr: bestIfaceCreationProposal is null, requestIface=STA, existingIface=[name=wlan0 type=STA]
05-12 08:30:40.135   683   847 W libbinder.IPCThreadState: Sending oneway calls to frozen process.
05-12 08:30:40.135   683   847 W libbinder.IPCThreadState: Sending oneway calls to frozen process.
05-12 08:30:40.136   683   847 W libbinder.IPCThreadState: Sending oneway calls to frozen process.
05-12 08:30:40.615  1103  1223 D SatelliteController: isInCarrierRoamingNbIotNtn: satellite is disabled
05-12 08:30:40.615  1103  1223 D SatelliteController: getCarrierRoamingNtnConnectType: Checking connect type from PLMN config for subId: 1
05-12 08:30:40.615  1103  1223 D TelephonyConfigUpdateInstallReceiver: getConfigParser: domain=satellite
05-12 08:30:40.615  1103  1223 V SatelliteController: satelliteConfigParser is not ready
05-12 08:30:40.615  1103  1223 D SatelliteController: isSatelliteAttachSupportedViaConfigupdater: return null (satelliteConfig is null)
05-12 08:30:40.615  1103  1223 D SatelliteController: getSatellitePerPlmnConfiguration: invalid subId or not supported via carrier.
05-12 08:30:40.616  1103  1223 D SatelliteController: getCarrierRoamingNtnConnectType: config: null
05-12 08:30:40.616  1103  1223 D TelephonyConfigUpdateInstallReceiver: getConfigParser: domain=satellite
05-12 08:30:40.616  1103  1223 V SatelliteController: satelliteConfigParser is not ready
05-12 08:30:40.616  1103  1223 D SatelliteController: getCarrierRoamingNtnConnectTypeViaConfigUpdater: return null (satelliteConfig is null)
05-12 08:30:40.616  1103  1223 D SatelliteController: getCarrierRoamingNtnConnectType: Falling back to global carrier config connect type: 0
05-12 08:30:40.616  1103  1223 D TelephonyConfigUpdateInstallReceiver: getConfigParser: domain=satellite
05-12 08:30:40.616  1103  1223 V SatelliteController: satelliteConfigParser is not ready
05-12 08:30:40.616  1103  1223 D SatelliteController: isSatelliteAttachSupportedViaConfigupdater: return null (satelliteConfig is null)
05-12 08:30:40.616  1103  1223 D SatelliteController: getCarrierRoamingNtnConnectType: Checking connect type from PLMN config for subId: 1
05-12 08:30:40.616  1103  1223 D TelephonyConfigUpdateInstallReceiver: getConfigParser: domain=satellite
05-12 08:30:40.616  1103  1223 V SatelliteController: satelliteConfigParser is not ready
05-12 08:30:40.617  1103  1223 D SatelliteController: isSatelliteAttachSupportedViaConfigupdater: return null (satelliteConfig is null)
05-12 08:30:40.617  1103  1223 D SatelliteController: getSatellitePerPlmnConfiguration: invalid subId or not supported via carrier.
05-12 08:30:40.617  1103  1223 D SatelliteController: getCarrierRoamingNtnConnectType: config: null
05-12 08:30:40.617  1103  1223 D TelephonyConfigUpdateInstallReceiver: getConfigParser: domain=satellite
05-12 08:30:40.617  1103  1223 V SatelliteController: satelliteConfigParser is not ready
05-12 08:30:40.617  1103  1223 D SatelliteController: getCarrierRoamingNtnConnectTypeViaConfigUpdater: return null (satelliteConfig is null)
05-12 08:30:40.617  1103  1223 D SatelliteController: getCarrierRoamingNtnConnectType: Falling back to global carrier config connect type: 0
05-12 08:30:40.617  1103  1223 D TelephonyConfigUpdateInstallReceiver: getConfigParser: domain=satellite
05-12 08:30:40.617  1103  1223 V SatelliteController: satelliteConfigParser is not ready
05-12 08:30:40.617  1103  1223 D SatelliteController: isSatelliteAttachSupportedViaConfigupdater: return null (satelliteConfig is null)
05-12 08:30:43.140   683   841 I HalDevMgr: bestIfaceCreationProposal is null, requestIface=STA, existingIface=[name=wlan0 type=STA]
05-12 08:30:46.149   683   841 I HalDevMgr: bestIfaceCreationProposal is null, requestIface=STA, existingIface=[name=wlan0 type=STA]
05-12 08:30:47.137  1037 15778 D NetworkMonitor/102: PROBE_HTTPS https://www.google.com/generate_204 Probe failed with exception java.net.UnknownHostException: Unable to resolve host "www.google.com": No address associated with hostname
05-12 08:30:47.137  1037 15777 D NetworkMonitor/102: PROBE_FALLBACK http://www.google.com/gen_204 Probe failed with exception java.net.UnknownHostException: Unable to resolve host "www.google.com": No address associated with hostname
05-12 08:30:47.139  1037 15779 D NetworkMonitor/102: PROBE_HTTP http://connectivitycheck.gstatic.com/generate_204 Probe failed with exception java.net.UnknownHostException: Unable to resolve host "connectivitycheck.gstatic.com": No address associated with hostname
05-12 08:30:47.139  1037 15777 D NetworkMonitor/102: isCaptivePortal: isSuccessful()=false isPortal()=false RedirectUrl=null isPartialConnectivity()=false Time=20036ms
05-12 08:30:47.140   683   847 D ConnectivityService: [102 CELLULAR] validation failed
05-12 08:30:47.141   683  1477 I Telecom : : isInEmergencyCall: false: TSI.iIEC@ANc
05-12 08:30:47.143   683  1477 I Telecom : : isInEmergencyCall: false: TSI.iIEC@ANg
05-12 08:30:47.147   683  1477 I Telecom : : isInEmergencyCall: false: TSI.iIEC@ANk
05-12 08:30:47.980   534   534 I adbd    : adbd service requested 'shell,v2,raw:dumpsys package com.google.android.gms'
05-12 08:30:48.020   932   932 I wpa_supplicant: wlan0: CTRL-EVENT-BEACON-LOSS 
05-12 08:30:48.164  2024  2040 I artd    : GetBestInfo: odex next to the dex file (/data/app/~~plpyiufaiVAQyIpxIr0Cuw==/com.google.android.gms-wbGblO8WslDG31t9qeYnNw==/oat/x86_64/base.odex) is kOatUpToDate with filter 'speed-profile' executable 'false'
05-12 08:30:48.165  2024  2040 I artd    : GetBestInfo: dm (/data/app/~~plpyiufaiVAQyIpxIr0Cuw==/com.google.android.gms-wbGblO8WslDG31t9qeYnNw==/split_AdsDynamite_installtime.dm) is kOatUpToDate with filter 'verify' executable 'false'
05-12 08:30:48.167  2024  2040 I artd    : GetBestInfo: odex next to the dex file (/data/app/~~plpyiufaiVAQyIpxIr0Cuw==/com.google.android.gms-wbGblO8WslDG31t9qeYnNw==/oat/x86_64/split_CronetDynamite_installtime.odex) is kOatUpToDate with filter 'speed-profile' executable 'false'
05-12 08:30:48.168  2024  2040 I artd    : GetBestInfo: dm (/data/app/~~plpyiufaiVAQyIpxIr0Cuw==/com.google.android.gms-wbGblO8WslDG31t9qeYnNw==/split_DynamiteLoader_installtime.dm) is kOatUpToDate with filter 'verify' executable 'false'
05-12 08:30:48.170  2024  2040 I artd    : GetBestInfo: dm (/data/app/~~plpyiufaiVAQyIpxIr0Cuw==/com.google.android.gms-wbGblO8WslDG31t9qeYnNw==/split_DynamiteModulesA_installtime.dm) is kOatUpToDate with filter 'verify' executable 'false'
05-12 08:30:48.171  2024  2040 I artd    : GetBestInfo: dm (/data/app/~~plpyiufaiVAQyIpxIr0Cuw==/com.google.android.gms-wbGblO8WslDG31t9qeYnNw==/split_DynamiteModulesC_installtime.dm) is kOatUpToDate with filter 'verify' executable 'false'
05-12 08:30:48.173  2024  2040 I artd    : GetBestInfo: dm (/data/app/~~plpyiufaiVAQyIpxIr0Cuw==/com.google.android.gms-wbGblO8WslDG31t9qeYnNw==/split_GoogleCertificates_installtime.dm) is kOatUpToDate with filter 'verify' executable 'false'
05-12 08:30:48.174  2024  2040 I artd    : GetBestInfo: dm (/data/app/~~plpyiufaiVAQyIpxIr0Cuw==/com.google.android.gms-wbGblO8WslDG31t9qeYnNw==/split_MapsDynamite_installtime.dm) is kOatUpToDate with filter 'verify' executable 'false'
05-12 08:30:48.175  2024  2040 I artd    : GetBestInfo: dm (/data/app/~~plpyiufaiVAQyIpxIr0Cuw==/com.google.android.gms-wbGblO8WslDG31t9qeYnNw==/split_MeasurementDynamite_installtime.dm) is kOatUpToDate with filter 'verify' executable 'false'
05-12 08:30:48.177  2024  2040 I artd    : GetBestInfo: dm (/data/app/~~plpyiufaiVAQyIpxIr0Cuw==/com.google.android.gms-wbGblO8WslDG31t9qeYnNw==/split_all_locale_splits.dm) is kOatUpToDate with filter 'verify' executable 'false'
05-12 08:30:48.178  2024  2040 I artd    : GetBestInfo: /data/user_de/0/com.google.android.gms/app_chimera/m/00000011/dl-Appsearch.optional_261631100800.apk has no usable artifacts
05-12 08:30:48.178  2024  2040 I artd    : GetBestInfo: /data/user_de/0/com.google.android.gms/app_chimera/m/00000001/CronetDynamite.apk has no usable artifacts
05-12 08:30:48.179  2024  2040 I artd    : GetBestInfo: /data/user_de/0/com.google.android.gms/app_chimera/m/00000002/DynamiteLoader.apk has no usable artifacts
05-12 08:30:48.179  2024  2040 I artd    : GetBestInfo: /data/user_de/0/com.google.android.gms/app_chimera/m/00000005/GoogleCertificates.apk has no usable artifacts
05-12 08:30:48.181  2024  2040 I artd    : GetBestInfo: /data/user_de/0/com.google.android.gms/app_chimera/m/0000000c/dl-MlkitOcrCommon.optional_261631100800.apk has no usable artifacts
05-12 08:30:48.183  2024  2040 I artd    : GetBestInfo: /data/user_de/0/com.google.android.gms/app_chimera/m/0000000a/dl-MlkitOcrCommon.optional_261136100800.apk has no usable artifacts
05-12 08:30:48.184  2024  2040 I artd    : GetBestInfo: /data/user_de/0/com.google.android.gms/app_chimera/m/00000008/dl-VisionOcr.optional_261136100000.apk has no usable artifacts
05-12 08:30:48.186  2024  2040 I artd    : GetBestInfo: /data/user_de/0/com.google.android.gms/app_chimera/m/0000000e/dl-PlayCloudSearch.optional_261631100000.apk has no usable artifacts
05-12 08:30:48.187  2024  2040 I artd    : GetBestInfo: /data/user_de/0/com.google.android.gms/app_chimera/m/00000010/dl-VisionOcr.optional_261631100000.apk has no usable artifacts
05-12 08:30:48.188  2024  2040 I artd    : GetBestInfo: /data/user_de/0/com.google.android.gms/app_chimera/m/00000012/dl-IdentityCredentialsPlatform.optional_261631100800.apk has no usable artifacts
05-12 08:30:48.189  2024  2040 I artd    : GetBestInfo: /data/user_de/0/com.google.android.gms/app_chimera/m/00000009/dl-TfliteDynamiteDynamite.integ_260580502100800.apk has no usable artifacts
05-12 08:30:48.191  2024  2040 I artd    : GetBestInfo: vdex next to the dex file (/data/user/0/com.google.android.gms/app_dg_cache/BBB8ADBA11F43674FC873CF50B06D4CFE87E958C/oat/x86_64/the.vdex) is kOatUpToDate with filter 'verify' executable 'false'
05-12 08:30:48.192  2024  2040 I artd    : GetBestInfo: /data/user_de/0/com.google.android.gms/app_chimera/m/0000000f/dl-MlkitBarcodeUi.optional_261631100800.apk has no usable artifacts
05-12 08:30:48.193  2024  2040 I artd    : GetBestInfo: /data/user_de/0/com.google.android.gms/app_chimera/m/00000007/MeasurementDynamite.apk has no usable artifacts
05-12 08:30:48.195  2024  2040 I artd    : GetBestInfo: /data/user_de/0/com.google.android.gms/app_chimera/m/0000000b/dl-PlayCloudSearch.optional_261136100000.apk has no usable artifacts
05-12 08:30:49.155   683   871 I AdbWifiNetworkMonitor: Wi-Fi network available
05-12 08:30:49.155   683   871 I AdbWifiNetworkMonitor: Received the same Wi-Fi SSID. Ignoring.
05-12 08:30:49.157   683   847 W libbinder.IPCThreadState: Sending oneway calls to frozen process.
05-12 08:30:49.158   683   847 W libbinder.IPCThreadState: Sending oneway calls to frozen process.
05-12 08:30:49.158   683   847 W libbinder.IPCThreadState: Sending oneway calls to frozen process.
05-12 08:30:49.158   683   841 I HalDevMgr: bestIfaceCreationProposal is null, requestIface=STA, existingIface=[name=wlan0 type=STA]
05-12 08:30:50.616  1103  1223 D SatelliteController: isInCarrierRoamingNbIotNtn: satellite is disabled
05-12 08:30:50.616  1103  1223 D SatelliteController: getCarrierRoamingNtnConnectType: Checking connect type from PLMN config for subId: 1
05-12 08:30:50.616  1103  1223 D TelephonyConfigUpdateInstallReceiver: getConfigParser: domain=satellite
05-12 08:30:50.616  1103  1223 V SatelliteController: satelliteConfigParser is not ready
05-12 08:30:50.616  1103  1223 D SatelliteController: isSatelliteAttachSupportedViaConfigupdater: return null (satelliteConfig is null)
05-12 08:30:50.616  1103  1223 D SatelliteController: getSatellitePerPlmnConfiguration: invalid subId or not supported via carrier.
05-12 08:30:50.616  1103  1223 D SatelliteController: getCarrierRoamingNtnConnectType: config: null
05-12 08:30:50.616  1103  1223 D TelephonyConfigUpdateInstallReceiver: getConfigParser: domain=satellite
05-12 08:30:50.617  1103  1223 V SatelliteController: satelliteConfigParser is not ready
05-12 08:30:50.617  1103  1223 D SatelliteController: getCarrierRoamingNtnConnectTypeViaConfigUpdater: return null (satelliteConfig is null)
05-12 08:30:50.617  1103  1223 D SatelliteController: getCarrierRoamingNtnConnectType: Falling back to global carrier config connect type: 0
05-12 08:30:50.617  1103  1223 D TelephonyConfigUpdateInstallReceiver: getConfigParser: domain=satellite
05-12 08:30:50.617  1103  1223 V SatelliteController: satelliteConfigParser is not ready
05-12 08:30:50.617  1103  1223 D SatelliteController: isSatelliteAttachSupportedViaConfigupdater: return null (satelliteConfig is null)
05-12 08:30:50.617  1103  1223 D SatelliteController: getCarrierRoamingNtnConnectType: Checking connect type from PLMN config for subId: 1
05-12 08:30:50.617  1103  1223 D TelephonyConfigUpdateInstallReceiver: getConfigParser: domain=satellite
05-12 08:30:50.617  1103  1223 V SatelliteController: satelliteConfigParser is not ready
05-12 08:30:50.617  1103  1223 D SatelliteController: isSatelliteAttachSupportedViaConfigupdater: return null (satelliteConfig is null)
05-12 08:30:50.617  1103  1223 D SatelliteController: getSatellitePerPlmnConfiguration: invalid subId or not supported via carrier.
05-12 08:30:50.617  1103  1223 D SatelliteController: getCarrierRoamingNtnConnectType: config: null
05-12 08:30:50.617  1103  1223 D TelephonyConfigUpdateInstallReceiver: getConfigParser: domain=satellite
05-12 08:30:50.617  1103  1223 V SatelliteController: satelliteConfigParser is not ready
05-12 08:30:50.617  1103  1223 D SatelliteController: getCarrierRoamingNtnConnectTypeViaConfigUpdater: return null (satelliteConfig is null)
05-12 08:30:50.617  1103  1223 D SatelliteController: getCarrierRoamingNtnConnectType: Falling back to global carrier config connect type: 0
05-12 08:30:50.617  1103  1223 D TelephonyConfigUpdateInstallReceiver: getConfigParser: domain=satellite
05-12 08:30:50.617  1103  1223 V SatelliteController: satelliteConfigParser is not ready
05-12 08:30:50.617  1103  1223 D SatelliteController: isSatelliteAttachSupportedViaConfigupdater: return null (satelliteConfig is null)
05-12 08:30:52.167   683   841 I HalDevMgr: bestIfaceCreationProposal is null, requestIface=STA, existingIface=[name=wlan0 type=STA]
05-12 08:30:55.172   683   841 I HalDevMgr: bestIfaceCreationProposal is null, requestIface=STA, existingIface=[name=wlan0 type=STA]
05-12 08:30:55.957   932   932 I wpa_supplicant: wlan0: CTRL-EVENT-BEACON-LOSS 
05-12 08:30:57.342   534   534 I adbd    : adbd service requested 'shell,v2,raw:am force-stop com.techohns.moneymate'
05-12 08:30:57.364   683  1316 I ActivityManager: Force stopping com.techohns.moneymate appid=10229 user=0: from pid 15811
05-12 08:30:57.365   683  1316 I ActivityManager: Killing 15597:com.techohns.moneymate/u0a229 (adj 0): stop com.techohns.moneymate due to from pid 15811
05-12 08:30:57.367   683   847 D InetDiagMessage: Destroyed 0 sockets, proto=IPPROTO_TCP, family=AF_INET, states=14
05-12 08:30:57.367   683   847 D InetDiagMessage: Destroyed 0 sockets, proto=IPPROTO_TCP, family=AF_INET6, states=14
05-12 08:30:57.367   683   847 D InetDiagMessage: Destroyed live tcp sockets for uids={10229} in 1ms
05-12 08:30:57.368   683   847 D InetDiagMessage: Destroyed 0 sockets, proto=IPPROTO_TCP, family=AF_INET, states=14
05-12 08:30:57.368   683   847 D InetDiagMessage: Destroyed 0 sockets, proto=IPPROTO_TCP, family=AF_INET6, states=14
05-12 08:30:57.368   683   847 D InetDiagMessage: Destroyed live tcp sockets for uids={20229} in 1ms
05-12 08:30:57.368   683  1316 W ActivityTaskManager: Force removing ActivityRecord{114395294 u0 com.techohns.moneymate/.MainActivity t23 f}}: app died, no saved state
05-12 08:30:57.369   949   991 V WindowManagerShell: Transition requested (#48): android.os.BinderProxy@d568f08 TransitionRequestInfo { type = CLOSE, triggerTask = TaskInfo{userId=0 taskId=23 effectiveUid=10229 displayId=0 isRunning=false baseIntent=Intent { flg=0x10000000 cmp=com.techohns.moneymate/.MainActivity } baseActivity=null topActivity=null origActivity=null realActivity=ComponentInfo{com.techohns.moneymate/com.techohns.moneymate.MainActivity} realActivityIsAppLockEnabled=false numActivities=0 lastActiveTime=17395852 supportsMultiWindow=true supportsMultiWindowWithoutConstraints=true resizeMode=1 isResizeable=true minWidth=-1 minHeight=-1 defaultMinSize=220 token=WCT{android.os.BinderProxy@a1fa27e} topActivityType=1 pictureInPictureParams=null shouldDockBigOverlays=false launchIntoPipHostTaskId=-1 lastParentTaskIdBeforePip=-1 displayCutoutSafeInsets=Rect(0, 0 - 0, 0) topActivityInfo=null launchCookies=[] positionInParent=Point(0, 0) parentTaskId=-1 isFocused=true isInteractive=true isVisible=true isVisibleRequested=true isTopActivityNoDisplay=false isSleeping=false locusId=null displayAreaFeatureId=1 isTopActivityTransparent=false isActivityStackTransparent=true lastNonFullscreenBounds=null leafTaskBoundsFromOptions= false capturedLink=null capturedLinkTimestamp=0 requestedVisibleTypes=503 topActivityRequestOpenInBrowserEducationTimestamp=0 appCompatTaskInfo=AppCompatTaskInfo { topActivityInSizeCompat=false isLeafTask= true eligibleForLetterboxEducation= false isLetterboxEducationEnabled= false isLetterboxDoubleTapEnabled= false eligibleForUserAspectRatioButton= false topActivityBoundsLetterboxed= false isFromLetterboxDoubleTap= false topActivityLetterboxVerticalPosition= -1 topActivityLetterboxHorizontalPosition= -1 topActivityLetterboxWidth=-1 topActivityLetterboxHeight=-1 topActivityAppBounds=Rect(0, 0 - 0, 0) isUserFullscreenOverrideEnabled=false isSystemFullscreenOverrideEnabled=false hasMinAspectRatioOverride=false topActivityLetterboxBounds=null topNonResizableActivityAspectRatio=-1.0} topActivityMainWindowFrame=null isAppBubble=false}, pipChange = null, remoteTransitionInfo = null, displayChanges = null, requestedLocation = null, userChange = null, windowingLayerChange = null, fullscreenRequestChange = null, flags = 0, debugId = 48 }
05-12 08:30:57.369   949   991 W DisconnectHandler: No disconnect change found in the transition, not handling request.
